[TM INFO] mmap shim library loaded
3500000000 updates per thread (4 threads)
field of 2^31 (2147483648) bytes
8 byte element size (268435456 elements total)
[TM INFO] Initializing tiered memory manager...
[TM INFO] TELEMETRY-ONLY mode: uffd paging + migrations disabled, PEBS tracking active
[TM INFO] Initialized tiers: DRAM=4GB, NVM=16GB
[TM INFO] UFFD write-protect tracking: enabled
[TM INFO] Userfaultfd initialized (fd=3)
[TM INFO] Initializing PEBS subsystem...
[TM INFO] Track admission threshold: 10 samples before a page enters the stats table
[TM INFO] PEBS: opening events on 144 CPUs (loads + stores)
[TM INFO] PEBS initialized successfully
[TM INFO] Starting PEBS sampling...
[TM INFO] PEBS sampling started
[TM INFO] PEBS hardware sampling enabled
[TM INFO] PEBS collector thread started
[TM INFO] UFFD handler thread started
[TM INFO] UFFD handler thread running
[TM INFO] CSV output: ml_dataset_gups_move_lat_c200.csv
[TM INFO] Policy thread started
[TM INFO] Tiered memory manager initialized successfully
[TM INFO] Policy thread running (interval=10ms)
[TM INFO] Signal export cadence: 20 cycles (200 ms nominal)
[TM INFO] Registered region: 0x7f9b50cd3000 + 2147483648 bytes (slot 0)
[TM INFO] Managed mmap region: 0x7f9b50cd3000 + 2147483648
Init took 0.8223 seconds
Region address: 0x7f9b50cd3000 - 0x7f9bd0cd3000	 size: 2147483648
Elements per thread: 67108864
Initialization time: 0.8223 seconds.
LDOS_GEOMETRY region_base=0x7f9b50cd3000 region_size=2147483648 slice_bytes=536870912 hot_bytes=131072 threads=4 elt_size=8
Timing.
[TM INFO] Cycle 100: pages=92 faults=0 migrations=0 pebs[samples=726377 r=708347 w=18030 throttle=342 err=0]
[TM INFO] Cycle 200: pages=128 faults=0 migrations=0 pebs[samples=1663666 r=1615189 w=48477 throttle=342 err=0]
[TM INFO] Cycle 300: pages=128 faults=0 migrations=0 pebs[samples=2677729 r=2599856 w=77873 throttle=344 err=0]
[TM INFO] Cycle 400: pages=128 faults=0 migrations=0 pebs[samples=3739849 r=3623857 w=115992 throttle=426 err=0]
[TM INFO] Cycle 500: pages=128 faults=0 migrations=0 pebs[samples=4836388 r=4683242 w=153146 throttle=530 err=0]
[TM INFO] Cycle 600: pages=128 faults=0 migrations=0 pebs[samples=5986781 r=5787743 w=199038 throttle=636 err=0]
[TM INFO] Cycle 700: pages=128 faults=0 migrations=0 pebs[samples=7174604 r=6919294 w=255310 throttle=778 err=0]
[TM INFO] Cycle 800: pages=128 faults=0 migrations=0 pebs[samples=8388334 r=8082337 w=305997 throttle=1092 err=0]
[TM INFO] Cycle 900: pages=128 faults=0 migrations=0 pebs[samples=9641872 r=9278542 w=363331 throttle=1468 err=0]
[TM INFO] Cycle 1000: pages=128 faults=0 migrations=0 pebs[samples=10933311 r=10516166 w=417146 throttle=2048 err=0]
[TM INFO] Cycle 1100: pages=128 faults=0 migrations=0 pebs[samples=12262257 r=11789810 w=472448 throttle=2861 err=0]
[TM INFO] Cycle 1200: pages=128 faults=0 migrations=0 pebs[samples=13638050 r=13111014 w=527036 throttle=3752 err=0]
[TM INFO] Cycle 1300: pages=128 faults=0 migrations=0 pebs[samples=15065239 r=14479915 w=585325 throttle=4728 err=0]
[TM INFO] Cycle 1400: pages=128 faults=0 migrations=0 pebs[samples=16583983 r=15935499 w=648484 throttle=5615 err=0]
[TM INFO] Cycle 1500: pages=128 faults=0 migrations=0 pebs[samples=18199108 r=17484740 w=714369 throttle=6342 err=0]
[TM INFO] Cycle 1600: pages=129 faults=0 migrations=0 pebs[samples=19884113 r=19112345 w=771768 throttle=7078 err=0]
[TM INFO] Cycle 1700: pages=129 faults=0 migrations=0 pebs[samples=21640273 r=20807265 w=833008 throttle=7836 err=0]
[TM INFO] Cycle 1800: pages=130 faults=0 migrations=0 pebs[samples=23454244 r=22556678 w=897566 throttle=8438 err=0]
[TM INFO] Cycle 1900: pages=132 faults=0 migrations=0 pebs[samples=25326172 r=24366734 w=959438 throttle=8799 err=0]
LDOS_GROUNDTRUTH move_ns=28842753062991 region_base=0x7f9b50cd3000 region_size=2147483648 slice_bytes=536870912 hot_bytes=131072 tic=60
[TM INFO] Cycle 2000: pages=166 faults=0 migrations=0 pebs[samples=27169400 r=26149785 w=1019616 throttle=9026 err=0]
[TM INFO] Cycle 2100: pages=174 faults=0 migrations=0 pebs[samples=28971974 r=27883343 w=1088631 throttle=9192 err=0]
[TM INFO] Cycle 2200: pages=184 faults=0 migrations=0 pebs[samples=30835273 r=29674380 w=1160893 throttle=9350 err=0]
[TM INFO] Cycle 2300: pages=201 faults=0 migrations=0 pebs[samples=32712625 r=31480421 w=1232204 throttle=9508 err=0]
[TM INFO] Cycle 2400: pages=230 faults=0 migrations=0 pebs[samples=34633313 r=33330406 w=1302907 throttle=9668 err=0]
[TM INFO] Cycle 2500: pages=285 faults=0 migrations=0 pebs[samples=36597943 r=35227964 w=1369980 throttle=9842 err=0]
[TM INFO] Cycle 2600: pages=350 faults=0 migrations=0 pebs[samples=38584764 r=37141517 w=1443248 throttle=9986 err=0]
[TM INFO] Cycle 2700: pages=439 faults=0 migrations=0 pebs[samples=40554817 r=39029324 w=1525494 throttle=10142 err=0]
[TM INFO] Cycle 2800: pages=566 faults=0 migrations=0 pebs[samples=42581108 r=40979219 w=1601889 throttle=10287 err=0]
before_accesses: 904064327
before_accesses: 897745237
before_accesses: 895200338
[TM INFO] Cycle 2900: pages=722 faults=0 migrations=0 pebs[samples=44469221 r=42779597 w=1689624 throttle=10578 err=0]
before_accesses: 892359648
[TM INFO] Unregistered region: 0x7f9b50cd3000
[TM INFO] Shutting down tiered memory manager...
[TM INFO] Policy thread exiting
[TM INFO] Policy thread stopped
[TM INFO] UFFD handler thread exiting
[TM INFO] UFFD handler thread stopped
[TM INFO] PEBS totals: samples=44483252 reads=42793129 writes=1690123 throttles=10593 errors=0
[TM INFO] Shutting down PEBS...
[TM INFO] Stopping PEBS sampling...
[TM INFO] PEBS collector thread stopped
[TM INFO] PEBS sampling stopped
[TM INFO] PEBS shutdown complete
[TM INFO] Final stats: faults=0, migrations=0, cycles=2917
[TM INFO] Userfaultfd cleaned up
[TM INFO] Page statistics cleaned up
[TM INFO] Shutdown complete
[TM INFO] mmap shim library unloaded
