[TM INFO] mmap shim library loaded
3500000000 updates per thread (4 threads)
field of 2^31 (2147483648) bytes
8 byte element size (268435456 elements total)
[TM INFO] Initializing tiered memory manager...
[TM INFO] TELEMETRY-ONLY mode: uffd paging + migrations disabled, PEBS tracking active
[TM INFO] Initialized tiers: DRAM=4GB, NVM=16GB
[TM INFO] UFFD write-protect tracking: enabled
[TM INFO] Userfaultfd initialized (fd=3)
[TM INFO] Initializing PEBS subsystem...
[TM INFO] Track admission threshold: 10 samples before a page enters the stats table
[TM INFO] PEBS: opening events on 144 CPUs (loads + stores)
[TM INFO] PEBS event 0x81d0: precise_ip requested 2, granted 2
[TM INFO] PEBS event 0x82d0: precise_ip requested 1, granted 1
[TM INFO] PEBS initialized successfully
[TM INFO] Starting PEBS sampling...
[TM INFO] PEBS sampling started
[TM INFO] PEBS hardware sampling enabled
[TM INFO] PEBS collector thread started
[TM INFO] UFFD handler thread started
[TM INFO] UFFD handler thread running
[TM INFO] CSV output: ml_dataset_gups_move_c200.csv
[TM INFO] Write-touch channel: soft-dirty, one window every 20 policy cycles
[TM INFO] Policy thread started
[TM INFO] Tiered memory manager initialized successfully
[TM INFO] Policy thread running (interval=10ms)
[TM INFO] Signal export cadence: 20 cycles (200 ms nominal)
[TM INFO] Registered region: 0x7f40cec87000 + 2147483648 bytes (slot 0)
[TM INFO] Managed mmap region: 0x7f40cec87000 + 2147483648
Init took 0.8125 seconds
Region address: 0x7f40cec87000 - 0x7f414ec87000	 size: 2147483648
Elements per thread: 67108864
Initialization time: 0.8125 seconds.
LDOS_GEOMETRY region_base=0x7f40cec87000 region_size=2147483648 slice_bytes=536870912 hot_bytes=131072 threads=4 elt_size=8
Timing.
[TM INFO] Cycle 100: pages=58 faults=0 migrations=0 pebs[samples=634904 r=552812 w=82092 throttle=351 err=0 lost=0]
[TM INFO] Cycle 200: pages=128 faults=0 migrations=0 pebs[samples=1399091 r=1236039 w=163052 throttle=359 err=0 lost=0]
[TM INFO] Cycle 300: pages=128 faults=0 migrations=0 pebs[samples=2216845 r=1969837 w=247008 throttle=385 err=0 lost=0]
[TM INFO] Cycle 400: pages=128 faults=0 migrations=0 pebs[samples=3076023 r=2746279 w=329744 throttle=465 err=0 lost=0]
[TM INFO] Cycle 500: pages=128 faults=0 migrations=0 pebs[samples=3972743 r=3549049 w=423694 throttle=594 err=0 lost=0]
[TM INFO] Cycle 600: pages=128 faults=0 migrations=0 pebs[samples=4913221 r=4397345 w=515876 throttle=714 err=0 lost=0]
[TM INFO] Cycle 700: pages=128 faults=0 migrations=0 pebs[samples=5887046 r=5281210 w=605836 throttle=869 err=0 lost=0]
[TM INFO] Cycle 800: pages=128 faults=0 migrations=0 pebs[samples=6908871 r=6208211 w=700660 throttle=1057 err=0 lost=0]
[TM INFO] Cycle 900: pages=128 faults=0 migrations=0 pebs[samples=7956465 r=7161767 w=794698 throttle=1405 err=0 lost=0]
[TM INFO] Cycle 1000: pages=128 faults=0 migrations=0 pebs[samples=9041012 r=8146418 w=894594 throttle=1901 err=0 lost=0]
[TM INFO] Cycle 1100: pages=128 faults=0 migrations=0 pebs[samples=10149338 r=9147243 w=1002095 throttle=2519 err=0 lost=0]
[TM INFO] Cycle 1200: pages=128 faults=0 migrations=0 pebs[samples=11296961 r=10183744 w=1113217 throttle=3315 err=0 lost=0]
[TM INFO] Cycle 1300: pages=128 faults=0 migrations=0 pebs[samples=12443575 r=11236937 w=1206639 throttle=4185 err=0 lost=0]
[TM INFO] Cycle 1400: pages=129 faults=0 migrations=0 pebs[samples=13628398 r=12320320 w=1308078 throttle=5079 err=0 lost=0]
[TM INFO] Cycle 1500: pages=129 faults=0 migrations=0 pebs[samples=14852751 r=13440684 w=1412067 throttle=6011 err=0 lost=0]
[TM INFO] Cycle 1600: pages=129 faults=0 migrations=0 pebs[samples=16079921 r=14572414 w=1507508 throttle=6957 err=0 lost=0]
[TM INFO] Cycle 1700: pages=129 faults=0 migrations=0 pebs[samples=17365067 r=15746353 w=1618714 throttle=7955 err=0 lost=0]
[TM INFO] Cycle 1800: pages=129 faults=0 migrations=0 pebs[samples=18686549 r=16964159 w=1722390 throttle=8994 err=0 lost=0]
[TM INFO] Cycle 1900: pages=129 faults=0 migrations=0 pebs[samples=20055425 r=18232118 w=1823307 throttle=10092 err=0 lost=0]
[TM INFO] Cycle 2000: pages=129 faults=0 migrations=0 pebs[samples=21471271 r=19553832 w=1917439 throttle=11244 err=0 lost=0]
LDOS_GROUNDTRUTH move_ns=1949155421623 region_base=0x7f40cec87000 region_size=2147483648 slice_bytes=536870912 hot_bytes=131072 tic=60
[TM INFO] Cycle 2100: pages=162 faults=0 migrations=0 pebs[samples=22943843 r=20916753 w=2027090 throttle=12469 err=0 lost=0]
[TM INFO] Cycle 2200: pages=164 faults=0 migrations=0 pebs[samples=24355015 r=22234621 w=2120394 throttle=13711 err=0 lost=0]
[TM INFO] Cycle 2300: pages=166 faults=0 migrations=0 pebs[samples=25824467 r=23606865 w=2217602 throttle=14841 err=0 lost=0]
[TM INFO] Cycle 2400: pages=167 faults=0 migrations=0 pebs[samples=27339415 r=25033819 w=2305596 throttle=15911 err=0 lost=0]
[TM INFO] Cycle 2500: pages=174 faults=0 migrations=0 pebs[samples=28898150 r=26506028 w=2392122 throttle=16965 err=0 lost=0]
[TM INFO] Cycle 2600: pages=188 faults=0 migrations=0 pebs[samples=30525289 r=28040667 w=2484623 throttle=17943 err=0 lost=0]
[TM INFO] Cycle 2700: pages=200 faults=0 migrations=0 pebs[samples=32215415 r=29624285 w=2591130 throttle=18803 err=0 lost=0]
[TM INFO] Cycle 2800: pages=222 faults=0 migrations=0 pebs[samples=33923496 r=31230458 w=2693038 throttle=19430 err=0 lost=0]
[TM INFO] Cycle 2900: pages=259 faults=0 migrations=0 pebs[samples=35663127 r=32871683 w=2791445 throttle=19907 err=0 lost=0]
[TM INFO] Cycle 3000: pages=310 faults=0 migrations=0 pebs[samples=37433756 r=34547185 w=2886571 throttle=20223 err=0 lost=0]
[TM INFO] Cycle 3100: pages=383 faults=0 migrations=0 pebs[samples=39214243 r=36232062 w=2982181 throttle=20467 err=0 lost=0]
[TM INFO] Cycle 3200: pages=498 faults=0 migrations=0 pebs[samples=41057787 r=37969790 w=3087997 throttle=20655 err=0 lost=0]
[TM INFO] Cycle 3300: pages=625 faults=0 migrations=0 pebs[samples=42914629 r=39715103 w=3199527 throttle=20833 err=0 lost=165]
[TM INFO] Cycle 3400: pages=786 faults=0 migrations=0 pebs[samples=44777483 r=41481362 w=3296121 throttle=21002 err=0 lost=17581]
[TM INFO] Cycle 3500: pages=1004 faults=0 migrations=0 pebs[samples=46686758 r=43274161 w=3412597 throttle=21170 err=0 lost=37164]
before_accesses: 705984834
before_accesses: 704453093
before_accesses: 700018282
before_accesses: 695336971
[TM INFO] Unregistered region: 0x7f40cec87000
[TM INFO] Shutting down tiered memory manager...
[TM INFO] Policy thread exiting
[TM INFO] Policy thread stopped
[TM INFO] UFFD handler thread exiting
[TM INFO] UFFD handler thread stopped
[TM INFO] PEBS totals: samples=47517585 reads=44050868 writes=3466717 throttles=21542 errors=0 lost=46843
[TM INFO] Shutting down PEBS...
[TM INFO] Stopping PEBS sampling...
[TM INFO] PEBS collector thread stopped
[TM INFO] PEBS sampling stopped
[TM INFO] PEBS shutdown complete
[TM INFO] Final stats: faults=0, migrations=0, cycles=3563
[TM INFO] Userfaultfd cleaned up
[TM INFO] Page statistics cleaned up
[TM INFO] Shutdown complete
[TM INFO] mmap shim library unloaded
