[TM INFO] mmap shim library loaded
3500000000 updates per thread (4 threads)
field of 2^31 (2147483648) bytes
8 byte element size (268435456 elements total)
[TM INFO] Initializing tiered memory manager...
[TM INFO] TELEMETRY-ONLY mode: uffd paging + migrations disabled, PEBS tracking active
[TM INFO] Initialized tiers: DRAM=4GB, NVM=16GB
[TM INFO] UFFD write-protect tracking: enabled
[TM INFO] Userfaultfd initialized (fd=3)
[TM INFO] Initializing PEBS subsystem...
[TM INFO] Track admission threshold: 10 samples before a page enters the stats table
[TM INFO] PEBS: opening events on 144 CPUs (loads + stores)
[TM INFO] PEBS event 0x81d0: precise_ip requested 2, granted 2
[TM INFO] PEBS event 0x82d0: precise_ip requested 1, granted 1
[TM INFO] PEBS initialized successfully
[TM INFO] Starting PEBS sampling...
[TM INFO] PEBS sampling started
[TM INFO] PEBS hardware sampling enabled
[TM INFO] PEBS collector thread started
[TM INFO] UFFD handler thread started
[TM INFO] UFFD handler thread running
[TM INFO] CSV output: ml_dataset_gups_move_c400.csv
[TM INFO] Write-touch channel: soft-dirty, one window every 1 policy cycles
[TM INFO] Policy thread started
[TM INFO] Tiered memory manager initialized successfully
[TM INFO] Policy thread running (interval=10ms)
[TM INFO] Signal export cadence: 40 cycles (400 ms nominal)
[TM INFO] Registered region: 0x7f8c05050000 + 2147483648 bytes (slot 0)
[TM INFO] Managed mmap region: 0x7f8c05050000 + 2147483648
Init took 0.8056 seconds
Region address: 0x7f8c05050000 - 0x7f8c85050000	 size: 2147483648
Elements per thread: 67108864
Initialization time: 0.8056 seconds.
LDOS_GEOMETRY region_base=0x7f8c05050000 region_size=2147483648 slice_bytes=536870912 hot_bytes=131072 threads=4 elt_size=8
Timing.
[TM INFO] Cycle 100: pages=0 faults=0 migrations=0 pebs[samples=325983 r=243200 w=82784 throttle=122 err=0 lost=0]
[TM INFO] Cycle 200: pages=0 faults=0 migrations=0 pebs[samples=543026 r=418760 w=124267 throttle=284 err=0 lost=0]
[TM INFO] Cycle 300: pages=7 faults=0 migrations=0 pebs[samples=767035 r=600678 w=166357 throttle=462 err=0 lost=0]
[TM INFO] Cycle 400: pages=27 faults=0 migrations=0 pebs[samples=1004233 r=791590 w=212643 throttle=650 err=0 lost=0]
[TM INFO] Cycle 500: pages=71 faults=0 migrations=0 pebs[samples=1251983 r=991360 w=260623 throttle=842 err=0 lost=0]
[TM INFO] Cycle 600: pages=104 faults=0 migrations=0 pebs[samples=1511313 r=1201076 w=310237 throttle=1080 err=0 lost=0]
[TM INFO] Cycle 700: pages=121 faults=0 migrations=0 pebs[samples=1775141 r=1414261 w=360880 throttle=1330 err=0 lost=0]
[TM INFO] Cycle 800: pages=126 faults=0 migrations=0 pebs[samples=2044883 r=1631696 w=413187 throttle=1646 err=0 lost=0]
[TM INFO] Cycle 900: pages=128 faults=0 migrations=0 pebs[samples=2319625 r=1852008 w=467617 throttle=1912 err=0 lost=0]
[TM INFO] Cycle 1000: pages=128 faults=0 migrations=0 pebs[samples=2601547 r=2077765 w=523782 throttle=2220 err=0 lost=0]
[TM INFO] Cycle 1100: pages=128 faults=0 migrations=0 pebs[samples=2885508 r=2305389 w=580119 throttle=2536 err=0 lost=0]
[TM INFO] Cycle 1200: pages=128 faults=0 migrations=0 pebs[samples=3173499 r=2536564 w=636935 throttle=2892 err=0 lost=0]
[TM INFO] Cycle 1300: pages=128 faults=0 migrations=0 pebs[samples=3466554 r=2770929 w=695625 throttle=3272 err=0 lost=0]
[TM INFO] Cycle 1400: pages=128 faults=0 migrations=0 pebs[samples=3764764 r=3010630 w=754135 throttle=3650 err=0 lost=0]
[TM INFO] Cycle 1500: pages=128 faults=0 migrations=0 pebs[samples=4067988 r=3251843 w=816145 throttle=4053 err=0 lost=0]
[TM INFO] Cycle 1600: pages=128 faults=0 migrations=0 pebs[samples=4372070 r=3495236 w=876834 throttle=4471 err=0 lost=0]
[TM INFO] Cycle 1700: pages=128 faults=0 migrations=0 pebs[samples=4678455 r=3740523 w=937932 throttle=4898 err=0 lost=0]
[TM INFO] Cycle 1800: pages=128 faults=0 migrations=0 pebs[samples=4992058 r=3989923 w=1002135 throttle=5337 err=0 lost=0]
[TM INFO] Cycle 1900: pages=128 faults=0 migrations=0 pebs[samples=5304984 r=4239412 w=1065572 throttle=5766 err=0 lost=0]
[TM INFO] Cycle 2000: pages=128 faults=0 migrations=0 pebs[samples=5621686 r=4492539 w=1129147 throttle=6208 err=0 lost=0]
[TM INFO] Cycle 2100: pages=128 faults=0 migrations=0 pebs[samples=5943514 r=4748494 w=1195020 throttle=6661 err=0 lost=0]
LDOS_GROUNDTRUTH move_ns=5182211890104 region_base=0x7f8c05050000 region_size=2147483648 slice_bytes=536870912 hot_bytes=131072 tic=60
[TM INFO] Cycle 2200: pages=160 faults=0 migrations=0 pebs[samples=6255221 r=5000224 w=1254997 throttle=7131 err=0 lost=0]
[TM INFO] Cycle 2300: pages=160 faults=0 migrations=0 pebs[samples=6553365 r=5247655 w=1305710 throttle=7616 err=0 lost=0]
[TM INFO] Cycle 2400: pages=160 faults=0 migrations=0 pebs[samples=6855821 r=5497345 w=1358476 throttle=8099 err=0 lost=0]
[TM INFO] Cycle 2500: pages=160 faults=0 migrations=0 pebs[samples=7160716 r=5747318 w=1413398 throttle=8593 err=0 lost=0]
[TM INFO] Cycle 2600: pages=160 faults=0 migrations=0 pebs[samples=7462048 r=5998753 w=1463295 throttle=9093 err=0 lost=0]
[TM INFO] Cycle 2700: pages=160 faults=0 migrations=0 pebs[samples=7766104 r=6249606 w=1516498 throttle=9598 err=0 lost=0]
[TM INFO] Cycle 2800: pages=160 faults=0 migrations=0 pebs[samples=8074157 r=6506118 w=1568039 throttle=10118 err=0 lost=0]
[TM INFO] Cycle 2900: pages=160 faults=0 migrations=0 pebs[samples=8380175 r=6761543 w=1618632 throttle=10630 err=0 lost=0]
[TM INFO] Cycle 3000: pages=160 faults=0 migrations=0 pebs[samples=8697226 r=7022688 w=1674539 throttle=11160 err=0 lost=0]
[TM INFO] Cycle 3100: pages=160 faults=0 migrations=0 pebs[samples=9012311 r=7281952 w=1730359 throttle=11680 err=0 lost=0]
[TM INFO] Cycle 3200: pages=160 faults=0 migrations=0 pebs[samples=9333975 r=7546489 w=1787486 throttle=12214 err=0 lost=0]
[TM INFO] Cycle 3300: pages=160 faults=0 migrations=0 pebs[samples=9649439 r=7809106 w=1840333 throttle=12750 err=0 lost=0]
[TM INFO] Cycle 3400: pages=160 faults=0 migrations=0 pebs[samples=9968904 r=8073496 w=1895408 throttle=13309 err=0 lost=0]
[TM INFO] Cycle 3500: pages=160 faults=0 migrations=0 pebs[samples=10291261 r=8339427 w=1951834 throttle=13854 err=0 lost=0]
[TM INFO] Cycle 3600: pages=160 faults=0 migrations=0 pebs[samples=10615233 r=8607159 w=2008074 throttle=14438 err=0 lost=0]
[TM INFO] Cycle 3700: pages=160 faults=0 migrations=0 pebs[samples=10942394 r=8877009 w=2065385 throttle=15010 err=0 lost=0]
[TM INFO] Cycle 3800: pages=160 faults=0 migrations=0 pebs[samples=11268767 r=9149546 w=2119221 throttle=15598 err=0 lost=0]
[TM INFO] Cycle 3900: pages=160 faults=0 migrations=0 pebs[samples=11596768 r=9421245 w=2175523 throttle=16186 err=0 lost=0]
[TM INFO] Cycle 4000: pages=160 faults=0 migrations=0 pebs[samples=11927553 r=9695912 w=2231641 throttle=16788 err=0 lost=0]
[TM INFO] Cycle 4100: pages=160 faults=0 migrations=0 pebs[samples=12261957 r=9971897 w=2290060 throttle=17386 err=0 lost=0]
[TM INFO] Cycle 4200: pages=160 faults=0 migrations=0 pebs[samples=12600614 r=10250334 w=2350280 throttle=17990 err=0 lost=0]
[TM INFO] Cycle 4300: pages=160 faults=0 migrations=0 pebs[samples=12939685 r=10529517 w=2410168 throttle=18594 err=0 lost=0]
[TM INFO] Cycle 4400: pages=160 faults=0 migrations=0 pebs[samples=13282958 r=10811805 w=2471153 throttle=19206 err=0 lost=0]
[TM INFO] Cycle 4500: pages=160 faults=0 migrations=0 pebs[samples=13630820 r=11096012 w=2534808 throttle=19820 err=0 lost=0]
[TM INFO] Cycle 4600: pages=160 faults=0 migrations=0 pebs[samples=13978181 r=11382411 w=2595770 throttle=20448 err=0 lost=0]
[TM INFO] Cycle 4700: pages=160 faults=0 migrations=0 pebs[samples=14323172 r=11667158 w=2656014 throttle=21078 err=0 lost=0]
[TM INFO] Cycle 4800: pages=160 faults=0 migrations=0 pebs[samples=14674134 r=11956978 w=2717156 throttle=21720 err=0 lost=0]
[TM INFO] Cycle 4900: pages=160 faults=0 migrations=0 pebs[samples=15024177 r=12245635 w=2778542 throttle=22356 err=0 lost=0]
[TM INFO] Cycle 5000: pages=160 faults=0 migrations=0 pebs[samples=15379375 r=12540187 w=2839188 throttle=23028 err=0 lost=0]
[TM INFO] Cycle 5100: pages=160 faults=0 migrations=0 pebs[samples=15737189 r=12833823 w=2903366 throttle=23692 err=0 lost=0]
[TM INFO] Cycle 5200: pages=160 faults=0 migrations=0 pebs[samples=16105805 r=13132678 w=2973127 throttle=24390 err=0 lost=0]
[TM INFO] Cycle 5300: pages=160 faults=0 migrations=0 pebs[samples=16471416 r=13431033 w=3040383 throttle=25063 err=0 lost=0]
before_accesses: 97247776
before_accesses: 98696722
before_accesses: 97688544
before_accesses: 99055187
[TM INFO] Unregistered region: 0x7f8c05050000
[TM INFO] Cycle 5400: pages=160 faults=0 migrations=0 pebs[samples=16819134 r=13721177 w=3097957 throttle=25742 err=0 lost=0]
[TM INFO] Shutting down tiered memory manager...
[TM INFO] Policy thread exiting
[TM INFO] Policy thread stopped
[TM INFO] UFFD handler thread exiting
[TM INFO] UFFD handler thread stopped
[TM INFO] PEBS totals: samples=16820987 reads=13722956 writes=3098031 throttles=25742 errors=0 lost=0
[TM INFO] Shutting down PEBS...
[TM INFO] Stopping PEBS sampling...
[TM INFO] PEBS collector thread stopped
[TM INFO] PEBS sampling stopped
[TM INFO] PEBS shutdown complete
[TM INFO] Final stats: faults=0, migrations=0, cycles=5403
[TM INFO] Userfaultfd cleaned up
[TM INFO] Page statistics cleaned up
[TM INFO] Shutdown complete
[TM INFO] mmap shim library unloaded
