[TM INFO] mmap shim library loaded
3500000000 updates per thread (4 threads)
field of 2^31 (2147483648) bytes
8 byte element size (268435456 elements total)
[TM INFO] Initializing tiered memory manager...
[TM INFO] TELEMETRY-ONLY mode: uffd paging + migrations disabled, PEBS tracking active
[TM INFO] Initialized tiers: DRAM=4GB, NVM=16GB
[TM INFO] UFFD write-protect tracking: enabled
[TM INFO] Userfaultfd initialized (fd=3)
[TM INFO] Initializing PEBS subsystem...
[TM INFO] Page sampling enabled: tracking 1 of every 128 pages
[TM INFO] Track admission threshold: 3 samples before a page enters the stats table
[TM INFO] PEBS: opening events on 144 CPUs (loads + stores)
[TM INFO] PEBS initialized successfully
[TM INFO] Starting PEBS sampling...
[TM INFO] PEBS sampling started
[TM INFO] PEBS hardware sampling enabled
[TM INFO] PEBS collector thread started
[TM INFO] UFFD handler thread started
[TM INFO] UFFD handler thread running
[TM INFO] CSV output: ml_dataset_gups_move_c100.csv
[TM INFO] Policy thread started
[TM INFO] Tiered memory manager initialized successfully
[TM INFO] Policy thread running (interval=10ms)
[TM INFO] Signal export cadence: 10 cycles (100 ms nominal)
[TM INFO] Registered region: 0x7f52d20ae000 + 2147483648 bytes (slot 0)
[TM INFO] Managed mmap region: 0x7f52d20ae000 + 2147483648
Init took 0.8155 seconds
Region address: 0x7f52d20ae000 - 0x7f53520ae000	 size: 2147483648
Elements per thread: 67108864
Initialization time: 0.8155 seconds.
LDOS_GEOMETRY region_base=0x7f52d20ae000 region_size=2147483648 slice_bytes=536870912 hot_bytes=131072 threads=4 elt_size=8
Timing.
[TM INFO] Cycle 100: pages=0 faults=0 migrations=0 pebs[samples=446 r=407 w=39 throttle=351 err=0]
[TM INFO] Cycle 200: pages=1 faults=0 migrations=0 pebs[samples=851 r=809 w=42 throttle=351 err=0]
[TM INFO] Cycle 300: pages=2 faults=0 migrations=0 pebs[samples=1264 r=1219 w=45 throttle=351 err=0]
[TM INFO] Cycle 400: pages=2 faults=0 migrations=0 pebs[samples=1667 r=1619 w=48 throttle=351 err=0]
[TM INFO] Cycle 500: pages=7 faults=0 migrations=0 pebs[samples=2043 r=1992 w=51 throttle=351 err=0]
[TM INFO] Cycle 600: pages=12 faults=0 migrations=0 pebs[samples=2443 r=2389 w=54 throttle=351 err=0]
[TM INFO] Cycle 700: pages=18 faults=0 migrations=0 pebs[samples=2868 r=2811 w=57 throttle=351 err=0]
[TM INFO] Cycle 800: pages=25 faults=0 migrations=0 pebs[samples=3308 r=3250 w=58 throttle=351 err=0]
[TM INFO] Cycle 900: pages=31 faults=0 migrations=0 pebs[samples=3742 r=3679 w=63 throttle=351 err=0]
[TM INFO] Cycle 1000: pages=35 faults=0 migrations=0 pebs[samples=4184 r=4115 w=69 throttle=351 err=0]
[TM INFO] Cycle 1100: pages=47 faults=0 migrations=0 pebs[samples=4591 r=4519 w=72 throttle=351 err=0]
[TM INFO] Cycle 1200: pages=59 faults=0 migrations=0 pebs[samples=5012 r=4939 w=73 throttle=351 err=0]
[TM INFO] Cycle 1300: pages=77 faults=0 migrations=0 pebs[samples=5459 r=5384 w=75 throttle=351 err=0]
[TM INFO] Cycle 1400: pages=97 faults=0 migrations=0 pebs[samples=5908 r=5830 w=78 throttle=351 err=0]
[TM INFO] Cycle 1500: pages=121 faults=0 migrations=0 pebs[samples=6368 r=6283 w=85 throttle=351 err=0]
[TM INFO] Cycle 1600: pages=150 faults=0 migrations=0 pebs[samples=6858 r=6769 w=89 throttle=351 err=0]
[TM INFO] Cycle 1700: pages=172 faults=0 migrations=0 pebs[samples=7299 r=7207 w=92 throttle=351 err=0]
[TM INFO] Cycle 1800: pages=207 faults=0 migrations=0 pebs[samples=7794 r=7699 w=95 throttle=351 err=0]
[TM INFO] Cycle 1900: pages=237 faults=0 migrations=0 pebs[samples=8272 r=8165 w=107 throttle=351 err=0]
[TM INFO] Cycle 2000: pages=271 faults=0 migrations=0 pebs[samples=8739 r=8630 w=109 throttle=351 err=0]
[TM INFO] Cycle 2100: pages=312 faults=0 migrations=0 pebs[samples=9218 r=9102 w=116 throttle=351 err=0]
[TM INFO] Cycle 2200: pages=354 faults=0 migrations=0 pebs[samples=9662 r=9537 w=125 throttle=351 err=0]
[TM INFO] Cycle 2300: pages=389 faults=0 migrations=0 pebs[samples=10112 r=9984 w=128 throttle=351 err=0]
[TM INFO] Cycle 2400: pages=424 faults=0 migrations=0 pebs[samples=10639 r=10505 w=134 throttle=351 err=0]
[TM INFO] Cycle 2500: pages=464 faults=0 migrations=0 pebs[samples=11096 r=10958 w=138 throttle=351 err=0]
[TM INFO] Cycle 2600: pages=508 faults=0 migrations=0 pebs[samples=11615 r=11467 w=148 throttle=351 err=0]
[TM INFO] Cycle 2700: pages=554 faults=0 migrations=0 pebs[samples=12076 r=11926 w=150 throttle=355 err=0]
[TM INFO] Cycle 2800: pages=600 faults=0 migrations=0 pebs[samples=12513 r=12361 w=152 throttle=363 err=0]
[TM INFO] Cycle 2900: pages=651 faults=0 migrations=0 pebs[samples=12991 r=12836 w=155 throttle=377 err=0]
[TM INFO] Cycle 3000: pages=679 faults=0 migrations=0 pebs[samples=13437 r=13276 w=161 throttle=457 err=0]
[TM INFO] Cycle 3100: pages=719 faults=0 migrations=0 pebs[samples=13917 r=13755 w=162 throttle=479 err=0]
[TM INFO] Cycle 3200: pages=768 faults=0 migrations=0 pebs[samples=14388 r=14223 w=165 throttle=495 err=0]
[TM INFO] Cycle 3300: pages=817 faults=0 migrations=0 pebs[samples=14859 r=14690 w=169 throttle=513 err=0]
[TM INFO] Cycle 3400: pages=876 faults=0 migrations=0 pebs[samples=15372 r=15200 w=172 throttle=537 err=0]
[TM INFO] Cycle 3500: pages=951 faults=0 migrations=0 pebs[samples=15911 r=15736 w=175 throttle=563 err=0]
LDOS_GROUNDTRUTH move_ns=5725348411189 region_base=0x7f52d20ae000 region_size=2147483648 slice_bytes=536870912 hot_bytes=131072 tic=60
[TM INFO] Cycle 3600: pages=1006 faults=0 migrations=0 pebs[samples=16431 r=16254 w=177 throttle=585 err=0]
[TM INFO] Cycle 3700: pages=1073 faults=0 migrations=0 pebs[samples=16984 r=16801 w=183 throttle=605 err=0]
[TM INFO] Cycle 3800: pages=1147 faults=0 migrations=0 pebs[samples=17504 r=17313 w=191 throttle=629 err=0]
[TM INFO] Cycle 3900: pages=1201 faults=0 migrations=0 pebs[samples=18018 r=17816 w=202 throttle=665 err=0]
[TM INFO] Cycle 4000: pages=1280 faults=0 migrations=0 pebs[samples=18562 r=18358 w=204 throttle=711 err=0]
[TM INFO] Cycle 4100: pages=1349 faults=0 migrations=0 pebs[samples=19092 r=18885 w=207 throttle=759 err=0]
[TM INFO] Cycle 4200: pages=1420 faults=0 migrations=0 pebs[samples=19655 r=19445 w=210 throttle=827 err=0]
[TM INFO] Cycle 4300: pages=1494 faults=0 migrations=0 pebs[samples=20199 r=19983 w=216 throttle=893 err=0]
[TM INFO] Cycle 4400: pages=1566 faults=0 migrations=0 pebs[samples=20720 r=20502 w=218 throttle=976 err=0]
[TM INFO] Cycle 4500: pages=1634 faults=0 migrations=0 pebs[samples=21257 r=21034 w=223 throttle=1070 err=0]
[TM INFO] Cycle 4600: pages=1708 faults=0 migrations=0 pebs[samples=21788 r=21561 w=227 throttle=1189 err=0]
[TM INFO] Cycle 4700: pages=1770 faults=0 migrations=0 pebs[samples=22300 r=22061 w=239 throttle=1344 err=0]
[TM INFO] Cycle 4800: pages=1833 faults=0 migrations=0 pebs[samples=22831 r=22588 w=243 throttle=1507 err=0]
[TM INFO] Cycle 4900: pages=1887 faults=0 migrations=0 pebs[samples=23369 r=23121 w=248 throttle=1644 err=0]
[TM INFO] Cycle 5000: pages=1956 faults=0 migrations=0 pebs[samples=23924 r=23673 w=251 throttle=1767 err=0]
[TM INFO] Cycle 5100: pages=2019 faults=0 migrations=0 pebs[samples=24482 r=24220 w=262 throttle=1886 err=0]
[TM INFO] Cycle 5200: pages=2085 faults=0 migrations=0 pebs[samples=24998 r=24732 w=266 throttle=2025 err=0]
[TM INFO] Cycle 5300: pages=2158 faults=0 migrations=0 pebs[samples=25572 r=25299 w=273 throttle=2172 err=0]
[TM INFO] Cycle 5400: pages=2232 faults=0 migrations=0 pebs[samples=26094 r=25818 w=276 throttle=2337 err=0]
[TM INFO] Cycle 5500: pages=2292 faults=0 migrations=0 pebs[samples=26610 r=26330 w=280 throttle=2529 err=0]
[TM INFO] Cycle 5600: pages=2360 faults=0 migrations=0 pebs[samples=27207 r=26918 w=289 throttle=2687 err=0]
[TM INFO] Cycle 5700: pages=2419 faults=0 migrations=0 pebs[samples=27773 r=27481 w=292 throttle=2861 err=0]
before_accesses: 909360797
before_accesses: 908823687
before_accesses: 908179303
before_accesses: 905972674
[TM INFO] Unregistered region: 0x7f52d20ae000
[TM INFO] Shutting down tiered memory manager...
[TM INFO] Policy thread exiting
[TM INFO] Policy thread stopped
[TM INFO] UFFD handler thread exiting
[TM INFO] UFFD handler thread stopped
[TM INFO] PEBS totals: samples=27923 reads=27629 writes=294 throttles=2917 errors=0
[TM INFO] Shutting down PEBS...
[TM INFO] Stopping PEBS sampling...
[TM INFO] PEBS collector thread stopped
[TM INFO] PEBS sampling stopped
[TM INFO] PEBS shutdown complete
[TM INFO] Final stats: faults=0, migrations=0, cycles=5737
[TM INFO] Userfaultfd cleaned up
[TM INFO] Page statistics cleaned up
[TM INFO] Shutdown complete
[TM INFO] mmap shim library unloaded
