[TM INFO] mmap shim library loaded
3500000000 updates per thread (4 threads)
field of 2^31 (2147483648) bytes
8 byte element size (268435456 elements total)
[TM INFO] Initializing tiered memory manager...
[TM INFO] TELEMETRY-ONLY mode: uffd paging + migrations disabled, PEBS tracking active
[TM INFO] Initialized tiers: DRAM=4GB, NVM=16GB
[TM INFO] UFFD write-protect tracking: enabled
[TM INFO] Userfaultfd initialized (fd=3)
[TM INFO] Initializing PEBS subsystem...
[TM INFO] Page sampling enabled: tracking 1 of every 128 pages
[TM INFO] Track admission threshold: 3 samples before a page enters the stats table
[TM INFO] PEBS: opening events on 144 CPUs (loads + stores)
[TM INFO] PEBS initialized successfully
[TM INFO] Starting PEBS sampling...
[TM INFO] PEBS sampling started
[TM INFO] PEBS hardware sampling enabled
[TM INFO] PEBS collector thread started
[TM INFO] UFFD handler thread started
[TM INFO] UFFD handler thread running
[TM INFO] CSV output: ml_dataset_gups_move_c200.csv
[TM INFO] Policy thread started
[TM INFO] Tiered memory manager initialized successfully
[TM INFO] Policy thread running (interval=10ms)
[TM INFO] Signal export cadence: 20 cycles (200 ms nominal)
[TM INFO] Registered region: 0x7f0309f31000 + 2147483648 bytes (slot 0)
[TM INFO] Managed mmap region: 0x7f0309f31000 + 2147483648
Init took 0.8135 seconds
Region address: 0x7f0309f31000 - 0x7f0389f31000	 size: 2147483648
Elements per thread: 67108864
Initialization time: 0.8136 seconds.
LDOS_GEOMETRY region_base=0x7f0309f31000 region_size=2147483648 slice_bytes=536870912 hot_bytes=131072 threads=4 elt_size=8
Timing.
[TM INFO] Cycle 100: pages=0 faults=0 migrations=0 pebs[samples=389 r=334 w=55 throttle=412 err=0]
[TM INFO] Cycle 200: pages=0 faults=0 migrations=0 pebs[samples=718 r=660 w=58 throttle=482 err=0]
[TM INFO] Cycle 300: pages=3 faults=0 migrations=0 pebs[samples=1038 r=978 w=60 throttle=556 err=0]
[TM INFO] Cycle 400: pages=4 faults=0 migrations=0 pebs[samples=1331 r=1268 w=63 throttle=634 err=0]
[TM INFO] Cycle 500: pages=4 faults=0 migrations=0 pebs[samples=1621 r=1556 w=65 throttle=705 err=0]
[TM INFO] Cycle 600: pages=7 faults=0 migrations=0 pebs[samples=1910 r=1842 w=68 throttle=774 err=0]
[TM INFO] Cycle 700: pages=9 faults=0 migrations=0 pebs[samples=2243 r=2174 w=69 throttle=836 err=0]
[TM INFO] Cycle 800: pages=11 faults=0 migrations=0 pebs[samples=2583 r=2511 w=72 throttle=910 err=0]
[TM INFO] Cycle 900: pages=17 faults=0 migrations=0 pebs[samples=2877 r=2804 w=73 throttle=986 err=0]
[TM INFO] Cycle 1000: pages=23 faults=0 migrations=0 pebs[samples=3174 r=3100 w=74 throttle=1066 err=0]
[TM INFO] Cycle 1100: pages=29 faults=0 migrations=0 pebs[samples=3506 r=3428 w=78 throttle=1146 err=0]
[TM INFO] Cycle 1200: pages=33 faults=0 migrations=0 pebs[samples=3794 r=3715 w=79 throttle=1216 err=0]
[TM INFO] Cycle 1300: pages=42 faults=0 migrations=0 pebs[samples=4101 r=4021 w=80 throttle=1284 err=0]
[TM INFO] Cycle 1400: pages=50 faults=0 migrations=0 pebs[samples=4428 r=4345 w=83 throttle=1350 err=0]
[TM INFO] Cycle 1500: pages=57 faults=0 migrations=0 pebs[samples=4737 r=4653 w=84 throttle=1418 err=0]
[TM INFO] Cycle 1600: pages=79 faults=0 migrations=0 pebs[samples=5045 r=4960 w=85 throttle=1488 err=0]
[TM INFO] Cycle 1700: pages=94 faults=0 migrations=0 pebs[samples=5387 r=5298 w=89 throttle=1556 err=0]
[TM INFO] Cycle 1800: pages=109 faults=0 migrations=0 pebs[samples=5720 r=5629 w=91 throttle=1630 err=0]
[TM INFO] Cycle 1900: pages=131 faults=0 migrations=0 pebs[samples=6060 r=5969 w=91 throttle=1700 err=0]
[TM INFO] Cycle 2000: pages=148 faults=0 migrations=0 pebs[samples=6384 r=6292 w=92 throttle=1782 err=0]
[TM INFO] Cycle 2100: pages=174 faults=0 migrations=0 pebs[samples=6703 r=6609 w=94 throttle=1864 err=0]
[TM INFO] Cycle 2200: pages=199 faults=0 migrations=0 pebs[samples=7047 r=6951 w=96 throttle=1942 err=0]
[TM INFO] Cycle 2300: pages=220 faults=0 migrations=0 pebs[samples=7361 r=7265 w=96 throttle=2024 err=0]
[TM INFO] Cycle 2400: pages=242 faults=0 migrations=0 pebs[samples=7677 r=7577 w=100 throttle=2100 err=0]
[TM INFO] Cycle 2500: pages=269 faults=0 migrations=0 pebs[samples=7989 r=7885 w=104 throttle=2178 err=0]
[TM INFO] Cycle 2600: pages=291 faults=0 migrations=0 pebs[samples=8324 r=8220 w=104 throttle=2267 err=0]
[TM INFO] Cycle 2700: pages=320 faults=0 migrations=0 pebs[samples=8639 r=8531 w=108 throttle=2350 err=0]
[TM INFO] Cycle 2800: pages=345 faults=0 migrations=0 pebs[samples=8961 r=8850 w=111 throttle=2440 err=0]
[TM INFO] Cycle 2900: pages=368 faults=0 migrations=0 pebs[samples=9269 r=9156 w=113 throttle=2530 err=0]
[TM INFO] Cycle 3000: pages=401 faults=0 migrations=0 pebs[samples=9615 r=9500 w=115 throttle=2618 err=0]
[TM INFO] Cycle 3100: pages=429 faults=0 migrations=0 pebs[samples=9932 r=9814 w=118 throttle=2706 err=0]
[TM INFO] Cycle 3200: pages=463 faults=0 migrations=0 pebs[samples=10271 r=10153 w=118 throttle=2800 err=0]
[TM INFO] Cycle 3300: pages=497 faults=0 migrations=0 pebs[samples=10587 r=10467 w=120 throttle=2894 err=0]
[TM INFO] Cycle 3400: pages=525 faults=0 migrations=0 pebs[samples=10883 r=10759 w=124 throttle=2986 err=0]
[TM INFO] Cycle 3500: pages=562 faults=0 migrations=0 pebs[samples=11201 r=11076 w=125 throttle=3084 err=0]
[TM INFO] Cycle 3600: pages=598 faults=0 migrations=0 pebs[samples=11558 r=11432 w=126 throttle=3176 err=0]
[TM INFO] Cycle 3700: pages=625 faults=0 migrations=0 pebs[samples=11869 r=11741 w=128 throttle=3280 err=0]
[TM INFO] Cycle 3800: pages=662 faults=0 migrations=0 pebs[samples=12218 r=12090 w=128 throttle=3382 err=0]
[TM INFO] Cycle 3900: pages=700 faults=0 migrations=0 pebs[samples=12529 r=12388 w=141 throttle=3487 err=0]
[TM INFO] Cycle 4000: pages=740 faults=0 migrations=0 pebs[samples=12831 r=12686 w=145 throttle=3594 err=0]
[TM INFO] Cycle 4100: pages=779 faults=0 migrations=0 pebs[samples=13163 r=13018 w=145 throttle=3704 err=0]
[TM INFO] Cycle 4200: pages=819 faults=0 migrations=0 pebs[samples=13475 r=13330 w=145 throttle=3816 err=0]
[TM INFO] Cycle 4300: pages=867 faults=0 migrations=0 pebs[samples=13808 r=13661 w=147 throttle=3928 err=0]
[TM INFO] Cycle 4400: pages=916 faults=0 migrations=0 pebs[samples=14153 r=14004 w=149 throttle=4052 err=0]
[TM INFO] Cycle 4500: pages=955 faults=0 migrations=0 pebs[samples=14477 r=14324 w=153 throttle=4165 err=0]
[TM INFO] Cycle 4600: pages=996 faults=0 migrations=0 pebs[samples=14828 r=14674 w=154 throttle=4282 err=0]
LDOS_GROUNDTRUTH move_ns=5829853915828 region_base=0x7f0309f31000 region_size=2147483648 slice_bytes=536870912 hot_bytes=131072 tic=60
[TM INFO] Cycle 4700: pages=1031 faults=0 migrations=0 pebs[samples=15146 r=14989 w=157 throttle=4410 err=0]
[TM INFO] Cycle 4800: pages=1072 faults=0 migrations=0 pebs[samples=15437 r=15279 w=158 throttle=4534 err=0]
[TM INFO] Cycle 4900: pages=1116 faults=0 migrations=0 pebs[samples=15781 r=15623 w=158 throttle=4658 err=0]
[TM INFO] Cycle 5000: pages=1161 faults=0 migrations=0 pebs[samples=16134 r=15973 w=161 throttle=4783 err=0]
[TM INFO] Cycle 5100: pages=1210 faults=0 migrations=0 pebs[samples=16469 r=16302 w=167 throttle=4915 err=0]
[TM INFO] Cycle 5200: pages=1252 faults=0 migrations=0 pebs[samples=16842 r=16672 w=170 throttle=5047 err=0]
[TM INFO] Cycle 5300: pages=1300 faults=0 migrations=0 pebs[samples=17202 r=17030 w=172 throttle=5170 err=0]
[TM INFO] Cycle 5400: pages=1347 faults=0 migrations=0 pebs[samples=17531 r=17355 w=176 throttle=5306 err=0]
[TM INFO] Cycle 5500: pages=1391 faults=0 migrations=0 pebs[samples=17865 r=17688 w=177 throttle=5451 err=0]
[TM INFO] Cycle 5600: pages=1423 faults=0 migrations=0 pebs[samples=18242 r=18064 w=178 throttle=5556 err=0]
[TM INFO] Cycle 5700: pages=1488 faults=0 migrations=0 pebs[samples=18661 r=18479 w=182 throttle=5590 err=0]
[TM INFO] Cycle 5800: pages=1543 faults=0 migrations=0 pebs[samples=19098 r=18912 w=186 throttle=5630 err=0]
[TM INFO] Cycle 5900: pages=1607 faults=0 migrations=0 pebs[samples=19503 r=19312 w=191 throttle=5670 err=0]
[TM INFO] Cycle 6000: pages=1672 faults=0 migrations=0 pebs[samples=19894 r=19702 w=192 throttle=5716 err=0]
[TM INFO] Cycle 6100: pages=1725 faults=0 migrations=0 pebs[samples=20350 r=20155 w=195 throttle=5768 err=0]
[TM INFO] Cycle 6200: pages=1797 faults=0 migrations=0 pebs[samples=20829 r=20632 w=197 throttle=5812 err=0]
[TM INFO] Cycle 6300: pages=1863 faults=0 migrations=0 pebs[samples=21290 r=21082 w=208 throttle=5870 err=0]
[TM INFO] Cycle 6400: pages=1924 faults=0 migrations=0 pebs[samples=21716 r=21507 w=209 throttle=5927 err=0]
[TM INFO] Cycle 6500: pages=1990 faults=0 migrations=0 pebs[samples=22144 r=21933 w=211 throttle=5981 err=0]
[TM INFO] Cycle 6600: pages=2058 faults=0 migrations=0 pebs[samples=22588 r=22375 w=213 throttle=6046 err=0]
[TM INFO] Cycle 6700: pages=2109 faults=0 migrations=0 pebs[samples=23006 r=22789 w=217 throttle=6109 err=0]
[TM INFO] Cycle 6800: pages=2160 faults=0 migrations=0 pebs[samples=23427 r=23207 w=220 throttle=6172 err=0]
[TM INFO] Cycle 6900: pages=2214 faults=0 migrations=0 pebs[samples=23888 r=23664 w=224 throttle=6247 err=0]
[TM INFO] Cycle 7000: pages=2268 faults=0 migrations=0 pebs[samples=24301 r=24072 w=229 throttle=6324 err=0]
[TM INFO] Cycle 7100: pages=2318 faults=0 migrations=0 pebs[samples=24728 r=24496 w=232 throttle=6390 err=0]
[TM INFO] Cycle 7200: pages=2373 faults=0 migrations=0 pebs[samples=25169 r=24937 w=232 throttle=6478 err=0]
before_accesses: 908568359
before_accesses: 907459196
before_accesses: 906223973
before_accesses: 897368853
[TM INFO] Unregistered region: 0x7f0309f31000
[TM INFO] Shutting down tiered memory manager...
[TM INFO] Cycle 7300: pages=2395 faults=0 migrations=0 pebs[samples=25445 r=25210 w=235 throttle=6564 err=0]
[TM INFO] Policy thread exiting
[TM INFO] Policy thread stopped
[TM INFO] UFFD handler thread exiting
[TM INFO] UFFD handler thread stopped
[TM INFO] PEBS totals: samples=25445 reads=25210 writes=235 throttles=6564 errors=0
[TM INFO] Shutting down PEBS...
[TM INFO] Stopping PEBS sampling...
[TM INFO] PEBS collector thread stopped
[TM INFO] PEBS sampling stopped
[TM INFO] PEBS shutdown complete
[TM INFO] Final stats: faults=0, migrations=0, cycles=7300
[TM INFO] Userfaultfd cleaned up
[TM INFO] Page statistics cleaned up
[TM INFO] Shutdown complete
[TM INFO] mmap shim library unloaded
