[TM INFO] mmap shim library loaded
3500000000 updates per thread (4 threads)
field of 2^31 (2147483648) bytes
8 byte element size (268435456 elements total)
[TM INFO] Initializing tiered memory manager...
[TM INFO] TELEMETRY-ONLY mode: uffd paging + migrations disabled, PEBS tracking active
[TM INFO] Initialized tiers: DRAM=4GB, NVM=16GB
[TM INFO] UFFD write-protect tracking: enabled
[TM INFO] Userfaultfd initialized (fd=3)
[TM INFO] Initializing PEBS subsystem...
[TM INFO] Track admission threshold: 10 samples before a page enters the stats table
[TM INFO] PEBS: opening events on 144 CPUs (loads + stores)
[TM INFO] PEBS event 0x81d0: precise_ip requested 2, granted 2
[TM INFO] PEBS event 0x82d0: precise_ip requested 1, granted 1
[TM INFO] PEBS initialized successfully
[TM INFO] Starting PEBS sampling...
[TM INFO] PEBS sampling started
[TM INFO] PEBS hardware sampling enabled
[TM INFO] PEBS collector thread started
[TM INFO] UFFD handler thread started
[TM INFO] UFFD handler thread running
[TM INFO] CSV output: ml_dataset_gups_move_w0p25.csv
[TM INFO] Write-touch channel: soft-dirty, one window every 20 policy cycles
[TM INFO] Policy thread started
[TM INFO] Tiered memory manager initialized successfully
[TM INFO] Policy thread running (interval=10ms)
[TM INFO] Signal export cadence: 20 cycles (200 ms nominal)
[TM INFO] Registered region: 0x7f1cefd43000 + 2147483648 bytes (slot 0)
[TM INFO] Managed mmap region: 0x7f1cefd43000 + 2147483648
Init took 0.8048 seconds
Region address: 0x7f1cefd43000 - 0x7f1d6fd43000	 size: 2147483648
Elements per thread: 67108864
Initialization time: 0.8048 seconds.
LDOS_GEOMETRY region_base=0x7f1cefd43000 region_size=2147483648 slice_bytes=536870912 hot_bytes=131072 threads=4 elt_size=8
Timing.
[TM INFO] Cycle 100: pages=43 faults=0 migrations=0 pebs[samples=583775 r=513519 w=70256 throttle=348 err=0 lost=0]
[TM INFO] Cycle 200: pages=128 faults=0 migrations=0 pebs[samples=1306007 r=1159570 w=146437 throttle=352 err=0 lost=0]
[TM INFO] Cycle 300: pages=128 faults=0 migrations=0 pebs[samples=2098140 r=1867702 w=230438 throttle=374 err=0 lost=0]
[TM INFO] Cycle 400: pages=128 faults=0 migrations=0 pebs[samples=2935718 r=2625211 w=310507 throttle=432 err=0 lost=0]
[TM INFO] Cycle 500: pages=128 faults=0 migrations=0 pebs[samples=3826422 r=3421322 w=405100 throttle=546 err=0 lost=0]
[TM INFO] Cycle 600: pages=128 faults=0 migrations=0 pebs[samples=4746938 r=4256940 w=489998 throttle=664 err=0 lost=0]
[TM INFO] Cycle 700: pages=128 faults=0 migrations=0 pebs[samples=5702599 r=5118476 w=584123 throttle=812 err=0 lost=0]
[TM INFO] Cycle 800: pages=128 faults=0 migrations=0 pebs[samples=6689732 r=6011439 w=678293 throttle=1016 err=0 lost=0]
[TM INFO] Cycle 900: pages=128 faults=0 migrations=0 pebs[samples=7719414 r=6941629 w=777785 throttle=1320 err=0 lost=0]
[TM INFO] Cycle 1000: pages=128 faults=0 migrations=0 pebs[samples=8789394 r=7904426 w=884968 throttle=1774 err=0 lost=0]
[TM INFO] Cycle 1100: pages=128 faults=0 migrations=0 pebs[samples=9898058 r=8908600 w=989458 throttle=2316 err=0 lost=0]
[TM INFO] Cycle 1200: pages=128 faults=0 migrations=0 pebs[samples=11074395 r=9972783 w=1101612 throttle=2904 err=0 lost=0]
[TM INFO] Cycle 1300: pages=128 faults=0 migrations=0 pebs[samples=12293609 r=11093493 w=1200116 throttle=3530 err=0 lost=0]
[TM INFO] Cycle 1400: pages=128 faults=0 migrations=0 pebs[samples=13583351 r=12277713 w=1305638 throttle=4114 err=0 lost=0]
[TM INFO] Cycle 1500: pages=128 faults=0 migrations=0 pebs[samples=14949256 r=13540575 w=1408681 throttle=4717 err=0 lost=0]
[TM INFO] Cycle 1600: pages=128 faults=0 migrations=0 pebs[samples=16415258 r=14881436 w=1533823 throttle=5174 err=0 lost=0]
[TM INFO] Cycle 1700: pages=128 faults=0 migrations=0 pebs[samples=17953777 r=16312350 w=1641427 throttle=5337 err=0 lost=0]
[TM INFO] Cycle 1800: pages=128 faults=0 migrations=0 pebs[samples=19577031 r=17825679 w=1751352 throttle=5482 err=0 lost=0]
[TM INFO] Cycle 1900: pages=128 faults=0 migrations=0 pebs[samples=21231812 r=19382146 w=1849666 throttle=5640 err=0 lost=0]
LDOS_GROUNDTRUTH move_ns=2205978778427 region_base=0x7f1cefd43000 region_size=2147483648 slice_bytes=536870912 hot_bytes=131072 tic=60
[TM INFO] Cycle 2000: pages=160 faults=0 migrations=0 pebs[samples=22943033 r=20985208 w=1957825 throttle=5800 err=0 lost=0]
[TM INFO] Cycle 2100: pages=162 faults=0 migrations=0 pebs[samples=24570046 r=22509097 w=2060949 throttle=5957 err=0 lost=0]
[TM INFO] Cycle 2200: pages=163 faults=0 migrations=0 pebs[samples=26227551 r=24065826 w=2161725 throttle=6119 err=0 lost=0]
[TM INFO] Cycle 2300: pages=171 faults=0 migrations=0 pebs[samples=27951327 r=25682313 w=2269015 throttle=6280 err=0 lost=0]
[TM INFO] Cycle 2400: pages=178 faults=0 migrations=0 pebs[samples=29696844 r=27333975 w=2362869 throttle=6436 err=0 lost=0]
[TM INFO] Cycle 2500: pages=189 faults=0 migrations=0 pebs[samples=31471736 r=29020071 w=2451665 throttle=6580 err=0 lost=0]
[TM INFO] Cycle 2600: pages=221 faults=0 migrations=0 pebs[samples=33282304 r=30731169 w=2551135 throttle=6730 err=0 lost=0]
[TM INFO] Cycle 2700: pages=246 faults=0 migrations=0 pebs[samples=35097747 r=32438528 w=2659219 throttle=6887 err=0 lost=18767]
[TM INFO] Cycle 2800: pages=301 faults=0 migrations=0 pebs[samples=36946115 r=34182225 w=2763890 throttle=7033 err=0 lost=43774]
[TM INFO] Cycle 2900: pages=351 faults=0 migrations=0 pebs[samples=38763677 r=35885733 w=2877944 throttle=7188 err=0 lost=128337]
[TM INFO] Cycle 3000: pages=443 faults=0 migrations=0 pebs[samples=40634934 r=37653030 w=2981904 throttle=7338 err=0 lost=194490]
[TM INFO] Cycle 3100: pages=573 faults=0 migrations=0 pebs[samples=42493617 r=39395958 w=3097659 throttle=7489 err=0 lost=312464]
[TM INFO] Cycle 3200: pages=735 faults=0 migrations=0 pebs[samples=44351275 r=41139384 w=3211891 throttle=7636 err=0 lost=449705]
before_accesses: 716950079
before_accesses: 710451687
[TM INFO] Cycle 3300: pages=955 faults=0 migrations=0 pebs[samples=46214497 r=42877992 w=3336505 throttle=7807 err=0 lost=576910]
before_accesses: 703157015
before_accesses: 700619972
[TM INFO] Unregistered region: 0x7f1cefd43000
[TM INFO] Shutting down tiered memory manager...
[TM INFO] Policy thread exiting
[TM INFO] Policy thread stopped
[TM INFO] UFFD handler thread exiting
[TM INFO] UFFD handler thread stopped
[TM INFO] PEBS totals: samples=46487423 reads=43131288 writes=3356135 throttles=7846 errors=0 lost=576910
[TM INFO] Shutting down PEBS...
[TM INFO] Stopping PEBS sampling...
[TM INFO] PEBS collector thread stopped
[TM INFO] PEBS sampling stopped
[TM INFO] PEBS shutdown complete
[TM INFO] Final stats: faults=0, migrations=0, cycles=3338
[TM INFO] Userfaultfd cleaned up
[TM INFO] Page statistics cleaned up
[TM INFO] Shutdown complete
[TM INFO] mmap shim library unloaded
