[TM INFO] mmap shim library loaded
3500000000 updates per thread (4 threads)
field of 2^31 (2147483648) bytes
8 byte element size (268435456 elements total)
[TM INFO] Initializing tiered memory manager...
[TM INFO] TELEMETRY-ONLY mode: uffd paging + migrations disabled, PEBS tracking active
[TM INFO] Initialized tiers: DRAM=4GB, NVM=16GB
[TM INFO] UFFD write-protect tracking: enabled
[TM INFO] Userfaultfd initialized (fd=3)
[TM INFO] Initializing PEBS subsystem...
[TM INFO] Page sampling enabled: tracking 1 of every 128 pages
[TM INFO] Track admission threshold: 3 samples before a page enters the stats table
[TM INFO] PEBS: opening events on 144 CPUs (loads + stores)
[TM INFO] PEBS initialized successfully
[TM INFO] Starting PEBS sampling...
[TM INFO] PEBS sampling started
[TM INFO] PEBS hardware sampling enabled
[TM INFO] PEBS collector thread started
[TM INFO] UFFD handler thread started
[TM INFO] UFFD handler thread running
[TM INFO] CSV output: ml_dataset_gups_move_c50.csv
[TM INFO] Policy thread started
[TM INFO] Tiered memory manager initialized successfully
[TM INFO] Policy thread running (interval=10ms)
[TM INFO] Signal export cadence: 5 cycles (50 ms nominal)
[TM INFO] Registered region: 0x7f50a150e000 + 2147483648 bytes (slot 0)
[TM INFO] Managed mmap region: 0x7f50a150e000 + 2147483648
Init took 0.8130 seconds
Region address: 0x7f50a150e000 - 0x7f512150e000	 size: 2147483648
Elements per thread: 67108864
Initialization time: 0.8130 seconds.
LDOS_GEOMETRY region_base=0x7f50a150e000 region_size=2147483648 slice_bytes=536870912 hot_bytes=131072 threads=4 elt_size=8
Timing.
[TM INFO] Cycle 100: pages=0 faults=0 migrations=0 pebs[samples=370 r=346 w=24 throttle=405 err=0]
[TM INFO] Cycle 200: pages=0 faults=0 migrations=0 pebs[samples=678 r=654 w=24 throttle=472 err=0]
[TM INFO] Cycle 300: pages=0 faults=0 migrations=0 pebs[samples=1069 r=1041 w=28 throttle=491 err=0]
[TM INFO] Cycle 400: pages=0 faults=0 migrations=0 pebs[samples=1501 r=1471 w=30 throttle=491 err=0]
[TM INFO] Cycle 500: pages=4 faults=0 migrations=0 pebs[samples=1914 r=1884 w=30 throttle=491 err=0]
[TM INFO] Cycle 600: pages=8 faults=0 migrations=0 pebs[samples=2351 r=2308 w=43 throttle=491 err=0]
[TM INFO] Cycle 700: pages=14 faults=0 migrations=0 pebs[samples=2784 r=2739 w=45 throttle=491 err=0]
[TM INFO] Cycle 800: pages=24 faults=0 migrations=0 pebs[samples=3190 r=3140 w=50 throttle=491 err=0]
[TM INFO] Cycle 900: pages=36 faults=0 migrations=0 pebs[samples=3668 r=3613 w=55 throttle=491 err=0]
[TM INFO] Cycle 1000: pages=51 faults=0 migrations=0 pebs[samples=4094 r=4032 w=62 throttle=491 err=0]
[TM INFO] Cycle 1100: pages=66 faults=0 migrations=0 pebs[samples=4525 r=4459 w=66 throttle=491 err=0]
[TM INFO] Cycle 1200: pages=83 faults=0 migrations=0 pebs[samples=4938 r=4871 w=67 throttle=491 err=0]
[TM INFO] Cycle 1300: pages=96 faults=0 migrations=0 pebs[samples=5358 r=5281 w=77 throttle=491 err=0]
[TM INFO] Cycle 1400: pages=109 faults=0 migrations=0 pebs[samples=5796 r=5719 w=77 throttle=491 err=0]
[TM INFO] Cycle 1500: pages=123 faults=0 migrations=0 pebs[samples=6261 r=6181 w=80 throttle=491 err=0]
[TM INFO] Cycle 1600: pages=148 faults=0 migrations=0 pebs[samples=6695 r=6614 w=81 throttle=491 err=0]
[TM INFO] Cycle 1700: pages=175 faults=0 migrations=0 pebs[samples=7150 r=7065 w=85 throttle=491 err=0]
[TM INFO] Cycle 1800: pages=190 faults=0 migrations=0 pebs[samples=7584 r=7496 w=88 throttle=491 err=0]
[TM INFO] Cycle 1900: pages=219 faults=0 migrations=0 pebs[samples=8032 r=7941 w=91 throttle=491 err=0]
[TM INFO] Cycle 2000: pages=245 faults=0 migrations=0 pebs[samples=8494 r=8403 w=91 throttle=491 err=0]
[TM INFO] Cycle 2100: pages=269 faults=0 migrations=0 pebs[samples=8983 r=8889 w=94 throttle=491 err=0]
[TM INFO] Cycle 2200: pages=311 faults=0 migrations=0 pebs[samples=9382 r=9286 w=96 throttle=491 err=0]
[TM INFO] Cycle 2300: pages=347 faults=0 migrations=0 pebs[samples=9859 r=9755 w=104 throttle=491 err=0]
[TM INFO] Cycle 2400: pages=399 faults=0 migrations=0 pebs[samples=10334 r=10226 w=108 throttle=491 err=0]
[TM INFO] Cycle 2500: pages=455 faults=0 migrations=0 pebs[samples=10851 r=10739 w=112 throttle=493 err=0]
[TM INFO] Cycle 2600: pages=501 faults=0 migrations=0 pebs[samples=11324 r=11206 w=118 throttle=497 err=0]
[TM INFO] Cycle 2700: pages=559 faults=0 migrations=0 pebs[samples=11829 r=11707 w=122 throttle=523 err=0]
[TM INFO] Cycle 2800: pages=631 faults=0 migrations=0 pebs[samples=12343 r=12217 w=126 throttle=555 err=0]
[TM INFO] Cycle 2900: pages=706 faults=0 migrations=0 pebs[samples=12840 r=12709 w=131 throttle=585 err=0]
[TM INFO] Cycle 3000: pages=770 faults=0 migrations=0 pebs[samples=13332 r=13197 w=135 throttle=623 err=0]
[TM INFO] Cycle 3100: pages=832 faults=0 migrations=0 pebs[samples=13803 r=13663 w=140 throttle=665 err=0]
[TM INFO] Cycle 3200: pages=902 faults=0 migrations=0 pebs[samples=14270 r=14126 w=144 throttle=703 err=0]
LDOS_GROUNDTRUTH move_ns=5619411042207 region_base=0x7f50a150e000 region_size=2147483648 slice_bytes=536870912 hot_bytes=131072 tic=60
[TM INFO] Cycle 3300: pages=968 faults=0 migrations=0 pebs[samples=14747 r=14593 w=154 throttle=753 err=0]
[TM INFO] Cycle 3400: pages=1027 faults=0 migrations=0 pebs[samples=15210 r=15051 w=159 throttle=813 err=0]
[TM INFO] Cycle 3500: pages=1093 faults=0 migrations=0 pebs[samples=15723 r=15550 w=173 throttle=943 err=0]
[TM INFO] Cycle 3600: pages=1155 faults=0 migrations=0 pebs[samples=16176 r=15999 w=177 throttle=1175 err=0]
[TM INFO] Cycle 3700: pages=1217 faults=0 migrations=0 pebs[samples=16638 r=16458 w=180 throttle=1408 err=0]
[TM INFO] Cycle 3800: pages=1276 faults=0 migrations=0 pebs[samples=17150 r=16962 w=188 throttle=1535 err=0]
[TM INFO] Cycle 3900: pages=1330 faults=0 migrations=0 pebs[samples=17629 r=17433 w=196 throttle=1683 err=0]
[TM INFO] Cycle 4000: pages=1406 faults=0 migrations=0 pebs[samples=18152 r=17948 w=204 throttle=1853 err=0]
[TM INFO] Cycle 4100: pages=1465 faults=0 migrations=0 pebs[samples=18668 r=18458 w=210 throttle=2059 err=0]
[TM INFO] Cycle 4200: pages=1523 faults=0 migrations=0 pebs[samples=19151 r=18930 w=221 throttle=2261 err=0]
[TM INFO] Cycle 4300: pages=1592 faults=0 migrations=0 pebs[samples=19643 r=19418 w=225 throttle=2473 err=0]
[TM INFO] Cycle 4400: pages=1666 faults=0 migrations=0 pebs[samples=20202 r=19969 w=233 throttle=2693 err=0]
[TM INFO] Cycle 4500: pages=1734 faults=0 migrations=0 pebs[samples=20747 r=20508 w=239 throttle=2939 err=0]
[TM INFO] Cycle 4600: pages=1822 faults=0 migrations=0 pebs[samples=21268 r=21020 w=248 throttle=3192 err=0]
[TM INFO] Cycle 4700: pages=1906 faults=0 migrations=0 pebs[samples=21794 r=21537 w=257 throttle=3465 err=0]
[TM INFO] Cycle 4800: pages=1980 faults=0 migrations=0 pebs[samples=22284 r=22020 w=264 throttle=3752 err=0]
[TM INFO] Cycle 4900: pages=2056 faults=0 migrations=0 pebs[samples=22783 r=22515 w=268 throttle=4047 err=0]
[TM INFO] Cycle 5000: pages=2127 faults=0 migrations=0 pebs[samples=23286 r=23004 w=282 throttle=4353 err=0]
[TM INFO] Cycle 5100: pages=2210 faults=0 migrations=0 pebs[samples=23831 r=23545 w=286 throttle=4681 err=0]
[TM INFO] Cycle 5200: pages=2280 faults=0 migrations=0 pebs[samples=24322 r=24031 w=291 throttle=5081 err=0]
before_accesses: 910146220
before_accesses: 907834550
before_accesses: 896854111
[TM INFO] Cycle 5300: pages=2310 faults=0 migrations=0 pebs[samples=24685 r=24388 w=297 throttle=5603 err=0]
before_accesses: 893692991
[TM INFO] Unregistered region: 0x7f50a150e000
[TM INFO] Shutting down tiered memory manager...
[TM INFO] Policy thread exiting
[TM INFO] Policy thread stopped
[TM INFO] UFFD handler thread exiting
[TM INFO] UFFD handler thread stopped
[TM INFO] PEBS totals: samples=24721 reads=24422 writes=299 throttles=5680 errors=0
[TM INFO] Shutting down PEBS...
[TM INFO] Stopping PEBS sampling...
[TM INFO] PEBS collector thread stopped
[TM INFO] PEBS sampling stopped
[TM INFO] PEBS shutdown complete
[TM INFO] Final stats: faults=0, migrations=0, cycles=5315
[TM INFO] Userfaultfd cleaned up
[TM INFO] Page statistics cleaned up
[TM INFO] Shutdown complete
[TM INFO] mmap shim library unloaded
