[TM INFO] mmap shim library loaded
3500000000 updates per thread (4 threads)
field of 2^31 (2147483648) bytes
8 byte element size (268435456 elements total)
[TM INFO] Initializing tiered memory manager...
[TM INFO] TELEMETRY-ONLY mode: uffd paging + migrations disabled, PEBS tracking active
[TM INFO] Initialized tiers: DRAM=4GB, NVM=16GB
[TM INFO] UFFD write-protect tracking: enabled
[TM INFO] Userfaultfd initialized (fd=3)
[TM INFO] Initializing PEBS subsystem...
[TM INFO] Track admission threshold: 10 samples before a page enters the stats table
[TM INFO] PEBS: opening events on 144 CPUs (loads + stores)
[TM INFO] PEBS event 0x81d0: precise_ip requested 2, granted 2
[TM INFO] PEBS event 0x82d0: precise_ip requested 1, granted 1
[TM INFO] PEBS initialized successfully
[TM INFO] Starting PEBS sampling...
[TM INFO] PEBS sampling started
[TM INFO] PEBS hardware sampling enabled
[TM INFO] PEBS collector thread started
[TM INFO] UFFD handler thread started
[TM INFO] UFFD handler thread running
[TM INFO] CSV output: ml_dataset_gups_move_c100.csv
[TM INFO] Write-touch channel: soft-dirty, one window every 20 policy cycles
[TM INFO] Policy thread started
[TM INFO] Tiered memory manager initialized successfully
[TM INFO] Policy thread running (interval=10ms)
[TM INFO] Signal export cadence: 10 cycles (100 ms nominal)
[TM INFO] Registered region: 0x7fb6f2aad000 + 2147483648 bytes (slot 0)
[TM INFO] Managed mmap region: 0x7fb6f2aad000 + 2147483648
Init took 0.8080 seconds
Region address: 0x7fb6f2aad000 - 0x7fb772aad000	 size: 2147483648
Elements per thread: 67108864
Initialization time: 0.8081 seconds.
LDOS_GEOMETRY region_base=0x7fb6f2aad000 region_size=2147483648 slice_bytes=536870912 hot_bytes=131072 threads=4 elt_size=8
Timing.
[TM INFO] Cycle 100: pages=45 faults=0 migrations=0 pebs[samples=614511 r=545302 w=69209 throttle=348 err=0 lost=0]
[TM INFO] Cycle 200: pages=128 faults=0 migrations=0 pebs[samples=1345076 r=1203960 w=141116 throttle=358 err=0 lost=0]
[TM INFO] Cycle 300: pages=128 faults=0 migrations=0 pebs[samples=2066069 r=1843688 w=222381 throttle=386 err=0 lost=0]
[TM INFO] Cycle 400: pages=128 faults=0 migrations=0 pebs[samples=2846388 r=2533853 w=312535 throttle=458 err=0 lost=0]
[TM INFO] Cycle 500: pages=128 faults=0 migrations=0 pebs[samples=3657620 r=3258184 w=399436 throttle=562 err=0 lost=0]
[TM INFO] Cycle 600: pages=128 faults=0 migrations=0 pebs[samples=4496989 r=4003427 w=493562 throttle=702 err=0 lost=0]
[TM INFO] Cycle 700: pages=128 faults=0 migrations=0 pebs[samples=5381498 r=4786987 w=594511 throttle=850 err=0 lost=0]
[TM INFO] Cycle 800: pages=128 faults=0 migrations=0 pebs[samples=6297738 r=5607472 w=690266 throttle=1084 err=0 lost=0]
[TM INFO] Cycle 900: pages=128 faults=0 migrations=0 pebs[samples=7255652 r=6466443 w=789209 throttle=1368 err=0 lost=0]
[TM INFO] Cycle 1000: pages=128 faults=0 migrations=0 pebs[samples=8274218 r=7369899 w=904319 throttle=1714 err=0 lost=0]
[TM INFO] Cycle 1100: pages=128 faults=0 migrations=0 pebs[samples=9300119 r=8298726 w=1001393 throttle=2204 err=0 lost=0]
[TM INFO] Cycle 1200: pages=128 faults=0 migrations=0 pebs[samples=10355257 r=9257216 w=1098041 throttle=2762 err=0 lost=0]
[TM INFO] Cycle 1300: pages=128 faults=0 migrations=0 pebs[samples=11447624 r=10247441 w=1200184 throttle=3446 err=0 lost=0]
[TM INFO] Cycle 1400: pages=128 faults=0 migrations=0 pebs[samples=12602264 r=11289991 w=1312273 throttle=4200 err=0 lost=0]
[TM INFO] Cycle 1500: pages=128 faults=0 migrations=0 pebs[samples=13823610 r=12399949 w=1423661 throttle=4833 err=0 lost=0]
[TM INFO] Cycle 1600: pages=128 faults=0 migrations=0 pebs[samples=15104858 r=13578102 w=1526756 throttle=5504 err=0 lost=0]
[TM INFO] Cycle 1700: pages=128 faults=0 migrations=0 pebs[samples=16457070 r=14821499 w=1635571 throttle=6088 err=0 lost=0]
[TM INFO] Cycle 1800: pages=128 faults=0 migrations=0 pebs[samples=17836951 r=16100495 w=1736456 throttle=6782 err=0 lost=0]
[TM INFO] Cycle 1900: pages=129 faults=0 migrations=0 pebs[samples=19260350 r=17420068 w=1840282 throttle=7532 err=0 lost=0]
[TM INFO] Cycle 2000: pages=129 faults=0 migrations=0 pebs[samples=20723399 r=18778780 w=1944619 throttle=8302 err=0 lost=0]
LDOS_GROUNDTRUTH move_ns=1790633718142 region_base=0x7fb6f2aad000 region_size=2147483648 slice_bytes=536870912 hot_bytes=131072 tic=60
[TM INFO] Cycle 2100: pages=162 faults=0 migrations=0 pebs[samples=22150073 r=20107865 w=2042208 throttle=9086 err=0 lost=0]
[TM INFO] Cycle 2200: pages=163 faults=0 migrations=0 pebs[samples=23561234 r=21429611 w=2131623 throttle=9890 err=0 lost=0]
[TM INFO] Cycle 2300: pages=164 faults=0 migrations=0 pebs[samples=25010742 r=22790166 w=2220576 throttle=10682 err=0 lost=0]
[TM INFO] Cycle 2400: pages=167 faults=0 migrations=0 pebs[samples=26487890 r=24179493 w=2308398 throttle=11386 err=0 lost=0]
[TM INFO] Cycle 2500: pages=169 faults=0 migrations=0 pebs[samples=28015738 r=25621183 w=2394555 throttle=11854 err=0 lost=0]
[TM INFO] Cycle 2600: pages=174 faults=0 migrations=0 pebs[samples=29584241 r=27101175 w=2483066 throttle=12142 err=0 lost=0]
[TM INFO] Cycle 2700: pages=184 faults=0 migrations=0 pebs[samples=31181559 r=28620403 w=2561156 throttle=12337 err=0 lost=0]
[TM INFO] Cycle 2800: pages=199 faults=0 migrations=0 pebs[samples=32816171 r=30163842 w=2652329 throttle=12508 err=0 lost=0]
[TM INFO] Cycle 2900: pages=240 faults=0 migrations=0 pebs[samples=34499018 r=31764648 w=2734370 throttle=12668 err=0 lost=0]
[TM INFO] Cycle 3000: pages=274 faults=0 migrations=0 pebs[samples=36189650 r=33371989 w=2817661 throttle=12862 err=0 lost=0]
[TM INFO] Cycle 3100: pages=328 faults=0 migrations=0 pebs[samples=37931284 r=35016826 w=2914458 throttle=13040 err=0 lost=0]
[TM INFO] Cycle 3200: pages=411 faults=0 migrations=0 pebs[samples=39714810 r=36703205 w=3011605 throttle=13214 err=0 lost=0]
[TM INFO] Cycle 3300: pages=509 faults=0 migrations=0 pebs[samples=41514002 r=38410760 w=3103242 throttle=13398 err=0 lost=0]
[TM INFO] Cycle 3400: pages=649 faults=0 migrations=0 pebs[samples=43343981 r=40149551 w=3194431 throttle=13572 err=0 lost=0]
[TM INFO] Cycle 3500: pages=841 faults=0 migrations=0 pebs[samples=45244956 r=41946409 w=3298547 throttle=13742 err=0 lost=0]
before_accesses: 681045845
before_accesses: 674765264
before_accesses: 669093418
[TM INFO] Cycle 3600: pages=922 faults=0 migrations=0 pebs[samples=46294591 r=42910226 w=3384365 throttle=14494 err=0 lost=0]
[TM INFO] Cycle 3700: pages=950 faults=0 migrations=0 pebs[samples=47018273 r=43565500 w=3452773 throttle=15520 err=0 lost=0]
[TM INFO] Cycle 3800: pages=967 faults=0 migrations=0 pebs[samples=47748140 r=44226647 w=3521493 throttle=16508 err=0 lost=0]
[TM INFO] Cycle 3900: pages=998 faults=0 migrations=0 pebs[samples=48471569 r=44888627 w=3582942 throttle=17564 err=0 lost=0]
[TM INFO] Cycle 4000: pages=1037 faults=0 migrations=0 pebs[samples=49198122 r=45548745 w=3649377 throttle=18611 err=0 lost=0]
before_accesses: 557584049
[TM INFO] Unregistered region: 0x7fb6f2aad000
[TM INFO] Shutting down tiered memory manager...
[TM INFO] Policy thread exiting
[TM INFO] Policy thread stopped
[TM INFO] UFFD handler thread exiting
[TM INFO] UFFD handler thread stopped
[TM INFO] PEBS totals: samples=49812687 reads=46106468 writes=3706219 throttles=19479 errors=0 lost=0
[TM INFO] Shutting down PEBS...
[TM INFO] Stopping PEBS sampling...
[TM INFO] PEBS collector thread stopped
[TM INFO] PEBS sampling stopped
[TM INFO] PEBS shutdown complete
[TM INFO] Final stats: faults=0, migrations=0, cycles=4090
[TM INFO] Userfaultfd cleaned up
[TM INFO] Page statistics cleaned up
[TM INFO] Shutdown complete
[TM INFO] mmap shim library unloaded
