[TM INFO] mmap shim library loaded
3500000000 updates per thread (4 threads)
field of 2^31 (2147483648) bytes
8 byte element size (268435456 elements total)
[TM INFO] Initializing tiered memory manager...
[TM INFO] TELEMETRY-ONLY mode: uffd paging + migrations disabled, PEBS tracking active
[TM INFO] Initialized tiers: DRAM=4GB, NVM=16GB
[TM INFO] UFFD write-protect tracking: enabled
[TM INFO] Userfaultfd initialized (fd=3)
[TM INFO] Initializing PEBS subsystem...
[TM INFO] Track admission threshold: 10 samples before a page enters the stats table
[TM INFO] PEBS: opening events on 144 CPUs (loads + stores)
[TM INFO] PEBS event 0x81d0: precise_ip requested 2, granted 2
[TM INFO] PEBS event 0x82d0: precise_ip requested 1, granted 1
[TM INFO] PEBS initialized successfully
[TM INFO] Starting PEBS sampling...
[TM INFO] PEBS sampling started
[TM INFO] PEBS hardware sampling enabled
[TM INFO] PEBS collector thread started
[TM INFO] UFFD handler thread started
[TM INFO] UFFD handler thread running
[TM INFO] CSV output: ml_dataset_gups_move_c50.csv
[TM INFO] Write-touch channel: soft-dirty, one window every 20 policy cycles
[TM INFO] Policy thread started
[TM INFO] Tiered memory manager initialized successfully
[TM INFO] Policy thread running (interval=10ms)
[TM INFO] Signal export cadence: 5 cycles (50 ms nominal)
[TM INFO] Registered region: 0x7f4f33f27000 + 2147483648 bytes (slot 0)
[TM INFO] Managed mmap region: 0x7f4f33f27000 + 2147483648
Init took 0.8041 seconds
Region address: 0x7f4f33f27000 - 0x7f4fb3f27000	 size: 2147483648
Elements per thread: 67108864
Initialization time: 0.8041 seconds.
LDOS_GEOMETRY region_base=0x7f4f33f27000 region_size=2147483648 slice_bytes=536870912 hot_bytes=131072 threads=4 elt_size=8
Timing.
[TM INFO] Cycle 100: pages=51 faults=0 migrations=0 pebs[samples=676537 r=604179 w=72358 throttle=347 err=0 lost=0]
[TM INFO] Cycle 200: pages=128 faults=0 migrations=0 pebs[samples=1441224 r=1292932 w=148292 throttle=365 err=0 lost=0]
[TM INFO] Cycle 300: pages=128 faults=0 migrations=0 pebs[samples=2254407 r=2023770 w=230637 throttle=445 err=0 lost=0]
[TM INFO] Cycle 400: pages=128 faults=0 migrations=0 pebs[samples=3123804 r=2803873 w=319931 throttle=533 err=0 lost=0]
[TM INFO] Cycle 500: pages=128 faults=0 migrations=0 pebs[samples=4031982 r=3618669 w=413313 throttle=657 err=0 lost=0]
[TM INFO] Cycle 600: pages=128 faults=0 migrations=0 pebs[samples=4980621 r=4470481 w=510140 throttle=821 err=0 lost=0]
[TM INFO] Cycle 700: pages=128 faults=0 migrations=0 pebs[samples=5962011 r=5344852 w=617159 throttle=1120 err=0 lost=0]
[TM INFO] Cycle 800: pages=128 faults=0 migrations=0 pebs[samples=6961836 r=6246180 w=715656 throttle=1577 err=0 lost=0]
[TM INFO] Cycle 900: pages=128 faults=0 migrations=0 pebs[samples=8004944 r=7186469 w=818475 throttle=2155 err=0 lost=0]
[TM INFO] Cycle 1000: pages=128 faults=0 migrations=0 pebs[samples=9072848 r=8152707 w=920141 throttle=2861 err=0 lost=0]
[TM INFO] Cycle 1100: pages=128 faults=0 migrations=0 pebs[samples=10178247 r=9156187 w=1022060 throttle=3677 err=0 lost=0]
[TM INFO] Cycle 1200: pages=128 faults=0 migrations=0 pebs[samples=11310858 r=10179022 w=1131836 throttle=4513 err=0 lost=0]
[TM INFO] Cycle 1300: pages=128 faults=0 migrations=0 pebs[samples=12470531 r=11236045 w=1234486 throttle=5383 err=0 lost=0]
[TM INFO] Cycle 1400: pages=128 faults=0 migrations=0 pebs[samples=13663974 r=12327300 w=1336674 throttle=6295 err=0 lost=0]
[TM INFO] Cycle 1500: pages=128 faults=0 migrations=0 pebs[samples=14934942 r=13493760 w=1441182 throttle=7283 err=0 lost=0]
[TM INFO] Cycle 1600: pages=128 faults=0 migrations=0 pebs[samples=16276704 r=14742880 w=1533824 throttle=8301 err=0 lost=0]
[TM INFO] Cycle 1700: pages=128 faults=0 migrations=0 pebs[samples=17715246 r=16078598 w=1636649 throttle=9211 err=0 lost=0]
[TM INFO] Cycle 1800: pages=128 faults=0 migrations=0 pebs[samples=19216700 r=17471667 w=1745033 throttle=10071 err=0 lost=0]
[TM INFO] Cycle 1900: pages=129 faults=0 migrations=0 pebs[samples=20768193 r=18920841 w=1847352 throttle=11009 err=0 lost=0]
[TM INFO] Cycle 2000: pages=129 faults=0 migrations=0 pebs[samples=22399181 r=20442837 w=1956344 throttle=11849 err=0 lost=0]
LDOS_GROUNDTRUTH move_ns=1663165907808 region_base=0x7f4f33f27000 region_size=2147483648 slice_bytes=536870912 hot_bytes=131072 tic=60
[TM INFO] Cycle 2100: pages=164 faults=0 migrations=0 pebs[samples=23991940 r=21938351 w=2053589 throttle=12457 err=0 lost=0]
[TM INFO] Cycle 2200: pages=170 faults=0 migrations=0 pebs[samples=25606548 r=23454260 w=2152288 throttle=12769 err=0 lost=0]
[TM INFO] Cycle 2300: pages=175 faults=0 migrations=0 pebs[samples=27262183 r=25019070 w=2243114 throttle=13017 err=0 lost=0]
[TM INFO] Cycle 2400: pages=180 faults=0 migrations=0 pebs[samples=28964105 r=26638010 w=2326095 throttle=13221 err=0 lost=0]
[TM INFO] Cycle 2500: pages=198 faults=0 migrations=0 pebs[samples=30730444 r=28306021 w=2424424 throttle=13409 err=0 lost=0]
[TM INFO] Cycle 2600: pages=230 faults=0 migrations=0 pebs[samples=32523548 r=30008798 w=2514750 throttle=13611 err=0 lost=0]
[TM INFO] Cycle 2700: pages=259 faults=0 migrations=0 pebs[samples=34336172 r=31734988 w=2601184 throttle=13810 err=0 lost=0]
[TM INFO] Cycle 2800: pages=296 faults=0 migrations=0 pebs[samples=36185749 r=33487497 w=2698252 throttle=14013 err=0 lost=0]
[TM INFO] Cycle 2900: pages=360 faults=0 migrations=0 pebs[samples=38068686 r=35277255 w=2791431 throttle=14215 err=0 lost=0]
[TM INFO] Cycle 3000: pages=448 faults=0 migrations=0 pebs[samples=39977146 r=37097899 w=2879247 throttle=14412 err=0 lost=0]
[TM INFO] Cycle 3100: pages=560 faults=0 migrations=0 pebs[samples=41952240 r=38973619 w=2978622 throttle=14621 err=0 lost=0]
[TM INFO] Cycle 3200: pages=719 faults=0 migrations=0 pebs[samples=43963298 r=40864076 w=3099223 throttle=14871 err=0 lost=0]
[TM INFO] Cycle 3300: pages=962 faults=0 migrations=0 pebs[samples=46006900 r=42800907 w=3205993 throttle=15131 err=0 lost=0]
before_accesses: 710215333
before_accesses: 706214194
before_accesses: 703053604
before_accesses: 696655098
[TM INFO] Unregistered region: 0x7f4f33f27000
[TM INFO] Shutting down tiered memory manager...
[TM INFO] Policy thread exiting
[TM INFO] Policy thread stopped
[TM INFO] UFFD handler thread exiting
[TM INFO] UFFD handler thread stopped
[TM INFO] PEBS totals: samples=47328003 reads=44042820 writes=3285183 throttles=15478 errors=0 lost=0
[TM INFO] Shutting down PEBS...
[TM INFO] Stopping PEBS sampling...
[TM INFO] PEBS collector thread stopped
[TM INFO] PEBS sampling stopped
[TM INFO] PEBS shutdown complete
[TM INFO] Final stats: faults=0, migrations=0, cycles=3385
[TM INFO] Userfaultfd cleaned up
[TM INFO] Page statistics cleaned up
[TM INFO] Shutdown complete
[TM INFO] mmap shim library unloaded
