[TM INFO] mmap shim library loaded
3500000000 updates per thread (4 threads)
field of 2^31 (2147483648) bytes
8 byte element size (268435456 elements total)
[TM INFO] Initializing tiered memory manager...
[TM INFO] TELEMETRY-ONLY mode: uffd paging + migrations disabled, PEBS tracking active
[TM INFO] Initialized tiers: DRAM=4GB, NVM=16GB
[TM INFO] UFFD write-protect tracking: enabled
[TM INFO] Userfaultfd initialized (fd=3)
[TM INFO] Initializing PEBS subsystem...
[TM INFO] Track admission threshold: 10 samples before a page enters the stats table
[TM INFO] PEBS: opening events on 144 CPUs (loads + stores)
[TM INFO] PEBS event 0x81d0: precise_ip requested 2, granted 2
[TM INFO] PEBS event 0x82d0: precise_ip requested 1, granted 1
[TM INFO] PEBS initialized successfully
[TM INFO] Starting PEBS sampling...
[TM INFO] PEBS sampling started
[TM INFO] PEBS hardware sampling enabled
[TM INFO] PEBS collector thread started
[TM INFO] UFFD handler thread started
[TM INFO] UFFD handler thread running
[TM INFO] CSV output: ml_dataset_gups_move_c400.csv
[TM INFO] Write-touch channel: soft-dirty, one window every 20 policy cycles
[TM INFO] Policy thread started
[TM INFO] Tiered memory manager initialized successfully
[TM INFO] Policy thread running (interval=10ms)
[TM INFO] Signal export cadence: 40 cycles (400 ms nominal)
[TM INFO] Registered region: 0x7f70edff4000 + 2147483648 bytes (slot 0)
[TM INFO] Managed mmap region: 0x7f70edff4000 + 2147483648
Init took 0.8093 seconds
Region address: 0x7f70edff4000 - 0x7f716dff4000	 size: 2147483648
Elements per thread: 67108864
Initialization time: 0.8093 seconds.
LDOS_GEOMETRY region_base=0x7f70edff4000 region_size=2147483648 slice_bytes=536870912 hot_bytes=131072 threads=4 elt_size=8
Timing.
[TM INFO] Cycle 100: pages=42 faults=0 migrations=0 pebs[samples=567995 r=504952 w=63043 throttle=338 err=0 lost=0]
[TM INFO] Cycle 200: pages=126 faults=0 migrations=0 pebs[samples=1285249 r=1142352 w=142897 throttle=342 err=0 lost=0]
[TM INFO] Cycle 300: pages=128 faults=0 migrations=0 pebs[samples=2078706 r=1855549 w=223157 throttle=358 err=0 lost=0]
[TM INFO] Cycle 400: pages=128 faults=0 migrations=0 pebs[samples=2931898 r=2612904 w=318994 throttle=422 err=0 lost=0]
[TM INFO] Cycle 500: pages=128 faults=0 migrations=0 pebs[samples=3806202 r=3400526 w=405677 throttle=518 err=0 lost=0]
[TM INFO] Cycle 600: pages=128 faults=0 migrations=0 pebs[samples=4728595 r=4223964 w=504631 throttle=645 err=0 lost=0]
[TM INFO] Cycle 700: pages=128 faults=0 migrations=0 pebs[samples=5695528 r=5092030 w=603498 throttle=760 err=0 lost=0]
[TM INFO] Cycle 800: pages=128 faults=0 migrations=0 pebs[samples=6688547 r=5985416 w=703132 throttle=959 err=0 lost=0]
[TM INFO] Cycle 900: pages=128 faults=0 migrations=0 pebs[samples=7708894 r=6900427 w=808467 throttle=1318 err=0 lost=0]
[TM INFO] Cycle 1000: pages=128 faults=0 migrations=0 pebs[samples=8778253 r=7865188 w=913065 throttle=1778 err=0 lost=0]
[TM INFO] Cycle 1100: pages=128 faults=0 migrations=0 pebs[samples=9853785 r=8839881 w=1013904 throttle=2449 err=0 lost=0]
[TM INFO] Cycle 1200: pages=128 faults=0 migrations=0 pebs[samples=10949329 r=9838723 w=1110606 throttle=3249 err=0 lost=0]
[TM INFO] Cycle 1300: pages=128 faults=0 migrations=0 pebs[samples=12064363 r=10849674 w=1214689 throttle=4072 err=0 lost=0]
[TM INFO] Cycle 1400: pages=128 faults=0 migrations=0 pebs[samples=13200670 r=11879372 w=1321298 throttle=4912 err=0 lost=0]
[TM INFO] Cycle 1500: pages=128 faults=0 migrations=0 pebs[samples=14349630 r=12930800 w=1418830 throttle=5782 err=0 lost=0]
[TM INFO] Cycle 1600: pages=128 faults=0 migrations=0 pebs[samples=15537296 r=14012692 w=1524604 throttle=6676 err=0 lost=0]
[TM INFO] Cycle 1700: pages=128 faults=0 migrations=0 pebs[samples=16736743 r=15111579 w=1625164 throttle=7588 err=0 lost=0]
[TM INFO] Cycle 1800: pages=128 faults=0 migrations=0 pebs[samples=17992872 r=16264049 w=1728823 throttle=8566 err=0 lost=0]
[TM INFO] Cycle 1900: pages=128 faults=0 migrations=0 pebs[samples=19303983 r=17479532 w=1824451 throttle=9616 err=0 lost=0]
[TM INFO] Cycle 2000: pages=128 faults=0 migrations=0 pebs[samples=20690161 r=18763163 w=1926998 throttle=10722 err=0 lost=0]
[TM INFO] Cycle 2100: pages=129 faults=0 migrations=0 pebs[samples=22148218 r=20120642 w=2027576 throttle=11922 err=0 lost=0]
LDOS_GROUNDTRUTH move_ns=2077410429278 region_base=0x7f70edff4000 region_size=2147483648 slice_bytes=536870912 hot_bytes=131072 tic=60
[TM INFO] Cycle 2200: pages=164 faults=0 migrations=0 pebs[samples=23584635 r=21465356 w=2119279 throttle=13012 err=0 lost=0]
[TM INFO] Cycle 2300: pages=167 faults=0 migrations=0 pebs[samples=25043889 r=22844747 w=2199142 throttle=14063 err=0 lost=0]
[TM INFO] Cycle 2400: pages=169 faults=0 migrations=0 pebs[samples=26601288 r=24301855 w=2299434 throttle=15034 err=0 lost=0]
[TM INFO] Cycle 2500: pages=173 faults=0 migrations=0 pebs[samples=28209806 r=25815051 w=2394755 throttle=15510 err=0 lost=0]
[TM INFO] Cycle 2600: pages=185 faults=0 migrations=0 pebs[samples=29878254 r=27385262 w=2492992 throttle=15864 err=0 lost=0]
[TM INFO] Cycle 2700: pages=195 faults=0 migrations=0 pebs[samples=31565719 r=28969478 w=2596241 throttle=16146 err=0 lost=0]
[TM INFO] Cycle 2800: pages=215 faults=0 migrations=0 pebs[samples=33307398 r=30603461 w=2703937 throttle=16402 err=0 lost=0]
[TM INFO] Cycle 2900: pages=242 faults=0 migrations=0 pebs[samples=35059803 r=32252969 w=2806834 throttle=16595 err=0 lost=0]
[TM INFO] Cycle 3000: pages=276 faults=0 migrations=0 pebs[samples=36843059 r=33935058 w=2908001 throttle=16756 err=0 lost=1548]
[TM INFO] Cycle 3100: pages=340 faults=0 migrations=0 pebs[samples=38635831 r=35636056 w=2999775 throttle=16913 err=0 lost=13308]
[TM INFO] Cycle 3200: pages=430 faults=0 migrations=0 pebs[samples=40426861 r=37314097 w=3112764 throttle=17083 err=0 lost=66322]
[TM INFO] Cycle 3300: pages=582 faults=0 migrations=0 pebs[samples=42244132 r=39024573 w=3219559 throttle=17243 err=0 lost=116315]
[TM INFO] Cycle 3400: pages=766 faults=0 migrations=0 pebs[samples=44089217 r=40758495 w=3330722 throttle=17401 err=0 lost=191806]
[TM INFO] Cycle 3500: pages=982 faults=0 migrations=0 pebs[samples=45955708 r=42514489 w=3441219 throttle=17552 err=0 lost=249722]
before_accesses: 704654337
before_accesses: 696262386
before_accesses: 691926468
before_accesses: 688882359
[TM INFO] Unregistered region: 0x7f70edff4000
[TM INFO] Shutting down tiered memory manager...
[TM INFO] UFFD handler thread exiting
[TM INFO] Policy thread exiting
[TM INFO] Policy thread stopped
[TM INFO] UFFD handler thread stopped
[TM INFO] PEBS totals: samples=47193692 reads=43663105 writes=3530587 throttles=17881 errors=0 lost=291425
[TM INFO] Shutting down PEBS...
[TM INFO] Stopping PEBS sampling...
[TM INFO] PEBS collector thread stopped
[TM INFO] PEBS sampling stopped
[TM INFO] PEBS shutdown complete
[TM INFO] Final stats: faults=0, migrations=0, cycles=3586
[TM INFO] Userfaultfd cleaned up
[TM INFO] Page statistics cleaned up
[TM INFO] Shutdown complete
[TM INFO] mmap shim library unloaded
