[TM INFO] mmap shim library loaded
3500000000 updates per thread (4 threads)
field of 2^31 (2147483648) bytes
8 byte element size (268435456 elements total)
[TM INFO] Initializing tiered memory manager...
[TM INFO] TELEMETRY-ONLY mode: uffd paging + migrations disabled, PEBS tracking active
[TM INFO] Initialized tiers: DRAM=4GB, NVM=16GB
[TM INFO] UFFD write-protect tracking: enabled
[TM INFO] Userfaultfd initialized (fd=3)
[TM INFO] Initializing PEBS subsystem...
[TM INFO] Page sampling enabled: tracking 1 of every 128 pages
[TM INFO] Track admission threshold: 3 samples before a page enters the stats table
[TM INFO] PEBS: opening events on 144 CPUs (loads + stores)
[TM INFO] PEBS initialized successfully
[TM INFO] Starting PEBS sampling...
[TM INFO] PEBS sampling started
[TM INFO] PEBS hardware sampling enabled
[TM INFO] PEBS collector thread started
[TM INFO] UFFD handler thread started
[TM INFO] UFFD handler thread running
[TM INFO] CSV output: ml_dataset_gups_move_lat_c400.csv
[TM INFO] Policy thread started
[TM INFO] Tiered memory manager initialized successfully
[TM INFO] Policy thread running (interval=10ms)
[TM INFO] Signal export cadence: 40 cycles (400 ms nominal)
[TM INFO] Registered region: 0x7f7863a1b000 + 2147483648 bytes (slot 0)
[TM INFO] Managed mmap region: 0x7f7863a1b000 + 2147483648
Init took 0.8089 seconds
Region address: 0x7f7863a1b000 - 0x7f78e3a1b000	 size: 2147483648
Elements per thread: 67108864
Initialization time: 0.8090 seconds.
LDOS_GEOMETRY region_base=0x7f7863a1b000 region_size=2147483648 slice_bytes=536870912 hot_bytes=131072 threads=4 elt_size=8
Timing.
[TM INFO] Cycle 100: pages=0 faults=0 migrations=0 pebs[samples=383 r=338 w=45 throttle=373 err=0]
[TM INFO] Cycle 200: pages=1 faults=0 migrations=0 pebs[samples=718 r=659 w=59 throttle=402 err=0]
[TM INFO] Cycle 300: pages=1 faults=0 migrations=0 pebs[samples=1045 r=984 w=61 throttle=432 err=0]
[TM INFO] Cycle 400: pages=5 faults=0 migrations=0 pebs[samples=1391 r=1329 w=62 throttle=450 err=0]
[TM INFO] Cycle 500: pages=6 faults=0 migrations=0 pebs[samples=1693 r=1628 w=65 throttle=470 err=0]
[TM INFO] Cycle 600: pages=11 faults=0 migrations=0 pebs[samples=2032 r=1961 w=71 throttle=470 err=0]
[TM INFO] Cycle 700: pages=18 faults=0 migrations=0 pebs[samples=2395 r=2323 w=72 throttle=470 err=0]
[TM INFO] Cycle 800: pages=22 faults=0 migrations=0 pebs[samples=2733 r=2660 w=73 throttle=470 err=0]
[TM INFO] Cycle 900: pages=31 faults=0 migrations=0 pebs[samples=3089 r=3011 w=78 throttle=470 err=0]
[TM INFO] Cycle 1000: pages=35 faults=0 migrations=0 pebs[samples=3451 r=3371 w=80 throttle=470 err=0]
[TM INFO] Cycle 1100: pages=45 faults=0 migrations=0 pebs[samples=3813 r=3732 w=81 throttle=470 err=0]
[TM INFO] Cycle 1200: pages=54 faults=0 migrations=0 pebs[samples=4184 r=4101 w=83 throttle=470 err=0]
[TM INFO] Cycle 1300: pages=63 faults=0 migrations=0 pebs[samples=4527 r=4441 w=86 throttle=470 err=0]
[TM INFO] Cycle 1400: pages=75 faults=0 migrations=0 pebs[samples=4878 r=4780 w=98 throttle=470 err=0]
[TM INFO] Cycle 1500: pages=89 faults=0 migrations=0 pebs[samples=5235 r=5135 w=100 throttle=470 err=0]
[TM INFO] Cycle 1600: pages=106 faults=0 migrations=0 pebs[samples=5598 r=5492 w=106 throttle=470 err=0]
[TM INFO] Cycle 1700: pages=128 faults=0 migrations=0 pebs[samples=5943 r=5833 w=110 throttle=470 err=0]
[TM INFO] Cycle 1800: pages=144 faults=0 migrations=0 pebs[samples=6274 r=6163 w=111 throttle=470 err=0]
[TM INFO] Cycle 1900: pages=167 faults=0 migrations=0 pebs[samples=6646 r=6533 w=113 throttle=470 err=0]
[TM INFO] Cycle 2000: pages=194 faults=0 migrations=0 pebs[samples=7024 r=6907 w=117 throttle=470 err=0]
[TM INFO] Cycle 2100: pages=220 faults=0 migrations=0 pebs[samples=7390 r=7268 w=122 throttle=470 err=0]
[TM INFO] Cycle 2200: pages=257 faults=0 migrations=0 pebs[samples=7759 r=7634 w=125 throttle=470 err=0]
[TM INFO] Cycle 2300: pages=286 faults=0 migrations=0 pebs[samples=8104 r=7979 w=125 throttle=470 err=0]
[TM INFO] Cycle 2400: pages=312 faults=0 migrations=0 pebs[samples=8500 r=8367 w=133 throttle=470 err=0]
[TM INFO] Cycle 2500: pages=350 faults=0 migrations=0 pebs[samples=8860 r=8723 w=137 throttle=470 err=0]
[TM INFO] Cycle 2600: pages=379 faults=0 migrations=0 pebs[samples=9182 r=9042 w=140 throttle=470 err=0]
[TM INFO] Cycle 2700: pages=417 faults=0 migrations=0 pebs[samples=9563 r=9420 w=143 throttle=470 err=0]
[TM INFO] Cycle 2800: pages=442 faults=0 migrations=0 pebs[samples=9905 r=9757 w=148 throttle=470 err=0]
[TM INFO] Cycle 2900: pages=480 faults=0 migrations=0 pebs[samples=10249 r=10098 w=151 throttle=470 err=0]
[TM INFO] Cycle 3000: pages=521 faults=0 migrations=0 pebs[samples=10621 r=10462 w=159 throttle=470 err=0]
[TM INFO] Cycle 3100: pages=568 faults=0 migrations=0 pebs[samples=10970 r=10810 w=160 throttle=470 err=0]
[TM INFO] Cycle 3200: pages=610 faults=0 migrations=0 pebs[samples=11363 r=11197 w=166 throttle=472 err=0]
[TM INFO] Cycle 3300: pages=648 faults=0 migrations=0 pebs[samples=11727 r=11557 w=170 throttle=478 err=0]
[TM INFO] Cycle 3400: pages=694 faults=0 migrations=0 pebs[samples=12081 r=11911 w=170 throttle=482 err=0]
[TM INFO] Cycle 3500: pages=743 faults=0 migrations=0 pebs[samples=12470 r=12295 w=175 throttle=486 err=0]
[TM INFO] Cycle 3600: pages=787 faults=0 migrations=0 pebs[samples=12834 r=12658 w=176 throttle=490 err=0]
[TM INFO] Cycle 3700: pages=840 faults=0 migrations=0 pebs[samples=13210 r=13030 w=180 throttle=494 err=0]
[TM INFO] Cycle 3800: pages=881 faults=0 migrations=0 pebs[samples=13578 r=13396 w=182 throttle=496 err=0]
[TM INFO] Cycle 3900: pages=917 faults=0 migrations=0 pebs[samples=13921 r=13731 w=190 throttle=502 err=0]
LDOS_GROUNDTRUTH move_ns=6359329639902 region_base=0x7f7863a1b000 region_size=2147483648 slice_bytes=536870912 hot_bytes=131072 tic=60
[TM INFO] Cycle 4000: pages=965 faults=0 migrations=0 pebs[samples=14318 r=14119 w=199 throttle=506 err=0]
[TM INFO] Cycle 4100: pages=1012 faults=0 migrations=0 pebs[samples=14679 r=14479 w=200 throttle=512 err=0]
[TM INFO] Cycle 4200: pages=1069 faults=0 migrations=0 pebs[samples=15075 r=14869 w=206 throttle=516 err=0]
[TM INFO] Cycle 4300: pages=1122 faults=0 migrations=0 pebs[samples=15466 r=15258 w=208 throttle=524 err=0]
[TM INFO] Cycle 4400: pages=1180 faults=0 migrations=0 pebs[samples=15877 r=15667 w=210 throttle=530 err=0]
[TM INFO] Cycle 4500: pages=1229 faults=0 migrations=0 pebs[samples=16279 r=16065 w=214 throttle=540 err=0]
[TM INFO] Cycle 4600: pages=1282 faults=0 migrations=0 pebs[samples=16700 r=16483 w=217 throttle=548 err=0]
[TM INFO] Cycle 4700: pages=1341 faults=0 migrations=0 pebs[samples=17094 r=16873 w=221 throttle=560 err=0]
[TM INFO] Cycle 4800: pages=1406 faults=0 migrations=0 pebs[samples=17482 r=17258 w=224 throttle=578 err=0]
[TM INFO] Cycle 4900: pages=1476 faults=0 migrations=0 pebs[samples=17909 r=17679 w=230 throttle=594 err=0]
[TM INFO] Cycle 5000: pages=1531 faults=0 migrations=0 pebs[samples=18318 r=18087 w=231 throttle=614 err=0]
[TM INFO] Cycle 5100: pages=1580 faults=0 migrations=0 pebs[samples=18701 r=18465 w=236 throttle=634 err=0]
[TM INFO] Cycle 5200: pages=1620 faults=0 migrations=0 pebs[samples=19098 r=18848 w=250 throttle=664 err=0]
[TM INFO] Cycle 5300: pages=1673 faults=0 migrations=0 pebs[samples=19473 r=19220 w=253 throttle=686 err=0]
[TM INFO] Cycle 5400: pages=1732 faults=0 migrations=0 pebs[samples=19854 r=19595 w=259 throttle=714 err=0]
[TM INFO] Cycle 5500: pages=1776 faults=0 migrations=0 pebs[samples=20206 r=19945 w=261 throttle=742 err=0]
[TM INFO] Cycle 5600: pages=1824 faults=0 migrations=0 pebs[samples=20595 r=20323 w=272 throttle=775 err=0]
[TM INFO] Cycle 5700: pages=1870 faults=0 migrations=0 pebs[samples=20939 r=20666 w=273 throttle=806 err=0]
[TM INFO] Cycle 5800: pages=1918 faults=0 migrations=0 pebs[samples=21338 r=21063 w=275 throttle=839 err=0]
[TM INFO] Cycle 5900: pages=1969 faults=0 migrations=0 pebs[samples=21717 r=21436 w=281 throttle=866 err=0]
[TM INFO] Cycle 6000: pages=2027 faults=0 migrations=0 pebs[samples=22138 r=21849 w=289 throttle=900 err=0]
[TM INFO] Cycle 6100: pages=2072 faults=0 migrations=0 pebs[samples=22528 r=22231 w=297 throttle=932 err=0]
[TM INFO] Cycle 6200: pages=2112 faults=0 migrations=0 pebs[samples=22934 r=22630 w=304 throttle=976 err=0]
[TM INFO] Cycle 6300: pages=2165 faults=0 migrations=0 pebs[samples=23348 r=23042 w=306 throttle=1008 err=0]
[TM INFO] Cycle 6400: pages=2204 faults=0 migrations=0 pebs[samples=23743 r=23426 w=317 throttle=1047 err=0]
[TM INFO] Cycle 6500: pages=2257 faults=0 migrations=0 pebs[samples=24154 r=23832 w=322 throttle=1086 err=0]
before_accesses: 909138917
before_accesses: 907926977
[TM INFO] Cycle 6600: pages=2289 faults=0 migrations=0 pebs[samples=24508 r=24174 w=334 throttle=1131 err=0]
before_accesses: 897046202
before_accesses: 894660672
[TM INFO] Unregistered region: 0x7f7863a1b000
[TM INFO] Shutting down tiered memory manager...
[TM INFO] Policy thread exiting
[TM INFO] Policy thread stopped
[TM INFO] UFFD handler thread exiting
[TM INFO] UFFD handler thread stopped
[TM INFO] PEBS totals: samples=24682 reads=24347 writes=335 throttles=1152 errors=0
[TM INFO] Shutting down PEBS...
[TM INFO] Stopping PEBS sampling...
[TM INFO] PEBS collector thread stopped
[TM INFO] PEBS sampling stopped
[TM INFO] PEBS shutdown complete
[TM INFO] Final stats: faults=0, migrations=0, cycles=6667
[TM INFO] Userfaultfd cleaned up
[TM INFO] Page statistics cleaned up
[TM INFO] Shutdown complete
[TM INFO] mmap shim library unloaded
