[TM INFO] mmap shim library loaded
3500000000 updates per thread (4 threads)
field of 2^31 (2147483648) bytes
8 byte element size (268435456 elements total)
[TM INFO] Initializing tiered memory manager...
[TM INFO] TELEMETRY-ONLY mode: uffd paging + migrations disabled, PEBS tracking active
[TM INFO] Initialized tiers: DRAM=4GB, NVM=16GB
[TM INFO] UFFD write-protect tracking: enabled
[TM INFO] Userfaultfd initialized (fd=3)
[TM INFO] Initializing PEBS subsystem...
[TM INFO] Track admission threshold: 10 samples before a page enters the stats table
[TM INFO] PEBS: opening events on 144 CPUs (loads + stores)
[TM INFO] PEBS initialized successfully
[TM INFO] Starting PEBS sampling...
[TM INFO] PEBS sampling started
[TM INFO] PEBS hardware sampling enabled
[TM INFO] PEBS collector thread started
[TM INFO] UFFD handler thread started
[TM INFO] UFFD handler thread running
[TM INFO] CSV output: ml_dataset_gups_move_c100.csv
[TM INFO] Policy thread started
[TM INFO] Tiered memory manager initialized successfully
[TM INFO] Policy thread running (interval=10ms)
[TM INFO] Signal export cadence: 10 cycles (100 ms nominal)
[TM INFO] Registered region: 0x7f2833b87000 + 2147483648 bytes (slot 0)
[TM INFO] Managed mmap region: 0x7f2833b87000 + 2147483648
Init took 0.8241 seconds
Region address: 0x7f2833b87000 - 0x7f28b3b87000	 size: 2147483648
Elements per thread: 67108864
Initialization time: 0.8242 seconds.
LDOS_GEOMETRY region_base=0x7f2833b87000 region_size=2147483648 slice_bytes=536870912 hot_bytes=131072 threads=4 elt_size=8
Timing.
[TM INFO] Cycle 100: pages=80 faults=0 migrations=0 pebs[samples=737400 r=718682 w=18718 throttle=349 err=0]
[TM INFO] Cycle 200: pages=128 faults=0 migrations=0 pebs[samples=1667253 r=1624178 w=43075 throttle=349 err=0]
[TM INFO] Cycle 300: pages=128 faults=0 migrations=0 pebs[samples=2669151 r=2597860 w=71291 throttle=377 err=0]
[TM INFO] Cycle 400: pages=128 faults=0 migrations=0 pebs[samples=3730738 r=3624316 w=106422 throttle=455 err=0]
[TM INFO] Cycle 500: pages=128 faults=0 migrations=0 pebs[samples=4824488 r=4678466 w=146022 throttle=585 err=0]
[TM INFO] Cycle 600: pages=128 faults=0 migrations=0 pebs[samples=5960237 r=5772870 w=187367 throttle=714 err=0]
[TM INFO] Cycle 700: pages=128 faults=0 migrations=0 pebs[samples=7133064 r=6900786 w=232278 throttle=925 err=0]
[TM INFO] Cycle 800: pages=128 faults=0 migrations=0 pebs[samples=8349845 r=8064467 w=285378 throttle=1262 err=0]
[TM INFO] Cycle 900: pages=128 faults=0 migrations=0 pebs[samples=9595274 r=9257903 w=337371 throttle=1739 err=0]
[TM INFO] Cycle 1000: pages=128 faults=0 migrations=0 pebs[samples=10882387 r=10482176 w=400211 throttle=2441 err=0]
[TM INFO] Cycle 1100: pages=128 faults=0 migrations=0 pebs[samples=12189174 r=11734960 w=454214 throttle=3288 err=0]
[TM INFO] Cycle 1200: pages=128 faults=0 migrations=0 pebs[samples=13530674 r=13019490 w=511184 throttle=4179 err=0]
[TM INFO] Cycle 1300: pages=128 faults=0 migrations=0 pebs[samples=14901593 r=14336500 w=565094 throttle=5101 err=0]
[TM INFO] Cycle 1400: pages=128 faults=0 migrations=0 pebs[samples=16315074 r=15695076 w=619998 throttle=6065 err=0]
[TM INFO] Cycle 1500: pages=128 faults=0 migrations=0 pebs[samples=17797328 r=17117619 w=679710 throttle=7098 err=0]
[TM INFO] Cycle 1600: pages=129 faults=0 migrations=0 pebs[samples=19348507 r=18605497 w=743010 throttle=8201 err=0]
[TM INFO] Cycle 1700: pages=129 faults=0 migrations=0 pebs[samples=20985455 r=20178659 w=806796 throttle=9340 err=0]
[TM INFO] Cycle 1800: pages=130 faults=0 migrations=0 pebs[samples=22694055 r=21826725 w=867330 throttle=10339 err=0]
[TM INFO] Cycle 1900: pages=130 faults=0 migrations=0 pebs[samples=24454366 r=23531856 w=922510 throttle=11326 err=0]
[TM INFO] Cycle 2000: pages=133 faults=0 migrations=0 pebs[samples=26278730 r=25302985 w=975745 throttle=12321 err=0]
LDOS_GROUNDTRUTH move_ns=28312008706512 region_base=0x7f2833b87000 region_size=2147483648 slice_bytes=536870912 hot_bytes=131072 tic=60
[TM INFO] Cycle 2100: pages=167 faults=0 migrations=0 pebs[samples=28030773 r=26996464 w=1034309 throttle=13268 err=0]
[TM INFO] Cycle 2200: pages=173 faults=0 migrations=0 pebs[samples=29822757 r=28730229 w=1092529 throttle=13980 err=0]
[TM INFO] Cycle 2300: pages=183 faults=0 migrations=0 pebs[samples=31674961 r=30516716 w=1158245 throttle=14203 err=0]
[TM INFO] Cycle 2400: pages=205 faults=0 migrations=0 pebs[samples=33567801 r=32341397 w=1226404 throttle=14377 err=0]
[TM INFO] Cycle 2500: pages=242 faults=0 migrations=0 pebs[samples=35508810 r=34206686 w=1302124 throttle=14565 err=0]
[TM INFO] Cycle 2600: pages=294 faults=0 migrations=0 pebs[samples=37478784 r=36108078 w=1370706 throttle=14747 err=0]
[TM INFO] Cycle 2700: pages=369 faults=0 migrations=0 pebs[samples=39496982 r=38051188 w=1445795 throttle=14921 err=0]
[TM INFO] Cycle 2800: pages=469 faults=0 migrations=0 pebs[samples=41502736 r=39967866 w=1534871 throttle=15085 err=0]
[TM INFO] Cycle 2900: pages=617 faults=0 migrations=0 pebs[samples=43596476 r=41978284 w=1618192 throttle=15279 err=0]
before_accesses: 905565874
before_accesses: 898556092
before_accesses: 896248508
before_accesses: 892285350
[TM INFO] Unregistered region: 0x7f2833b87000
[TM INFO] Shutting down tiered memory manager...
[TM INFO] Policy thread exiting
[TM INFO] Policy thread stopped
[TM INFO] UFFD handler thread exiting
[TM INFO] UFFD handler thread stopped
[TM INFO] PEBS totals: samples=44698292 reads=43020259 writes=1678033 throttles=15551 errors=0
[TM INFO] Shutting down PEBS...
[TM INFO] Stopping PEBS sampling...
[TM INFO] PEBS collector thread stopped
[TM INFO] PEBS sampling stopped
[TM INFO] PEBS shutdown complete
[TM INFO] Final stats: faults=0, migrations=0, cycles=2970
[TM INFO] Userfaultfd cleaned up
[TM INFO] Page statistics cleaned up
[TM INFO] Shutdown complete
[TM INFO] mmap shim library unloaded
