[TM INFO] mmap shim library loaded
3500000000 updates per thread (4 threads)
field of 2^31 (2147483648) bytes
8 byte element size (268435456 elements total)
[TM INFO] Initializing tiered memory manager...
[TM INFO] TELEMETRY-ONLY mode: uffd paging + migrations disabled, PEBS tracking active
[TM INFO] Initialized tiers: DRAM=4GB, NVM=16GB
[TM INFO] UFFD write-protect tracking: enabled
[TM INFO] Userfaultfd initialized (fd=3)
[TM INFO] Initializing PEBS subsystem...
[TM INFO] Page sampling enabled: tracking 1 of every 128 pages
[TM INFO] Track admission threshold: 3 samples before a page enters the stats table
[TM INFO] PEBS: opening events on 144 CPUs (loads + stores)
[TM INFO] PEBS initialized successfully
[TM INFO] Starting PEBS sampling...
[TM INFO] PEBS sampling started
[TM INFO] PEBS hardware sampling enabled
[TM INFO] PEBS collector thread started
[TM INFO] UFFD handler thread started
[TM INFO] UFFD handler thread running
[TM INFO] CSV output: ml_dataset_gups_move_c400.csv
[TM INFO] Policy thread started
[TM INFO] Tiered memory manager initialized successfully
[TM INFO] Policy thread running (interval=10ms)
[TM INFO] Signal export cadence: 40 cycles (400 ms nominal)
[TM INFO] Registered region: 0x7f16fdb79000 + 2147483648 bytes (slot 0)
[TM INFO] Managed mmap region: 0x7f16fdb79000 + 2147483648
Init took 0.8188 seconds
Region address: 0x7f16fdb79000 - 0x7f177db79000	 size: 2147483648
Elements per thread: 67108864
Initialization time: 0.8188 seconds.
LDOS_GEOMETRY region_base=0x7f16fdb79000 region_size=2147483648 slice_bytes=536870912 hot_bytes=131072 threads=4 elt_size=8
Timing.
[TM INFO] Cycle 100: pages=4 faults=0 migrations=0 pebs[samples=431 r=397 w=34 throttle=343 err=0]
[TM INFO] Cycle 200: pages=6 faults=0 migrations=0 pebs[samples=831 r=794 w=37 throttle=343 err=0]
[TM INFO] Cycle 300: pages=6 faults=0 migrations=0 pebs[samples=1218 r=1177 w=41 throttle=343 err=0]
[TM INFO] Cycle 400: pages=10 faults=0 migrations=0 pebs[samples=1638 r=1594 w=44 throttle=343 err=0]
[TM INFO] Cycle 500: pages=12 faults=0 migrations=0 pebs[samples=2029 r=1985 w=44 throttle=343 err=0]
[TM INFO] Cycle 600: pages=15 faults=0 migrations=0 pebs[samples=2425 r=2378 w=47 throttle=343 err=0]
[TM INFO] Cycle 700: pages=23 faults=0 migrations=0 pebs[samples=2807 r=2753 w=54 throttle=343 err=0]
[TM INFO] Cycle 800: pages=25 faults=0 migrations=0 pebs[samples=3230 r=3171 w=59 throttle=343 err=0]
[TM INFO] Cycle 900: pages=28 faults=0 migrations=0 pebs[samples=3618 r=3557 w=61 throttle=343 err=0]
[TM INFO] Cycle 1000: pages=39 faults=0 migrations=0 pebs[samples=3998 r=3934 w=64 throttle=343 err=0]
[TM INFO] Cycle 1100: pages=49 faults=0 migrations=0 pebs[samples=4398 r=4330 w=68 throttle=343 err=0]
[TM INFO] Cycle 1200: pages=57 faults=0 migrations=0 pebs[samples=4809 r=4740 w=69 throttle=343 err=0]
[TM INFO] Cycle 1300: pages=71 faults=0 migrations=0 pebs[samples=5226 r=5156 w=70 throttle=343 err=0]
[TM INFO] Cycle 1400: pages=95 faults=0 migrations=0 pebs[samples=5650 r=5577 w=73 throttle=343 err=0]
[TM INFO] Cycle 1500: pages=110 faults=0 migrations=0 pebs[samples=6048 r=5973 w=75 throttle=343 err=0]
[TM INFO] Cycle 1600: pages=125 faults=0 migrations=0 pebs[samples=6470 r=6382 w=88 throttle=343 err=0]
[TM INFO] Cycle 1700: pages=147 faults=0 migrations=0 pebs[samples=6867 r=6779 w=88 throttle=343 err=0]
[TM INFO] Cycle 1800: pages=168 faults=0 migrations=0 pebs[samples=7281 r=7192 w=89 throttle=343 err=0]
[TM INFO] Cycle 1900: pages=199 faults=0 migrations=0 pebs[samples=7698 r=7603 w=95 throttle=343 err=0]
[TM INFO] Cycle 2000: pages=222 faults=0 migrations=0 pebs[samples=8098 r=8001 w=97 throttle=343 err=0]
[TM INFO] Cycle 2100: pages=253 faults=0 migrations=0 pebs[samples=8503 r=8405 w=98 throttle=343 err=0]
[TM INFO] Cycle 2200: pages=278 faults=0 migrations=0 pebs[samples=8879 r=8781 w=98 throttle=343 err=0]
[TM INFO] Cycle 2300: pages=307 faults=0 migrations=0 pebs[samples=9277 r=9174 w=103 throttle=343 err=0]
[TM INFO] Cycle 2400: pages=346 faults=0 migrations=0 pebs[samples=9705 r=9599 w=106 throttle=343 err=0]
[TM INFO] Cycle 2500: pages=383 faults=0 migrations=0 pebs[samples=10123 r=10017 w=106 throttle=343 err=0]
[TM INFO] Cycle 2600: pages=415 faults=0 migrations=0 pebs[samples=10529 r=10420 w=109 throttle=343 err=0]
[TM INFO] Cycle 2700: pages=448 faults=0 migrations=0 pebs[samples=10960 r=10850 w=110 throttle=343 err=0]
[TM INFO] Cycle 2800: pages=496 faults=0 migrations=0 pebs[samples=11369 r=11255 w=114 throttle=343 err=0]
[TM INFO] Cycle 2900: pages=526 faults=0 migrations=0 pebs[samples=11787 r=11668 w=119 throttle=345 err=0]
[TM INFO] Cycle 3000: pages=561 faults=0 migrations=0 pebs[samples=12187 r=12065 w=122 throttle=345 err=0]
[TM INFO] Cycle 3100: pages=596 faults=0 migrations=0 pebs[samples=12578 r=12450 w=128 throttle=349 err=0]
[TM INFO] Cycle 3200: pages=639 faults=0 migrations=0 pebs[samples=13006 r=12876 w=130 throttle=351 err=0]
[TM INFO] Cycle 3300: pages=690 faults=0 migrations=0 pebs[samples=13440 r=13310 w=130 throttle=355 err=0]
[TM INFO] Cycle 3400: pages=737 faults=0 migrations=0 pebs[samples=13910 r=13776 w=134 throttle=359 err=0]
[TM INFO] Cycle 3500: pages=787 faults=0 migrations=0 pebs[samples=14292 r=14157 w=135 throttle=361 err=0]
[TM INFO] Cycle 3600: pages=847 faults=0 migrations=0 pebs[samples=14714 r=14575 w=139 throttle=365 err=0]
[TM INFO] Cycle 3700: pages=890 faults=0 migrations=0 pebs[samples=15128 r=14988 w=140 throttle=369 err=0]
[TM INFO] Cycle 3800: pages=944 faults=0 migrations=0 pebs[samples=15557 r=15416 w=141 throttle=371 err=0]
LDOS_GROUNDTRUTH move_ns=5935352323151 region_base=0x7f16fdb79000 region_size=2147483648 slice_bytes=536870912 hot_bytes=131072 tic=60
[TM INFO] Cycle 3900: pages=990 faults=0 migrations=0 pebs[samples=15934 r=15787 w=147 throttle=377 err=0]
[TM INFO] Cycle 4000: pages=1052 faults=0 migrations=0 pebs[samples=16362 r=16213 w=149 throttle=379 err=0]
[TM INFO] Cycle 4100: pages=1101 faults=0 migrations=0 pebs[samples=16713 r=16555 w=158 throttle=387 err=0]
[TM INFO] Cycle 4200: pages=1150 faults=0 migrations=0 pebs[samples=17135 r=16975 w=160 throttle=391 err=0]
[TM INFO] Cycle 4300: pages=1205 faults=0 migrations=0 pebs[samples=17528 r=17362 w=166 throttle=397 err=0]
[TM INFO] Cycle 4400: pages=1266 faults=0 migrations=0 pebs[samples=17947 r=17778 w=169 throttle=409 err=0]
[TM INFO] Cycle 4500: pages=1316 faults=0 migrations=0 pebs[samples=18330 r=18159 w=171 throttle=421 err=0]
[TM INFO] Cycle 4600: pages=1377 faults=0 migrations=0 pebs[samples=18773 r=18592 w=181 throttle=438 err=0]
[TM INFO] Cycle 4700: pages=1430 faults=0 migrations=0 pebs[samples=19158 r=18974 w=184 throttle=453 err=0]
[TM INFO] Cycle 4800: pages=1475 faults=0 migrations=0 pebs[samples=19560 r=19371 w=189 throttle=470 err=0]
[TM INFO] Cycle 4900: pages=1546 faults=0 migrations=0 pebs[samples=19981 r=19791 w=190 throttle=491 err=0]
[TM INFO] Cycle 5000: pages=1613 faults=0 migrations=0 pebs[samples=20384 r=20188 w=196 throttle=512 err=0]
[TM INFO] Cycle 5100: pages=1656 faults=0 migrations=0 pebs[samples=20788 r=20588 w=200 throttle=529 err=0]
[TM INFO] Cycle 5200: pages=1718 faults=0 migrations=0 pebs[samples=21199 r=20996 w=203 throttle=557 err=0]
[TM INFO] Cycle 5300: pages=1779 faults=0 migrations=0 pebs[samples=21644 r=21432 w=212 throttle=583 err=0]
[TM INFO] Cycle 5400: pages=1838 faults=0 migrations=0 pebs[samples=22080 r=21867 w=213 throttle=611 err=0]
[TM INFO] Cycle 5500: pages=1895 faults=0 migrations=0 pebs[samples=22463 r=22245 w=218 throttle=637 err=0]
[TM INFO] Cycle 5600: pages=1961 faults=0 migrations=0 pebs[samples=22863 r=22641 w=222 throttle=675 err=0]
[TM INFO] Cycle 5700: pages=2020 faults=0 migrations=0 pebs[samples=23265 r=23037 w=228 throttle=699 err=0]
[TM INFO] Cycle 5800: pages=2079 faults=0 migrations=0 pebs[samples=23650 r=23414 w=236 throttle=739 err=0]
[TM INFO] Cycle 5900: pages=2138 faults=0 migrations=0 pebs[samples=24058 r=23815 w=243 throttle=771 err=0]
[TM INFO] Cycle 6000: pages=2193 faults=0 migrations=0 pebs[samples=24490 r=24245 w=245 throttle=811 err=0]
[TM INFO] Cycle 6100: pages=2247 faults=0 migrations=0 pebs[samples=24869 r=24623 w=246 throttle=843 err=0]
[TM INFO] Cycle 6200: pages=2295 faults=0 migrations=0 pebs[samples=25315 r=25064 w=251 throttle=882 err=0]
[TM INFO] Cycle 6300: pages=2338 faults=0 migrations=0 pebs[samples=25719 r=25467 w=252 throttle=919 err=0]
before_accesses: 907435009
before_accesses: 906173420
[TM INFO] Cycle 6400: pages=2382 faults=0 migrations=0 pebs[samples=26134 r=25878 w=256 throttle=965 err=0]
before_accesses: 900250811
before_accesses: 897548624
[TM INFO] Unregistered region: 0x7f16fdb79000
[TM INFO] Shutting down tiered memory manager...
[TM INFO] Policy thread exiting
[TM INFO] Policy thread stopped
[TM INFO] UFFD handler thread exiting
[TM INFO] UFFD handler thread stopped
[TM INFO] PEBS totals: samples=26312 reads=26056 writes=256 throttles=989 errors=0
[TM INFO] Shutting down PEBS...
[TM INFO] Stopping PEBS sampling...
[TM INFO] PEBS collector thread stopped
[TM INFO] PEBS sampling stopped
[TM INFO] PEBS shutdown complete
[TM INFO] Final stats: faults=0, migrations=0, cycles=6472
[TM INFO] Userfaultfd cleaned up
[TM INFO] Page statistics cleaned up
[TM INFO] Shutdown complete
[TM INFO] mmap shim library unloaded
