[TM INFO] mmap shim library loaded
3500000000 updates per thread (4 threads)
field of 2^31 (2147483648) bytes
8 byte element size (268435456 elements total)
[TM INFO] Initializing tiered memory manager...
[TM INFO] TELEMETRY-ONLY mode: uffd paging + migrations disabled, PEBS tracking active
[TM INFO] Initialized tiers: DRAM=4GB, NVM=16GB
[TM INFO] UFFD write-protect tracking: enabled
[TM INFO] Userfaultfd initialized (fd=3)
[TM INFO] Initializing PEBS subsystem...
[TM INFO] Track admission threshold: 10 samples before a page enters the stats table
[TM INFO] PEBS: opening events on 144 CPUs (loads + stores)
[TM INFO] PEBS event 0x81d0: precise_ip requested 2, granted 2
[TM INFO] PEBS event 0x82d0: precise_ip requested 1, granted 1
[TM INFO] PEBS initialized successfully
[TM INFO] Starting PEBS sampling...
[TM INFO] PEBS sampling started
[TM INFO] PEBS hardware sampling enabled
[TM INFO] PEBS collector thread started
[TM INFO] UFFD handler thread started
[TM INFO] UFFD handler thread running
[TM INFO] CSV output: ml_dataset_gups_move_c200.csv
[TM INFO] Write-touch channel: soft-dirty, one window every 1 policy cycles
[TM INFO] Policy thread started
[TM INFO] Tiered memory manager initialized successfully
[TM INFO] Policy thread running (interval=10ms)
[TM INFO] Signal export cadence: 20 cycles (200 ms nominal)
[TM INFO] Registered region: 0x7f65bc000000 + 2147483648 bytes (slot 0)
[TM INFO] Managed mmap region: 0x7f65bc000000 + 2147483648
Init took 0.8056 seconds
Region address: 0x7f65bc000000 - 0x7f663c000000	 size: 2147483648
Elements per thread: 67108864
Initialization time: 0.8056 seconds.
LDOS_GEOMETRY region_base=0x7f65bc000000 region_size=2147483648 slice_bytes=536870912 hot_bytes=131072 threads=4 elt_size=8
Timing.
[TM INFO] Cycle 100: pages=0 faults=0 migrations=0 pebs[samples=320361 r=240380 w=79981 throttle=126 err=0 lost=0]
[TM INFO] Cycle 200: pages=0 faults=0 migrations=0 pebs[samples=534808 r=414329 w=120480 throttle=298 err=0 lost=0]
[TM INFO] Cycle 300: pages=4 faults=0 migrations=0 pebs[samples=756676 r=594132 w=162544 throttle=504 err=0 lost=0]
[TM INFO] Cycle 400: pages=29 faults=0 migrations=0 pebs[samples=986943 r=780872 w=206071 throttle=696 err=0 lost=0]
[TM INFO] Cycle 500: pages=60 faults=0 migrations=0 pebs[samples=1231172 r=977823 w=253349 throttle=928 err=0 lost=0]
[TM INFO] Cycle 600: pages=90 faults=0 migrations=0 pebs[samples=1486357 r=1183135 w=303222 throttle=1206 err=0 lost=0]
[TM INFO] Cycle 700: pages=109 faults=0 migrations=0 pebs[samples=1752413 r=1397270 w=355143 throttle=1484 err=0 lost=0]
[TM INFO] Cycle 800: pages=123 faults=0 migrations=0 pebs[samples=2023089 r=1614360 w=408729 throttle=1788 err=0 lost=0]
[TM INFO] Cycle 900: pages=126 faults=0 migrations=0 pebs[samples=2295357 r=1833401 w=461956 throttle=2103 err=0 lost=0]
[TM INFO] Cycle 1000: pages=128 faults=0 migrations=0 pebs[samples=2578101 r=2058499 w=519602 throttle=2432 err=0 lost=0]
[TM INFO] Cycle 1100: pages=128 faults=0 migrations=0 pebs[samples=2863695 r=2286711 w=576984 throttle=2782 err=0 lost=0]
[TM INFO] Cycle 1200: pages=128 faults=0 migrations=0 pebs[samples=3151269 r=2515265 w=636004 throttle=3168 err=0 lost=0]
[TM INFO] Cycle 1300: pages=128 faults=0 migrations=0 pebs[samples=3441275 r=2747902 w=693373 throttle=3551 err=0 lost=0]
[TM INFO] Cycle 1400: pages=128 faults=0 migrations=0 pebs[samples=3734948 r=2982673 w=752275 throttle=3936 err=0 lost=0]
[TM INFO] Cycle 1500: pages=128 faults=0 migrations=0 pebs[samples=4031601 r=3219903 w=811698 throttle=4336 err=0 lost=0]
[TM INFO] Cycle 1600: pages=128 faults=0 migrations=0 pebs[samples=4329444 r=3460029 w=869415 throttle=4745 err=0 lost=0]
[TM INFO] Cycle 1700: pages=128 faults=0 migrations=0 pebs[samples=4632161 r=3700425 w=931737 throttle=5154 err=0 lost=0]
[TM INFO] Cycle 1800: pages=128 faults=0 migrations=0 pebs[samples=4939198 r=3945582 w=993616 throttle=5570 err=0 lost=0]
[TM INFO] Cycle 1900: pages=128 faults=0 migrations=0 pebs[samples=5248985 r=4192982 w=1056003 throttle=6004 err=0 lost=0]
[TM INFO] Cycle 2000: pages=128 faults=0 migrations=0 pebs[samples=5561525 r=4443596 w=1117929 throttle=6436 err=0 lost=0]
[TM INFO] Cycle 2100: pages=128 faults=0 migrations=0 pebs[samples=5878157 r=4696306 w=1181851 throttle=6883 err=0 lost=0]
LDOS_GROUNDTRUTH move_ns=5019819283201 region_base=0x7f65bc000000 region_size=2147483648 slice_bytes=536870912 hot_bytes=131072 tic=60
[TM INFO] Cycle 2200: pages=160 faults=0 migrations=0 pebs[samples=6183527 r=4944044 w=1239483 throttle=7328 err=0 lost=0]
[TM INFO] Cycle 2300: pages=160 faults=0 migrations=0 pebs[samples=6475851 r=5186208 w=1289644 throttle=7780 err=0 lost=0]
[TM INFO] Cycle 2400: pages=160 faults=0 migrations=0 pebs[samples=6772511 r=5431777 w=1340734 throttle=8258 err=0 lost=0]
[TM INFO] Cycle 2500: pages=160 faults=0 migrations=0 pebs[samples=7072258 r=5677712 w=1394546 throttle=8737 err=0 lost=0]
[TM INFO] Cycle 2600: pages=160 faults=0 migrations=0 pebs[samples=7371716 r=5923961 w=1447755 throttle=9222 err=0 lost=0]
[TM INFO] Cycle 2700: pages=160 faults=0 migrations=0 pebs[samples=7674021 r=6173066 w=1500955 throttle=9716 err=0 lost=0]
[TM INFO] Cycle 2800: pages=160 faults=0 migrations=0 pebs[samples=7977330 r=6422297 w=1555033 throttle=10208 err=0 lost=0]
[TM INFO] Cycle 2900: pages=160 faults=0 migrations=0 pebs[samples=8285233 r=6675797 w=1609436 throttle=10708 err=0 lost=0]
[TM INFO] Cycle 3000: pages=160 faults=0 migrations=0 pebs[samples=8598196 r=6931559 w=1666637 throttle=11220 err=0 lost=0]
[TM INFO] Cycle 3100: pages=160 faults=0 migrations=0 pebs[samples=8907004 r=7186857 w=1720147 throttle=11735 err=0 lost=0]
[TM INFO] Cycle 3200: pages=160 faults=0 migrations=0 pebs[samples=9219172 r=7444102 w=1775071 throttle=12262 err=0 lost=0]
[TM INFO] Cycle 3300: pages=160 faults=0 migrations=0 pebs[samples=9532754 r=7702088 w=1830666 throttle=12795 err=0 lost=0]
[TM INFO] Cycle 3400: pages=160 faults=0 migrations=0 pebs[samples=9850921 r=7963223 w=1887698 throttle=13325 err=0 lost=0]
[TM INFO] Cycle 3500: pages=160 faults=0 migrations=0 pebs[samples=10164208 r=8223736 w=1940472 throttle=13867 err=0 lost=0]
[TM INFO] Cycle 3600: pages=160 faults=0 migrations=0 pebs[samples=10486644 r=8489445 w=1997199 throttle=14421 err=0 lost=0]
[TM INFO] Cycle 3700: pages=160 faults=0 migrations=0 pebs[samples=10809209 r=8754627 w=2054582 throttle=14978 err=0 lost=0]
[TM INFO] Cycle 3800: pages=160 faults=0 migrations=0 pebs[samples=11132729 r=9022916 w=2109813 throttle=15542 err=0 lost=0]
[TM INFO] Cycle 3900: pages=160 faults=0 migrations=0 pebs[samples=11455613 r=9289415 w=2166198 throttle=16102 err=0 lost=0]
[TM INFO] Cycle 4000: pages=160 faults=0 migrations=0 pebs[samples=11784757 r=9560491 w=2224266 throttle=16669 err=0 lost=0]
[TM INFO] Cycle 4100: pages=160 faults=0 migrations=0 pebs[samples=12110839 r=9831765 w=2279074 throttle=17241 err=0 lost=0]
[TM INFO] Cycle 4200: pages=160 faults=0 migrations=0 pebs[samples=12437215 r=10103976 w=2333239 throttle=17824 err=0 lost=0]
[TM INFO] Cycle 4300: pages=160 faults=0 migrations=0 pebs[samples=12772557 r=10379667 w=2392890 throttle=18427 err=0 lost=0]
[TM INFO] Cycle 4400: pages=160 faults=0 migrations=0 pebs[samples=13108826 r=10656818 w=2452008 throttle=19025 err=0 lost=0]
[TM INFO] Cycle 4500: pages=160 faults=0 migrations=0 pebs[samples=13445655 r=10934598 w=2511057 throttle=19615 err=0 lost=0]
[TM INFO] Cycle 4600: pages=160 faults=0 migrations=0 pebs[samples=13779053 r=11213119 w=2565934 throttle=20217 err=0 lost=0]
[TM INFO] Cycle 4700: pages=160 faults=0 migrations=0 pebs[samples=14118289 r=11493049 w=2625240 throttle=20825 err=0 lost=0]
[TM INFO] Cycle 4800: pages=160 faults=0 migrations=0 pebs[samples=14457772 r=11774363 w=2683410 throttle=21451 err=0 lost=0]
[TM INFO] Cycle 4900: pages=160 faults=0 migrations=0 pebs[samples=14801030 r=12058350 w=2742680 throttle=22085 err=0 lost=0]
[TM INFO] Cycle 5000: pages=160 faults=0 migrations=0 pebs[samples=15142246 r=12342422 w=2799824 throttle=22722 err=0 lost=0]
[TM INFO] Cycle 5100: pages=160 faults=0 migrations=0 pebs[samples=15491318 r=12629572 w=2861746 throttle=23351 err=0 lost=0]
[TM INFO] Cycle 5200: pages=160 faults=0 migrations=0 pebs[samples=15838446 r=12916904 w=2921542 throttle=24005 err=0 lost=0]
[TM INFO] Cycle 5300: pages=160 faults=0 migrations=0 pebs[samples=16195983 r=13207848 w=2988135 throttle=24652 err=0 lost=0]
[TM INFO] Cycle 5400: pages=160 faults=0 migrations=0 pebs[samples=16547952 r=13499155 w=3048797 throttle=25300 err=0 lost=0]
before_accesses: 98779398
before_accesses: 98018981
before_accesses: 98580244
before_accesses: 98112057
[TM INFO] Unregistered region: 0x7f65bc000000
[TM INFO] Shutting down tiered memory manager...
[TM INFO] Policy thread exiting
[TM INFO] Policy thread stopped
[TM INFO] UFFD handler thread exiting
[TM INFO] UFFD handler thread stopped
[TM INFO] PEBS totals: samples=16709679 reads=13632592 writes=3077087 throttles=25594 errors=0 lost=0
[TM INFO] Shutting down PEBS...
[TM INFO] Stopping PEBS sampling...
[TM INFO] PEBS collector thread stopped
[TM INFO] PEBS sampling stopped
[TM INFO] PEBS shutdown complete
[TM INFO] Final stats: faults=0, migrations=0, cycles=5451
[TM INFO] Userfaultfd cleaned up
[TM INFO] Page statistics cleaned up
[TM INFO] Shutdown complete
[TM INFO] mmap shim library unloaded
