[TM INFO] mmap shim library loaded
3500000000 updates per thread (4 threads)
field of 2^31 (2147483648) bytes
8 byte element size (268435456 elements total)
[TM INFO] Initializing tiered memory manager...
[TM INFO] TELEMETRY-ONLY mode: uffd paging + migrations disabled, PEBS tracking active
[TM INFO] Initialized tiers: DRAM=4GB, NVM=16GB
[TM INFO] UFFD write-protect tracking: enabled
[TM INFO] Userfaultfd initialized (fd=3)
[TM INFO] Initializing PEBS subsystem...
[TM INFO] Track admission threshold: 10 samples before a page enters the stats table
[TM INFO] PEBS: opening events on 144 CPUs (loads + stores)
[TM INFO] PEBS event 0x81d0: precise_ip requested 2, granted 2
[TM INFO] PEBS event 0x82d0: precise_ip requested 1, granted 1
[TM INFO] PEBS initialized successfully
[TM INFO] Starting PEBS sampling...
[TM INFO] PEBS sampling started
[TM INFO] PEBS hardware sampling enabled
[TM INFO] PEBS collector thread started
[TM INFO] UFFD handler thread started
[TM INFO] UFFD handler thread running
[TM INFO] CSV output: ml_dataset_gups_move_w0p5.csv
[TM INFO] Write-touch channel: soft-dirty, one window every 1 policy cycles
[TM INFO] Policy thread started
[TM INFO] Tiered memory manager initialized successfully
[TM INFO] Policy thread running (interval=10ms)
[TM INFO] Signal export cadence: 20 cycles (200 ms nominal)
[TM INFO] Registered region: 0x7f864579c000 + 2147483648 bytes (slot 0)
[TM INFO] Managed mmap region: 0x7f864579c000 + 2147483648
Init took 0.8082 seconds
Region address: 0x7f864579c000 - 0x7f86c579c000	 size: 2147483648
Elements per thread: 67108864
Initialization time: 0.8082 seconds.
LDOS_GEOMETRY region_base=0x7f864579c000 region_size=2147483648 slice_bytes=536870912 hot_bytes=131072 threads=4 elt_size=8
Timing.
[TM INFO] Cycle 100: pages=0 faults=0 migrations=0 pebs[samples=322812 r=240838 w=81974 throttle=140 err=0 lost=0]
[TM INFO] Cycle 200: pages=0 faults=0 migrations=0 pebs[samples=539368 r=416837 w=122532 throttle=324 err=0 lost=0]
[TM INFO] Cycle 300: pages=8 faults=0 migrations=0 pebs[samples=762971 r=598455 w=164516 throttle=516 err=0 lost=0]
[TM INFO] Cycle 400: pages=26 faults=0 migrations=0 pebs[samples=995315 r=785823 w=209492 throttle=728 err=0 lost=0]
[TM INFO] Cycle 500: pages=56 faults=0 migrations=0 pebs[samples=1237528 r=982347 w=255181 throttle=944 err=0 lost=0]
[TM INFO] Cycle 600: pages=82 faults=0 migrations=0 pebs[samples=1488581 r=1185075 w=303506 throttle=1206 err=0 lost=0]
[TM INFO] Cycle 700: pages=108 faults=0 migrations=0 pebs[samples=1752280 r=1396997 w=355283 throttle=1450 err=0 lost=0]
[TM INFO] Cycle 800: pages=120 faults=0 migrations=0 pebs[samples=2021070 r=1612914 w=408156 throttle=1732 err=0 lost=0]
[TM INFO] Cycle 900: pages=127 faults=0 migrations=0 pebs[samples=2295755 r=1833003 w=462752 throttle=2012 err=0 lost=0]
[TM INFO] Cycle 1000: pages=127 faults=0 migrations=0 pebs[samples=2573367 r=2055337 w=518030 throttle=2336 err=0 lost=0]
[TM INFO] Cycle 1100: pages=127 faults=0 migrations=0 pebs[samples=2855244 r=2280151 w=575093 throttle=2716 err=0 lost=0]
[TM INFO] Cycle 1200: pages=128 faults=0 migrations=0 pebs[samples=3139163 r=2507984 w=631179 throttle=3079 err=0 lost=0]
[TM INFO] Cycle 1300: pages=128 faults=0 migrations=0 pebs[samples=3429704 r=2740094 w=689610 throttle=3457 err=0 lost=0]
[TM INFO] Cycle 1400: pages=128 faults=0 migrations=0 pebs[samples=3722428 r=2973324 w=749104 throttle=3852 err=0 lost=0]
[TM INFO] Cycle 1500: pages=128 faults=0 migrations=0 pebs[samples=4019141 r=3210850 w=808291 throttle=4245 err=0 lost=0]
[TM INFO] Cycle 1600: pages=128 faults=0 migrations=0 pebs[samples=4317590 r=3450497 w=867093 throttle=4654 err=0 lost=0]
[TM INFO] Cycle 1700: pages=128 faults=0 migrations=0 pebs[samples=4622113 r=3694361 w=927752 throttle=5072 err=0 lost=0]
[TM INFO] Cycle 1800: pages=128 faults=0 migrations=0 pebs[samples=4926736 r=3939767 w=986969 throttle=5506 err=0 lost=0]
[TM INFO] Cycle 1900: pages=128 faults=0 migrations=0 pebs[samples=5240169 r=4188485 w=1051685 throttle=5942 err=0 lost=0]
[TM INFO] Cycle 2000: pages=128 faults=0 migrations=0 pebs[samples=5555310 r=4439936 w=1115374 throttle=6391 err=0 lost=0]
[TM INFO] Cycle 2100: pages=128 faults=0 migrations=0 pebs[samples=5874238 r=4693699 w=1180539 throttle=6848 err=0 lost=0]
LDOS_GROUNDTRUTH move_ns=5507005928648 region_base=0x7f864579c000 region_size=2147483648 slice_bytes=536870912 hot_bytes=131072 tic=60
[TM INFO] Cycle 2200: pages=160 faults=0 migrations=0 pebs[samples=6186076 r=4944113 w=1241963 throttle=7314 err=0 lost=0]
[TM INFO] Cycle 2300: pages=160 faults=0 migrations=0 pebs[samples=6483987 r=5188114 w=1295874 throttle=7794 err=0 lost=0]
[TM INFO] Cycle 2400: pages=160 faults=0 migrations=0 pebs[samples=6781308 r=5433334 w=1347974 throttle=8277 err=0 lost=0]
[TM INFO] Cycle 2500: pages=160 faults=0 migrations=0 pebs[samples=7079785 r=5680339 w=1399446 throttle=8770 err=0 lost=0]
[TM INFO] Cycle 2600: pages=160 faults=0 migrations=0 pebs[samples=7383997 r=5930970 w=1453028 throttle=9274 err=0 lost=0]
[TM INFO] Cycle 2700: pages=160 faults=0 migrations=0 pebs[samples=7685436 r=6180701 w=1504735 throttle=9786 err=0 lost=0]
[TM INFO] Cycle 2800: pages=160 faults=0 migrations=0 pebs[samples=7987100 r=6431142 w=1555958 throttle=10285 err=0 lost=0]
[TM INFO] Cycle 2900: pages=160 faults=0 migrations=0 pebs[samples=8299320 r=6686552 w=1612768 throttle=10801 err=0 lost=0]
[TM INFO] Cycle 3000: pages=160 faults=0 migrations=0 pebs[samples=8609052 r=6943138 w=1665914 throttle=11338 err=0 lost=0]
[TM INFO] Cycle 3100: pages=160 faults=0 migrations=0 pebs[samples=8920462 r=7198947 w=1721515 throttle=11857 err=0 lost=0]
[TM INFO] Cycle 3200: pages=160 faults=0 migrations=0 pebs[samples=9240595 r=7460602 w=1779993 throttle=12395 err=0 lost=0]
[TM INFO] Cycle 3300: pages=160 faults=0 migrations=0 pebs[samples=9552253 r=7718749 w=1833504 throttle=12943 err=0 lost=0]
[TM INFO] Cycle 3400: pages=160 faults=0 migrations=0 pebs[samples=9872093 r=7981531 w=1890562 throttle=13494 err=0 lost=0]
[TM INFO] Cycle 3500: pages=160 faults=0 migrations=0 pebs[samples=10189188 r=8245098 w=1944090 throttle=14040 err=0 lost=0]
[TM INFO] Cycle 3600: pages=160 faults=0 migrations=0 pebs[samples=10510149 r=8512250 w=1997899 throttle=14605 err=0 lost=0]
[TM INFO] Cycle 3700: pages=160 faults=0 migrations=0 pebs[samples=10839638 r=8782135 w=2057503 throttle=15173 err=0 lost=0]
[TM INFO] Cycle 3800: pages=160 faults=0 migrations=0 pebs[samples=11166557 r=9052018 w=2114539 throttle=15756 err=0 lost=0]
[TM INFO] Cycle 3900: pages=160 faults=0 migrations=0 pebs[samples=11491568 r=9323135 w=2168433 throttle=16340 err=0 lost=0]
[TM INFO] Cycle 4000: pages=160 faults=0 migrations=0 pebs[samples=11822479 r=9597244 w=2225235 throttle=16948 err=0 lost=0]
[TM INFO] Cycle 4100: pages=160 faults=0 migrations=0 pebs[samples=12156659 r=9872835 w=2283824 throttle=17554 err=0 lost=0]
[TM INFO] Cycle 4200: pages=160 faults=0 migrations=0 pebs[samples=12493046 r=10149729 w=2343317 throttle=18154 err=0 lost=0]
[TM INFO] Cycle 4300: pages=160 faults=0 migrations=0 pebs[samples=12827190 r=10428295 w=2398895 throttle=18768 err=0 lost=0]
[TM INFO] Cycle 4400: pages=160 faults=0 migrations=0 pebs[samples=13166701 r=10707965 w=2458736 throttle=19384 err=0 lost=0]
[TM INFO] Cycle 4500: pages=160 faults=0 migrations=0 pebs[samples=13502586 r=10987388 w=2515199 throttle=20003 err=0 lost=0]
[TM INFO] Cycle 4600: pages=160 faults=0 migrations=0 pebs[samples=13842912 r=11270107 w=2572805 throttle=20631 err=0 lost=0]
[TM INFO] Cycle 4700: pages=160 faults=0 migrations=0 pebs[samples=14182631 r=11553530 w=2629101 throttle=21266 err=0 lost=0]
[TM INFO] Cycle 4800: pages=160 faults=0 migrations=0 pebs[samples=14530764 r=11841148 w=2689616 throttle=21899 err=0 lost=0]
[TM INFO] Cycle 4900: pages=160 faults=0 migrations=0 pebs[samples=14879780 r=12129167 w=2750613 throttle=22543 err=0 lost=0]
[TM INFO] Cycle 5000: pages=160 faults=0 migrations=0 pebs[samples=15229907 r=12418539 w=2811368 throttle=23196 err=0 lost=0]
[TM INFO] Cycle 5100: pages=160 faults=0 migrations=0 pebs[samples=15585719 r=12712711 w=2873008 throttle=23880 err=0 lost=0]
[TM INFO] Cycle 5200: pages=160 faults=0 migrations=0 pebs[samples=15945571 r=13008654 w=2936917 throttle=24528 err=0 lost=0]
[TM INFO] Cycle 5300: pages=160 faults=0 migrations=0 pebs[samples=16308179 r=13306828 w=3001351 throttle=25202 err=0 lost=0]
[TM INFO] Cycle 5400: pages=160 faults=0 migrations=0 pebs[samples=16672482 r=13607975 w=3064507 throttle=25905 err=0 lost=0]
before_accesses: 97315442
before_accesses: 97210569
before_accesses: 97968605
before_accesses: 98025210
[TM INFO] Unregistered region: 0x7f864579c000
[TM INFO] Shutting down tiered memory manager...
[TM INFO] Policy thread exiting
[TM INFO] Policy thread stopped
[TM INFO] UFFD handler thread exiting
[TM INFO] UFFD handler thread stopped
[TM INFO] PEBS totals: samples=16850514 reads=13754326 writes=3096188 throttles=26226 errors=0 lost=0
[TM INFO] Shutting down PEBS...
[TM INFO] Stopping PEBS sampling...
[TM INFO] PEBS collector thread stopped
[TM INFO] PEBS sampling stopped
[TM INFO] PEBS shutdown complete
[TM INFO] Final stats: faults=0, migrations=0, cycles=5454
[TM INFO] Userfaultfd cleaned up
[TM INFO] Page statistics cleaned up
[TM INFO] Shutdown complete
[TM INFO] mmap shim library unloaded
