[TM INFO] mmap shim library loaded
3500000000 updates per thread (4 threads)
field of 2^31 (2147483648) bytes
8 byte element size (268435456 elements total)
[TM INFO] Initializing tiered memory manager...
[TM INFO] TELEMETRY-ONLY mode: uffd paging + migrations disabled, PEBS tracking active
[TM INFO] Initialized tiers: DRAM=4GB, NVM=16GB
[TM INFO] UFFD write-protect tracking: enabled
[TM INFO] Userfaultfd initialized (fd=3)
[TM INFO] Initializing PEBS subsystem...
[TM INFO] Track admission threshold: 10 samples before a page enters the stats table
[TM INFO] PEBS: opening events on 144 CPUs (loads + stores)
[TM INFO] PEBS initialized successfully
[TM INFO] Starting PEBS sampling...
[TM INFO] PEBS sampling started
[TM INFO] PEBS hardware sampling enabled
[TM INFO] PEBS collector thread started
[TM INFO] UFFD handler thread started
[TM INFO] UFFD handler thread running
[TM INFO] CSV output: ml_dataset_gups_move_w0p25.csv
[TM INFO] Policy thread started
[TM INFO] Tiered memory manager initialized successfully
[TM INFO] Policy thread running (interval=10ms)
[TM INFO] Signal export cadence: 20 cycles (200 ms nominal)
[TM INFO] Registered region: 0x7f152938f000 + 2147483648 bytes (slot 0)
[TM INFO] Managed mmap region: 0x7f152938f000 + 2147483648
Init took 0.8240 seconds
Region address: 0x7f152938f000 - 0x7f15a938f000	 size: 2147483648
Elements per thread: 67108864
Initialization time: 0.8240 seconds.
LDOS_GEOMETRY region_base=0x7f152938f000 region_size=2147483648 slice_bytes=536870912 hot_bytes=131072 threads=4 elt_size=8
Timing.
[TM INFO] Cycle 100: pages=87 faults=0 migrations=0 pebs[samples=779946 r=742300 w=37647 throttle=353 err=0]
[TM INFO] Cycle 200: pages=128 faults=0 migrations=0 pebs[samples=1739053 r=1673916 w=65137 throttle=353 err=0]
[TM INFO] Cycle 300: pages=128 faults=0 migrations=0 pebs[samples=2759455 r=2663159 w=96296 throttle=377 err=0]
[TM INFO] Cycle 400: pages=128 faults=0 migrations=0 pebs[samples=3828796 r=3696276 w=132521 throttle=465 err=0]
[TM INFO] Cycle 500: pages=128 faults=0 migrations=0 pebs[samples=4933893 r=4759253 w=174640 throttle=579 err=0]
[TM INFO] Cycle 600: pages=128 faults=0 migrations=0 pebs[samples=6085892 r=5863487 w=222405 throttle=705 err=0]
[TM INFO] Cycle 700: pages=128 faults=0 migrations=0 pebs[samples=7272366 r=7005610 w=266756 throttle=878 err=0]
[TM INFO] Cycle 800: pages=128 faults=0 migrations=0 pebs[samples=8507371 r=8188670 w=318701 throttle=1163 err=0]
[TM INFO] Cycle 900: pages=128 faults=0 migrations=0 pebs[samples=9776375 r=9400055 w=376320 throttle=1585 err=0]
[TM INFO] Cycle 1000: pages=128 faults=0 migrations=0 pebs[samples=11077240 r=10643901 w=433339 throttle=2210 err=0]
[TM INFO] Cycle 1100: pages=128 faults=0 migrations=0 pebs[samples=12408610 r=11922840 w=485770 throttle=3057 err=0]
[TM INFO] Cycle 1200: pages=128 faults=0 migrations=0 pebs[samples=13792025 r=13244181 w=547845 throttle=3986 err=0]
[TM INFO] Cycle 1300: pages=128 faults=0 migrations=0 pebs[samples=15206870 r=14598815 w=608056 throttle=4951 err=0]
[TM INFO] Cycle 1400: pages=128 faults=0 migrations=0 pebs[samples=16699287 r=16028895 w=670392 throttle=5975 err=0]
[TM INFO] Cycle 1500: pages=128 faults=0 migrations=0 pebs[samples=18252076 r=17522235 w=729841 throttle=6989 err=0]
[TM INFO] Cycle 1600: pages=129 faults=0 migrations=0 pebs[samples=19885498 r=19098604 w=786894 throttle=7901 err=0]
[TM INFO] Cycle 1700: pages=130 faults=0 migrations=0 pebs[samples=21590124 r=20748896 w=841228 throttle=8751 err=0]
[TM INFO] Cycle 1800: pages=130 faults=0 migrations=0 pebs[samples=23366843 r=22467245 w=899599 throttle=9643 err=0]
[TM INFO] Cycle 1900: pages=134 faults=0 migrations=0 pebs[samples=25226920 r=24269344 w=957576 throttle=10303 err=0]
LDOS_GROUNDTRUTH move_ns=28630397776862 region_base=0x7f152938f000 region_size=2147483648 slice_bytes=536870912 hot_bytes=131072 tic=60
[TM INFO] Cycle 2000: pages=168 faults=0 migrations=0 pebs[samples=27092491 r=26071718 w=1020773 throttle=10481 err=0]
[TM INFO] Cycle 2100: pages=175 faults=0 migrations=0 pebs[samples=28901773 r=27813229 w=1088545 throttle=10655 err=0]
[TM INFO] Cycle 2200: pages=189 faults=0 migrations=0 pebs[samples=30746388 r=29598952 w=1147437 throttle=10819 err=0]
[TM INFO] Cycle 2300: pages=206 faults=0 migrations=0 pebs[samples=32637330 r=31434485 w=1202845 throttle=10962 err=0]
[TM INFO] Cycle 2400: pages=231 faults=0 migrations=0 pebs[samples=34566850 r=33304395 w=1262456 throttle=11115 err=0]
[TM INFO] Cycle 2500: pages=278 faults=0 migrations=0 pebs[samples=36529416 r=35197197 w=1332219 throttle=11265 err=0]
[TM INFO] Cycle 2600: pages=366 faults=0 migrations=0 pebs[samples=38517591 r=37116085 w=1401507 throttle=11439 err=0]
[TM INFO] Cycle 2700: pages=460 faults=0 migrations=0 pebs[samples=40505141 r=39034296 w=1470845 throttle=11613 err=0]
[TM INFO] Cycle 2800: pages=577 faults=0 migrations=0 pebs[samples=42553463 r=41007800 w=1545663 throttle=11759 err=0]
before_accesses: 904471501
before_accesses: 897485126
before_accesses: 896695673
before_accesses: 891845486
[TM INFO] Unregistered region: 0x7f152938f000
[TM INFO] Cycle 2900: pages=766 faults=0 migrations=0 pebs[samples=44416394 r=42792947 w=1623447 throttle=12001 err=0]
[TM INFO] Shutting down tiered memory manager...
[TM INFO] Policy thread exiting
[TM INFO] Policy thread stopped
[TM INFO] UFFD handler thread exiting
[TM INFO] UFFD handler thread stopped
[TM INFO] PEBS totals: samples=44423007 reads=42799382 writes=1623625 throttles=12002 errors=0
[TM INFO] Shutting down PEBS...
[TM INFO] Stopping PEBS sampling...
[TM INFO] PEBS collector thread stopped
[TM INFO] PEBS sampling stopped
[TM INFO] PEBS shutdown complete
[TM INFO] Final stats: faults=0, migrations=0, cycles=2914
[TM INFO] Userfaultfd cleaned up
[TM INFO] Page statistics cleaned up
[TM INFO] Shutdown complete
[TM INFO] mmap shim library unloaded
