[TM INFO] mmap shim library loaded
3500000000 updates per thread (4 threads)
field of 2^31 (2147483648) bytes
8 byte element size (268435456 elements total)
[TM INFO] Initializing tiered memory manager...
[TM INFO] TELEMETRY-ONLY mode: uffd paging + migrations disabled, PEBS tracking active
[TM INFO] Initialized tiers: DRAM=4GB, NVM=16GB
[TM INFO] UFFD write-protect tracking: enabled
[TM INFO] Userfaultfd initialized (fd=3)
[TM INFO] Initializing PEBS subsystem...
[TM INFO] Track admission threshold: 10 samples before a page enters the stats table
[TM INFO] PEBS: opening events on 144 CPUs (loads + stores)
[TM INFO] PEBS initialized successfully
[TM INFO] Starting PEBS sampling...
[TM INFO] PEBS sampling started
[TM INFO] PEBS hardware sampling enabled
[TM INFO] PEBS collector thread started
[TM INFO] UFFD handler thread started
[TM INFO] UFFD handler thread running
[TM INFO] CSV output: ml_dataset_gups_move_c200.csv
[TM INFO] Policy thread started
[TM INFO] Tiered memory manager initialized successfully
[TM INFO] Policy thread running (interval=10ms)
[TM INFO] Signal export cadence: 20 cycles (200 ms nominal)
[TM INFO] Registered region: 0x7f276e7a8000 + 2147483648 bytes (slot 0)
[TM INFO] Managed mmap region: 0x7f276e7a8000 + 2147483648
Init took 0.8264 seconds
Region address: 0x7f276e7a8000 - 0x7f27ee7a8000	 size: 2147483648
Elements per thread: 67108864
Initialization time: 0.8264 seconds.
LDOS_GEOMETRY region_base=0x7f276e7a8000 region_size=2147483648 slice_bytes=536870912 hot_bytes=131072 threads=4 elt_size=8
Timing.
[TM INFO] Cycle 100: pages=90 faults=0 migrations=0 pebs[samples=748593 r=717935 w=30658 throttle=347 err=0]
[TM INFO] Cycle 200: pages=128 faults=0 migrations=0 pebs[samples=1683410 r=1626207 w=57203 throttle=347 err=0]
[TM INFO] Cycle 300: pages=128 faults=0 migrations=0 pebs[samples=2717055 r=2623921 w=93134 throttle=353 err=0]
[TM INFO] Cycle 400: pages=128 faults=0 migrations=0 pebs[samples=3786850 r=3653173 w=133677 throttle=425 err=0]
[TM INFO] Cycle 500: pages=128 faults=0 migrations=0 pebs[samples=4904795 r=4722099 w=182696 throttle=531 err=0]
[TM INFO] Cycle 600: pages=128 faults=0 migrations=0 pebs[samples=6052146 r=5822956 w=229190 throttle=647 err=0]
[TM INFO] Cycle 700: pages=128 faults=0 migrations=0 pebs[samples=7253356 r=6967230 w=286126 throttle=803 err=0]
[TM INFO] Cycle 800: pages=128 faults=0 migrations=0 pebs[samples=8476262 r=8136603 w=339659 throttle=1155 err=0]
[TM INFO] Cycle 900: pages=128 faults=0 migrations=0 pebs[samples=9732793 r=9336856 w=395938 throttle=1675 err=0]
[TM INFO] Cycle 1000: pages=128 faults=0 migrations=0 pebs[samples=11012576 r=10562321 w=450256 throttle=2387 err=0]
[TM INFO] Cycle 1100: pages=128 faults=0 migrations=0 pebs[samples=12339329 r=11831216 w=508113 throttle=3245 err=0]
[TM INFO] Cycle 1200: pages=128 faults=0 migrations=0 pebs[samples=13692373 r=13123870 w=568503 throttle=4137 err=0]
[TM INFO] Cycle 1300: pages=128 faults=0 migrations=0 pebs[samples=15070226 r=14448648 w=621578 throttle=5057 err=0]
[TM INFO] Cycle 1400: pages=128 faults=0 migrations=0 pebs[samples=16509612 r=15825451 w=684161 throttle=6037 err=0]
[TM INFO] Cycle 1500: pages=129 faults=0 migrations=0 pebs[samples=18012920 r=17263627 w=749293 throttle=7073 err=0]
[TM INFO] Cycle 1600: pages=129 faults=0 migrations=0 pebs[samples=19586346 r=18777150 w=809196 throttle=8197 err=0]
[TM INFO] Cycle 1700: pages=129 faults=0 migrations=0 pebs[samples=21234055 r=20368296 w=865760 throttle=9343 err=0]
[TM INFO] Cycle 1800: pages=129 faults=0 migrations=0 pebs[samples=22944433 r=22022142 w=922292 throttle=10389 err=0]
[TM INFO] Cycle 1900: pages=131 faults=0 migrations=0 pebs[samples=24714023 r=23735741 w=978283 throttle=11393 err=0]
[TM INFO] Cycle 2000: pages=133 faults=0 migrations=0 pebs[samples=26561041 r=25516326 w=1044715 throttle=12370 err=0]
LDOS_GROUNDTRUTH move_ns=28418138798062 region_base=0x7f276e7a8000 region_size=2147483648 slice_bytes=536870912 hot_bytes=131072 tic=60
[TM INFO] Cycle 2100: pages=174 faults=0 migrations=0 pebs[samples=28310499 r=27202651 w=1107849 throttle=13339 err=0]
[TM INFO] Cycle 2200: pages=184 faults=0 migrations=0 pebs[samples=30116104 r=28937599 w=1178505 throttle=14106 err=0]
[TM INFO] Cycle 2300: pages=199 faults=0 migrations=0 pebs[samples=31960603 r=30718456 w=1242148 throttle=14441 err=0]
[TM INFO] Cycle 2400: pages=218 faults=0 migrations=0 pebs[samples=33852190 r=32537930 w=1314261 throttle=14610 err=0]
[TM INFO] Cycle 2500: pages=259 faults=0 migrations=0 pebs[samples=35787699 r=34410390 w=1377310 throttle=14774 err=0]
[TM INFO] Cycle 2600: pages=307 faults=0 migrations=0 pebs[samples=37740833 r=36293575 w=1447258 throttle=14933 err=0]
[TM INFO] Cycle 2700: pages=388 faults=0 migrations=0 pebs[samples=39731970 r=38211127 w=1520843 throttle=15087 err=0]
[TM INFO] Cycle 2800: pages=517 faults=0 migrations=0 pebs[samples=41729372 r=40111266 w=1618106 throttle=15240 err=0]
[TM INFO] Cycle 2900: pages=664 faults=0 migrations=0 pebs[samples=43732544 r=42022714 w=1709831 throttle=15414 err=0]
before_accesses: 905428579
before_accesses: 903635164
before_accesses: 902224536
before_accesses: 893643095
[TM INFO] Unregistered region: 0x7f276e7a8000
[TM INFO] Shutting down tiered memory manager...
[TM INFO] Policy thread exiting
[TM INFO] Policy thread stopped
[TM INFO] UFFD handler thread exiting
[TM INFO] UFFD handler thread stopped
[TM INFO] PEBS totals: samples=44618267 reads=42852990 writes=1765277 throttles=15852 errors=0
[TM INFO] Shutting down PEBS...
[TM INFO] Stopping PEBS sampling...
[TM INFO] PEBS collector thread stopped
[TM INFO] PEBS sampling stopped
[TM INFO] PEBS shutdown complete
[TM INFO] Final stats: faults=0, migrations=0, cycles=2970
[TM INFO] Userfaultfd cleaned up
[TM INFO] Page statistics cleaned up
[TM INFO] Shutdown complete
[TM INFO] mmap shim library unloaded
