[TM INFO] mmap shim library loaded
3500000000 updates per thread (4 threads)
field of 2^31 (2147483648) bytes
8 byte element size (268435456 elements total)
[TM INFO] Initializing tiered memory manager...
[TM INFO] TELEMETRY-ONLY mode: uffd paging + migrations disabled, PEBS tracking active
[TM INFO] Initialized tiers: DRAM=4GB, NVM=16GB
[TM INFO] UFFD write-protect tracking: enabled
[TM INFO] Userfaultfd initialized (fd=3)
[TM INFO] Initializing PEBS subsystem...
[TM INFO] Page sampling enabled: tracking 1 of every 128 pages
[TM INFO] Track admission threshold: 3 samples before a page enters the stats table
[TM INFO] PEBS: opening events on 144 CPUs (loads + stores)
[TM INFO] PEBS initialized successfully
[TM INFO] Starting PEBS sampling...
[TM INFO] PEBS sampling started
[TM INFO] PEBS hardware sampling enabled
[TM INFO] PEBS collector thread started
[TM INFO] UFFD handler thread started
[TM INFO] UFFD handler thread running
[TM INFO] CSV output: ml_dataset_gups_move_w0p25.csv
[TM INFO] Policy thread started
[TM INFO] Tiered memory manager initialized successfully
[TM INFO] Policy thread running (interval=10ms)
[TM INFO] Signal export cadence: 20 cycles (200 ms nominal)
[TM INFO] Registered region: 0x7f2186180000 + 2147483648 bytes (slot 0)
[TM INFO] Managed mmap region: 0x7f2186180000 + 2147483648
Init took 0.8079 seconds
Region address: 0x7f2186180000 - 0x7f2206180000	 size: 2147483648
Elements per thread: 67108864
Initialization time: 0.8079 seconds.
LDOS_GEOMETRY region_base=0x7f2186180000 region_size=2147483648 slice_bytes=536870912 hot_bytes=131072 threads=4 elt_size=8
Timing.
[TM INFO] Cycle 100: pages=4 faults=0 migrations=0 pebs[samples=455 r=427 w=28 throttle=341 err=0]
[TM INFO] Cycle 200: pages=4 faults=0 migrations=0 pebs[samples=886 r=852 w=34 throttle=341 err=0]
[TM INFO] Cycle 300: pages=6 faults=0 migrations=0 pebs[samples=1294 r=1257 w=37 throttle=341 err=0]
[TM INFO] Cycle 400: pages=11 faults=0 migrations=0 pebs[samples=1721 r=1675 w=46 throttle=341 err=0]
[TM INFO] Cycle 500: pages=15 faults=0 migrations=0 pebs[samples=2124 r=2073 w=51 throttle=341 err=0]
[TM INFO] Cycle 600: pages=22 faults=0 migrations=0 pebs[samples=2529 r=2471 w=58 throttle=341 err=0]
[TM INFO] Cycle 700: pages=31 faults=0 migrations=0 pebs[samples=2947 r=2887 w=60 throttle=341 err=0]
[TM INFO] Cycle 800: pages=39 faults=0 migrations=0 pebs[samples=3365 r=3304 w=61 throttle=341 err=0]
[TM INFO] Cycle 900: pages=47 faults=0 migrations=0 pebs[samples=3778 r=3714 w=64 throttle=341 err=0]
[TM INFO] Cycle 1000: pages=53 faults=0 migrations=0 pebs[samples=4190 r=4118 w=72 throttle=341 err=0]
[TM INFO] Cycle 1100: pages=65 faults=0 migrations=0 pebs[samples=4583 r=4508 w=75 throttle=341 err=0]
[TM INFO] Cycle 1200: pages=85 faults=0 migrations=0 pebs[samples=5012 r=4933 w=79 throttle=341 err=0]
[TM INFO] Cycle 1300: pages=98 faults=0 migrations=0 pebs[samples=5440 r=5357 w=83 throttle=341 err=0]
[TM INFO] Cycle 1400: pages=115 faults=0 migrations=0 pebs[samples=5913 r=5827 w=86 throttle=341 err=0]
[TM INFO] Cycle 1500: pages=132 faults=0 migrations=0 pebs[samples=6377 r=6288 w=89 throttle=341 err=0]
[TM INFO] Cycle 1600: pages=152 faults=0 migrations=0 pebs[samples=6842 r=6751 w=91 throttle=341 err=0]
[TM INFO] Cycle 1700: pages=171 faults=0 migrations=0 pebs[samples=7285 r=7190 w=95 throttle=341 err=0]
[TM INFO] Cycle 1800: pages=193 faults=0 migrations=0 pebs[samples=7760 r=7665 w=95 throttle=341 err=0]
[TM INFO] Cycle 1900: pages=216 faults=0 migrations=0 pebs[samples=8238 r=8134 w=104 throttle=341 err=0]
[TM INFO] Cycle 2000: pages=248 faults=0 migrations=0 pebs[samples=8723 r=8603 w=120 throttle=341 err=0]
[TM INFO] Cycle 2100: pages=280 faults=0 migrations=0 pebs[samples=9230 r=9110 w=120 throttle=341 err=0]
[TM INFO] Cycle 2200: pages=307 faults=0 migrations=0 pebs[samples=9714 r=9588 w=126 throttle=341 err=0]
[TM INFO] Cycle 2300: pages=340 faults=0 migrations=0 pebs[samples=10222 r=10094 w=128 throttle=341 err=0]
[TM INFO] Cycle 2400: pages=369 faults=0 migrations=0 pebs[samples=10740 r=10612 w=128 throttle=341 err=0]
[TM INFO] Cycle 2500: pages=409 faults=0 migrations=0 pebs[samples=11291 r=11155 w=136 throttle=341 err=0]
[TM INFO] Cycle 2600: pages=447 faults=0 migrations=0 pebs[samples=11862 r=11721 w=141 throttle=341 err=0]
[TM INFO] Cycle 2700: pages=490 faults=0 migrations=0 pebs[samples=12416 r=12273 w=143 throttle=341 err=0]
[TM INFO] Cycle 2800: pages=528 faults=0 migrations=0 pebs[samples=12960 r=12815 w=145 throttle=341 err=0]
[TM INFO] Cycle 2900: pages=573 faults=0 migrations=0 pebs[samples=13524 r=13378 w=146 throttle=341 err=0]
[TM INFO] Cycle 3000: pages=628 faults=0 migrations=0 pebs[samples=14132 r=13979 w=153 throttle=343 err=0]
[TM INFO] Cycle 3100: pages=667 faults=0 migrations=0 pebs[samples=14717 r=14561 w=156 throttle=345 err=0]
[TM INFO] Cycle 3200: pages=705 faults=0 migrations=0 pebs[samples=15325 r=15167 w=158 throttle=353 err=0]
[TM INFO] Cycle 3300: pages=755 faults=0 migrations=0 pebs[samples=15941 r=15782 w=159 throttle=355 err=0]
[TM INFO] Cycle 3400: pages=805 faults=0 migrations=0 pebs[samples=16575 r=16414 w=161 throttle=361 err=0]
[TM INFO] Cycle 3500: pages=850 faults=0 migrations=0 pebs[samples=17201 r=17040 w=161 throttle=367 err=0]
[TM INFO] Cycle 3600: pages=897 faults=0 migrations=0 pebs[samples=17855 r=17692 w=163 throttle=379 err=0]
[TM INFO] Cycle 3700: pages=934 faults=0 migrations=0 pebs[samples=18531 r=18364 w=167 throttle=389 err=0]
LDOS_GROUNDTRUTH move_ns=6040855276673 region_base=0x7f2186180000 region_size=2147483648 slice_bytes=536870912 hot_bytes=131072 tic=60
[TM INFO] Cycle 3800: pages=987 faults=0 migrations=0 pebs[samples=19241 r=19072 w=169 throttle=403 err=0]
[TM INFO] Cycle 3900: pages=1058 faults=0 migrations=0 pebs[samples=19910 r=19739 w=171 throttle=413 err=0]
[TM INFO] Cycle 4000: pages=1124 faults=0 migrations=0 pebs[samples=20602 r=20427 w=175 throttle=423 err=0]
[TM INFO] Cycle 4100: pages=1177 faults=0 migrations=0 pebs[samples=21267 r=21088 w=179 throttle=437 err=0]
[TM INFO] Cycle 4200: pages=1222 faults=0 migrations=0 pebs[samples=22028 r=21849 w=179 throttle=449 err=0]
[TM INFO] Cycle 4300: pages=1276 faults=0 migrations=0 pebs[samples=22765 r=22580 w=185 throttle=465 err=0]
[TM INFO] Cycle 4400: pages=1338 faults=0 migrations=0 pebs[samples=23541 r=23345 w=196 throttle=481 err=0]
[TM INFO] Cycle 4500: pages=1395 faults=0 migrations=0 pebs[samples=24347 r=24149 w=198 throttle=503 err=0]
[TM INFO] Cycle 4600: pages=1457 faults=0 migrations=0 pebs[samples=25149 r=24943 w=206 throttle=525 err=0]
[TM INFO] Cycle 4700: pages=1522 faults=0 migrations=0 pebs[samples=25922 r=25715 w=207 throttle=557 err=0]
[TM INFO] Cycle 4800: pages=1576 faults=0 migrations=0 pebs[samples=26736 r=26525 w=211 throttle=591 err=0]
[TM INFO] Cycle 4900: pages=1639 faults=0 migrations=0 pebs[samples=27584 r=27368 w=216 throttle=627 err=0]
[TM INFO] Cycle 5000: pages=1709 faults=0 migrations=0 pebs[samples=28454 r=28236 w=218 throttle=669 err=0]
[TM INFO] Cycle 5100: pages=1762 faults=0 migrations=0 pebs[samples=29260 r=29040 w=220 throttle=711 err=0]
[TM INFO] Cycle 5200: pages=1806 faults=0 migrations=0 pebs[samples=30047 r=29827 w=220 throttle=789 err=0]
[TM INFO] Cycle 5300: pages=1870 faults=0 migrations=0 pebs[samples=30928 r=30701 w=227 throttle=863 err=0]
[TM INFO] Cycle 5400: pages=1920 faults=0 migrations=0 pebs[samples=31820 r=31590 w=230 throttle=912 err=0]
[TM INFO] Cycle 5500: pages=1977 faults=0 migrations=0 pebs[samples=32696 r=32456 w=240 throttle=959 err=0]
[TM INFO] Cycle 5600: pages=2034 faults=0 migrations=0 pebs[samples=33523 r=33279 w=244 throttle=1015 err=0]
[TM INFO] Cycle 5700: pages=2075 faults=0 migrations=0 pebs[samples=34424 r=34174 w=250 throttle=1077 err=0]
[TM INFO] Cycle 5800: pages=2123 faults=0 migrations=0 pebs[samples=35304 r=35051 w=253 throttle=1146 err=0]
[TM INFO] Cycle 5900: pages=2177 faults=0 migrations=0 pebs[samples=36199 r=35942 w=257 throttle=1213 err=0]
[TM INFO] Cycle 6000: pages=2246 faults=0 migrations=0 pebs[samples=37161 r=36901 w=260 throttle=1278 err=0]
[TM INFO] Cycle 6100: pages=2296 faults=0 migrations=0 pebs[samples=38119 r=37853 w=266 throttle=1345 err=0]
before_accesses: 908814797
before_accesses: 908102777
before_accesses: 906223980
[TM INFO] Cycle 6200: pages=2322 faults=0 migrations=0 pebs[samples=39001 r=38727 w=274 throttle=1419 err=0]
before_accesses: 896665643
[TM INFO] Unregistered region: 0x7f2186180000
[TM INFO] Shutting down tiered memory manager...
[TM INFO] Policy thread exiting
[TM INFO] Policy thread stopped
[TM INFO] UFFD handler thread exiting
[TM INFO] UFFD handler thread stopped
[TM INFO] PEBS totals: samples=39192 reads=38918 writes=274 throttles=1439 errors=0
[TM INFO] Shutting down PEBS...
[TM INFO] Stopping PEBS sampling...
[TM INFO] PEBS collector thread stopped
[TM INFO] PEBS sampling stopped
[TM INFO] PEBS shutdown complete
[TM INFO] Final stats: faults=0, migrations=0, cycles=6239
[TM INFO] Userfaultfd cleaned up
[TM INFO] Page statistics cleaned up
[TM INFO] Shutdown complete
[TM INFO] mmap shim library unloaded
