[TM INFO] mmap shim library loaded
3500000000 updates per thread (4 threads)
field of 2^31 (2147483648) bytes
8 byte element size (268435456 elements total)
[TM INFO] Initializing tiered memory manager...
[TM INFO] TELEMETRY-ONLY mode: uffd paging + migrations disabled, PEBS tracking active
[TM INFO] Initialized tiers: DRAM=4GB, NVM=16GB
[TM INFO] UFFD write-protect tracking: enabled
[TM INFO] Userfaultfd initialized (fd=3)
[TM INFO] Initializing PEBS subsystem...
[TM INFO] Page sampling enabled: tracking 1 of every 128 pages
[TM INFO] Track admission threshold: 3 samples before a page enters the stats table
[TM INFO] PEBS: opening events on 144 CPUs (loads + stores)
[TM INFO] PEBS initialized successfully
[TM INFO] Starting PEBS sampling...
[TM INFO] PEBS sampling started
[TM INFO] PEBS hardware sampling enabled
[TM INFO] PEBS collector thread started
[TM INFO] UFFD handler thread started
[TM INFO] UFFD handler thread running
[TM INFO] CSV output: ml_dataset_gups_move_w0p5.csv
[TM INFO] Policy thread started
[TM INFO] Tiered memory manager initialized successfully
[TM INFO] Policy thread running (interval=10ms)
[TM INFO] Signal export cadence: 20 cycles (200 ms nominal)
[TM INFO] Registered region: 0x7facec8f2000 + 2147483648 bytes (slot 0)
[TM INFO] Managed mmap region: 0x7facec8f2000 + 2147483648
Init took 0.8115 seconds
Region address: 0x7facec8f2000 - 0x7fad6c8f2000	 size: 2147483648
Elements per thread: 67108864
Initialization time: 0.8116 seconds.
LDOS_GEOMETRY region_base=0x7facec8f2000 region_size=2147483648 slice_bytes=536870912 hot_bytes=131072 threads=4 elt_size=8
Timing.
[TM INFO] Cycle 100: pages=4 faults=0 migrations=0 pebs[samples=470 r=401 w=69 throttle=350 err=0]
[TM INFO] Cycle 200: pages=4 faults=0 migrations=0 pebs[samples=869 r=795 w=74 throttle=350 err=0]
[TM INFO] Cycle 300: pages=5 faults=0 migrations=0 pebs[samples=1289 r=1212 w=77 throttle=350 err=0]
[TM INFO] Cycle 400: pages=6 faults=0 migrations=0 pebs[samples=1678 r=1601 w=77 throttle=350 err=0]
[TM INFO] Cycle 500: pages=8 faults=0 migrations=0 pebs[samples=2098 r=2020 w=78 throttle=350 err=0]
[TM INFO] Cycle 600: pages=12 faults=0 migrations=0 pebs[samples=2504 r=2425 w=79 throttle=350 err=0]
[TM INFO] Cycle 700: pages=17 faults=0 migrations=0 pebs[samples=2900 r=2820 w=80 throttle=350 err=0]
[TM INFO] Cycle 800: pages=24 faults=0 migrations=0 pebs[samples=3321 r=3239 w=82 throttle=350 err=0]
[TM INFO] Cycle 900: pages=28 faults=0 migrations=0 pebs[samples=3728 r=3642 w=86 throttle=350 err=0]
[TM INFO] Cycle 1000: pages=46 faults=0 migrations=0 pebs[samples=4136 r=4049 w=87 throttle=350 err=0]
[TM INFO] Cycle 1100: pages=57 faults=0 migrations=0 pebs[samples=4531 r=4441 w=90 throttle=350 err=0]
[TM INFO] Cycle 1200: pages=67 faults=0 migrations=0 pebs[samples=4898 r=4807 w=91 throttle=350 err=0]
[TM INFO] Cycle 1300: pages=78 faults=0 migrations=0 pebs[samples=5292 r=5198 w=94 throttle=350 err=0]
[TM INFO] Cycle 1400: pages=96 faults=0 migrations=0 pebs[samples=5724 r=5624 w=100 throttle=350 err=0]
[TM INFO] Cycle 1500: pages=116 faults=0 migrations=0 pebs[samples=6148 r=6048 w=100 throttle=350 err=0]
[TM INFO] Cycle 1600: pages=137 faults=0 migrations=0 pebs[samples=6580 r=6467 w=113 throttle=350 err=0]
[TM INFO] Cycle 1700: pages=157 faults=0 migrations=0 pebs[samples=6999 r=6886 w=113 throttle=350 err=0]
[TM INFO] Cycle 1800: pages=179 faults=0 migrations=0 pebs[samples=7419 r=7303 w=116 throttle=350 err=0]
[TM INFO] Cycle 1900: pages=209 faults=0 migrations=0 pebs[samples=7843 r=7722 w=121 throttle=350 err=0]
[TM INFO] Cycle 2000: pages=241 faults=0 migrations=0 pebs[samples=8233 r=8109 w=124 throttle=350 err=0]
[TM INFO] Cycle 2100: pages=267 faults=0 migrations=0 pebs[samples=8667 r=8537 w=130 throttle=350 err=0]
[TM INFO] Cycle 2200: pages=298 faults=0 migrations=0 pebs[samples=9063 r=8933 w=130 throttle=350 err=0]
[TM INFO] Cycle 2300: pages=327 faults=0 migrations=0 pebs[samples=9502 r=9371 w=131 throttle=350 err=0]
[TM INFO] Cycle 2400: pages=368 faults=0 migrations=0 pebs[samples=9946 r=9810 w=136 throttle=350 err=0]
[TM INFO] Cycle 2500: pages=400 faults=0 migrations=0 pebs[samples=10379 r=10243 w=136 throttle=350 err=0]
[TM INFO] Cycle 2600: pages=442 faults=0 migrations=0 pebs[samples=10801 r=10663 w=138 throttle=350 err=0]
[TM INFO] Cycle 2700: pages=482 faults=0 migrations=0 pebs[samples=11236 r=11095 w=141 throttle=350 err=0]
[TM INFO] Cycle 2800: pages=518 faults=0 migrations=0 pebs[samples=11632 r=11489 w=143 throttle=350 err=0]
[TM INFO] Cycle 2900: pages=558 faults=0 migrations=0 pebs[samples=12069 r=11921 w=148 throttle=350 err=0]
[TM INFO] Cycle 3000: pages=596 faults=0 migrations=0 pebs[samples=12486 r=12338 w=148 throttle=354 err=0]
[TM INFO] Cycle 3100: pages=637 faults=0 migrations=0 pebs[samples=12937 r=12783 w=154 throttle=354 err=0]
[TM INFO] Cycle 3200: pages=685 faults=0 migrations=0 pebs[samples=13366 r=13209 w=157 throttle=360 err=0]
[TM INFO] Cycle 3300: pages=739 faults=0 migrations=0 pebs[samples=13797 r=13636 w=161 throttle=364 err=0]
[TM INFO] Cycle 3400: pages=781 faults=0 migrations=0 pebs[samples=14232 r=14066 w=166 throttle=370 err=0]
[TM INFO] Cycle 3500: pages=832 faults=0 migrations=0 pebs[samples=14659 r=14493 w=166 throttle=378 err=0]
[TM INFO] Cycle 3600: pages=873 faults=0 migrations=0 pebs[samples=15074 r=14907 w=167 throttle=388 err=0]
[TM INFO] Cycle 3700: pages=924 faults=0 migrations=0 pebs[samples=15509 r=15340 w=169 throttle=396 err=0]
LDOS_GROUNDTRUTH move_ns=6146463312352 region_base=0x7facec8f2000 region_size=2147483648 slice_bytes=536870912 hot_bytes=131072 tic=60
[TM INFO] Cycle 3800: pages=977 faults=0 migrations=0 pebs[samples=17527 r=17358 w=169 throttle=406 err=0]
[TM INFO] Cycle 3900: pages=1057 faults=0 migrations=0 pebs[samples=23202 r=22978 w=224 throttle=420 err=0]
[TM INFO] Cycle 4000: pages=1110 faults=0 migrations=0 pebs[samples=28817 r=28538 w=279 throttle=432 err=0]
[TM INFO] Cycle 4100: pages=1161 faults=0 migrations=0 pebs[samples=34491 r=34067 w=424 throttle=444 err=0]
[TM INFO] Cycle 4200: pages=1217 faults=0 migrations=0 pebs[samples=40230 r=39778 w=452 throttle=458 err=0]
[TM INFO] Cycle 4300: pages=1276 faults=0 migrations=0 pebs[samples=45998 r=45400 w=598 throttle=472 err=0]
[TM INFO] Cycle 4400: pages=1327 faults=0 migrations=0 pebs[samples=51781 r=51033 w=748 throttle=492 err=0]
[TM INFO] Cycle 4500: pages=1387 faults=0 migrations=0 pebs[samples=57802 r=56801 w=1001 throttle=514 err=0]
[TM INFO] Cycle 4600: pages=1452 faults=0 migrations=0 pebs[samples=63577 r=62506 w=1071 throttle=543 err=0]
[TM INFO] Cycle 4700: pages=1503 faults=0 migrations=0 pebs[samples=69337 r=68235 w=1102 throttle=572 err=0]
[TM INFO] Cycle 4800: pages=1571 faults=0 migrations=0 pebs[samples=75198 r=74018 w=1180 throttle=610 err=0]
[TM INFO] Cycle 4900: pages=1643 faults=0 migrations=0 pebs[samples=81073 r=79795 w=1278 throttle=650 err=0]
[TM INFO] Cycle 5000: pages=1705 faults=0 migrations=0 pebs[samples=86945 r=85584 w=1361 throttle=692 err=0]
[TM INFO] Cycle 5100: pages=1764 faults=0 migrations=0 pebs[samples=92686 r=91325 w=1361 throttle=743 err=0]
[TM INFO] Cycle 5200: pages=1827 faults=0 migrations=0 pebs[samples=98495 r=97082 w=1413 throttle=786 err=0]
[TM INFO] Cycle 5300: pages=1891 faults=0 migrations=0 pebs[samples=104310 r=102864 w=1446 throttle=836 err=0]
[TM INFO] Cycle 5400: pages=1958 faults=0 migrations=0 pebs[samples=110389 r=108727 w=1662 throttle=896 err=0]
[TM INFO] Cycle 5500: pages=2015 faults=0 migrations=0 pebs[samples=116361 r=114697 w=1664 throttle=956 err=0]
[TM INFO] Cycle 5600: pages=2060 faults=0 migrations=0 pebs[samples=122469 r=120637 w=1832 throttle=1014 err=0]
[TM INFO] Cycle 5700: pages=2102 faults=0 migrations=0 pebs[samples=128329 r=126494 w=1835 throttle=1082 err=0]
[TM INFO] Cycle 5800: pages=2157 faults=0 migrations=0 pebs[samples=134249 r=132377 w=1872 throttle=1143 err=0]
[TM INFO] Cycle 5900: pages=2205 faults=0 migrations=0 pebs[samples=140306 r=138275 w=2031 throttle=1215 err=0]
[TM INFO] Cycle 6000: pages=2256 faults=0 migrations=0 pebs[samples=146051 r=143941 w=2110 throttle=1292 err=0]
[TM INFO] Cycle 6100: pages=2313 faults=0 migrations=0 pebs[samples=152026 r=149875 w=2151 throttle=1362 err=0]
before_accesses: 909550547
before_accesses: 905598588
before_accesses: 897766807
[TM INFO] Cycle 6200: pages=2349 faults=0 migrations=0 pebs[samples=156080 r=153925 w=2155 throttle=1436 err=0]
before_accesses: 894845583
[TM INFO] Unregistered region: 0x7facec8f2000
[TM INFO] Shutting down tiered memory manager...
[TM INFO] Policy thread exiting
[TM INFO] Policy thread stopped
[TM INFO] UFFD handler thread exiting
[TM INFO] UFFD handler thread stopped
[TM INFO] PEBS totals: samples=156398 reads=154243 writes=2155 throttles=1456 errors=0
[TM INFO] Shutting down PEBS...
[TM INFO] Stopping PEBS sampling...
[TM INFO] PEBS collector thread stopped
[TM INFO] PEBS sampling stopped
[TM INFO] PEBS shutdown complete
[TM INFO] Final stats: faults=0, migrations=0, cycles=6234
[TM INFO] Userfaultfd cleaned up
[TM INFO] Page statistics cleaned up
[TM INFO] Shutdown complete
[TM INFO] mmap shim library unloaded
