[TM INFO] mmap shim library loaded
3500000000 updates per thread (4 threads)
field of 2^31 (2147483648) bytes
8 byte element size (268435456 elements total)
[TM INFO] Initializing tiered memory manager...
[TM INFO] TELEMETRY-ONLY mode: uffd paging + migrations disabled, PEBS tracking active
[TM INFO] Initialized tiers: DRAM=4GB, NVM=16GB
[TM INFO] UFFD write-protect tracking: enabled
[TM INFO] Userfaultfd initialized (fd=3)
[TM INFO] Initializing PEBS subsystem...
[TM INFO] Track admission threshold: 10 samples before a page enters the stats table
[TM INFO] PEBS: opening events on 144 CPUs (loads + stores)
[TM INFO] PEBS initialized successfully
[TM INFO] Starting PEBS sampling...
[TM INFO] PEBS sampling started
[TM INFO] PEBS hardware sampling enabled
[TM INFO] PEBS collector thread started
[TM INFO] UFFD handler thread started
[TM INFO] UFFD handler thread running
[TM INFO] CSV output: ml_dataset_gups_move_c50.csv
[TM INFO] Policy thread started
[TM INFO] Tiered memory manager initialized successfully
[TM INFO] Policy thread running (interval=10ms)
[TM INFO] Signal export cadence: 5 cycles (50 ms nominal)
[TM INFO] Registered region: 0x7f22c542e000 + 2147483648 bytes (slot 0)
[TM INFO] Managed mmap region: 0x7f22c542e000 + 2147483648
Init took 0.8278 seconds
Region address: 0x7f22c542e000 - 0x7f234542e000	 size: 2147483648
Elements per thread: 67108864
Initialization time: 0.8278 seconds.
LDOS_GEOMETRY region_base=0x7f22c542e000 region_size=2147483648 slice_bytes=536870912 hot_bytes=131072 threads=4 elt_size=8
Timing.
[TM INFO] Cycle 100: pages=100 faults=0 migrations=0 pebs[samples=817044 r=786122 w=30922 throttle=342 err=0]
[TM INFO] Cycle 200: pages=128 faults=0 migrations=0 pebs[samples=1780363 r=1724253 w=56110 throttle=346 err=0]
[TM INFO] Cycle 300: pages=128 faults=0 migrations=0 pebs[samples=2799544 r=2711802 w=87742 throttle=416 err=0]
[TM INFO] Cycle 400: pages=128 faults=0 migrations=0 pebs[samples=3866933 r=3742535 w=124398 throttle=528 err=0]
[TM INFO] Cycle 500: pages=128 faults=0 migrations=0 pebs[samples=4972158 r=4806070 w=166089 throttle=662 err=0]
[TM INFO] Cycle 600: pages=128 faults=0 migrations=0 pebs[samples=6122054 r=5910339 w=211715 throttle=870 err=0]
[TM INFO] Cycle 700: pages=128 faults=0 migrations=0 pebs[samples=7305144 r=7048169 w=256976 throttle=1226 err=0]
[TM INFO] Cycle 800: pages=128 faults=0 migrations=0 pebs[samples=8544898 r=8231642 w=313256 throttle=1651 err=0]
[TM INFO] Cycle 900: pages=128 faults=0 migrations=0 pebs[samples=9804523 r=9434622 w=369902 throttle=2362 err=0]
[TM INFO] Cycle 1000: pages=128 faults=0 migrations=0 pebs[samples=11057384 r=10633094 w=424290 throttle=3192 err=0]
[TM INFO] Cycle 1100: pages=128 faults=0 migrations=0 pebs[samples=12306802 r=11827415 w=479387 throttle=4052 err=0]
[TM INFO] Cycle 1200: pages=128 faults=0 migrations=0 pebs[samples=13574761 r=13044750 w=530011 throttle=4933 err=0]
[TM INFO] Cycle 1300: pages=128 faults=0 migrations=0 pebs[samples=14881030 r=14294129 w=586901 throttle=5853 err=0]
[TM INFO] Cycle 1400: pages=128 faults=0 migrations=0 pebs[samples=16214053 r=15566885 w=647168 throttle=6802 err=0]
[TM INFO] Cycle 1500: pages=128 faults=0 migrations=0 pebs[samples=17584472 r=16880194 w=704278 throttle=7792 err=0]
[TM INFO] Cycle 1600: pages=128 faults=0 migrations=0 pebs[samples=18991706 r=18238665 w=753041 throttle=8841 err=0]
[TM INFO] Cycle 1700: pages=128 faults=0 migrations=0 pebs[samples=20472296 r=19663954 w=808342 throttle=9962 err=0]
[TM INFO] Cycle 1800: pages=128 faults=0 migrations=0 pebs[samples=22001125 r=21140158 w=860967 throttle=11134 err=0]
[TM INFO] Cycle 1900: pages=128 faults=0 migrations=0 pebs[samples=23595689 r=22679224 w=916466 throttle=12380 err=0]
[TM INFO] Cycle 2000: pages=130 faults=0 migrations=0 pebs[samples=25210768 r=24250508 w=960261 throttle=13654 err=0]
LDOS_GROUNDTRUTH move_ns=28186147318068 region_base=0x7f22c542e000 region_size=2147483648 slice_bytes=536870912 hot_bytes=131072 tic=60
[TM INFO] Cycle 2100: pages=163 faults=0 migrations=0 pebs[samples=26804631 r=25792369 w=1012262 throttle=14878 err=0]
[TM INFO] Cycle 2200: pages=165 faults=0 migrations=0 pebs[samples=28376493 r=27319150 w=1057343 throttle=16097 err=0]
[TM INFO] Cycle 2300: pages=171 faults=0 migrations=0 pebs[samples=30002002 r=28900628 w=1101375 throttle=17282 err=0]
[TM INFO] Cycle 2400: pages=180 faults=0 migrations=0 pebs[samples=31681917 r=30530416 w=1151502 throttle=18446 err=0]
[TM INFO] Cycle 2500: pages=201 faults=0 migrations=0 pebs[samples=33412178 r=32203895 w=1208283 throttle=19562 err=0]
[TM INFO] Cycle 2600: pages=224 faults=0 migrations=0 pebs[samples=35177664 r=33912477 w=1265187 throttle=20666 err=0]
[TM INFO] Cycle 2700: pages=268 faults=0 migrations=0 pebs[samples=36987438 r=35665919 w=1321519 throttle=21654 err=0]
[TM INFO] Cycle 2800: pages=333 faults=0 migrations=0 pebs[samples=38841577 r=37449945 w=1391632 throttle=22428 err=0]
[TM INFO] Cycle 2900: pages=440 faults=0 migrations=0 pebs[samples=40734416 r=39273150 w=1461266 throttle=22887 err=0]
[TM INFO] Cycle 3000: pages=545 faults=0 migrations=0 pebs[samples=42677055 r=41135103 w=1541953 throttle=23171 err=0]
before_accesses: 895253964
before_accesses: 893460305
before_accesses: 891889055
[TM INFO] Cycle 3100: pages=610 faults=0 migrations=0 pebs[samples=43876329 r=42256220 w=1620109 throttle=24204 err=0]
[TM INFO] Cycle 3200: pages=624 faults=0 migrations=0 pebs[samples=44567263 r=42870390 w=1696873 throttle=25759 err=0]
[TM INFO] Cycle 3300: pages=645 faults=0 migrations=0 pebs[samples=45249496 r=43484949 w=1764547 throttle=27301 err=0]
[TM INFO] Cycle 3400: pages=665 faults=0 migrations=0 pebs[samples=45937414 r=44099401 w=1838013 throttle=28855 err=0]
before_accesses: 790279330
[TM INFO] Unregistered region: 0x7f22c542e000
[TM INFO] Cycle 3500: pages=694 faults=0 migrations=0 pebs[samples=46628441 r=44703905 w=1924536 throttle=30390 err=0]
[TM INFO] Shutting down tiered memory manager...
[TM INFO] Policy thread exiting
[TM INFO] Policy thread stopped
[TM INFO] UFFD handler thread exiting
[TM INFO] UFFD handler thread stopped
[TM INFO] PEBS totals: samples=46638940 reads=44712610 writes=1926330 throttles=30404 errors=0
[TM INFO] Shutting down PEBS...
[TM INFO] Stopping PEBS sampling...
[TM INFO] PEBS collector thread stopped
[TM INFO] PEBS sampling stopped
[TM INFO] PEBS shutdown complete
[TM INFO] Final stats: faults=0, migrations=0, cycles=3512
[TM INFO] Userfaultfd cleaned up
[TM INFO] Page statistics cleaned up
[TM INFO] Shutdown complete
[TM INFO] mmap shim library unloaded
